<html>
<body>
<pre>
<h1>µVision Build Log</h1>
<h2>Tool Versions:</h2>
IDE-Version: ¦ÌVision V5.36.0.0
Copyright (C) 2021 ARM Ltd and ARM Germany GmbH. All rights reserved.
License Information: 1 1, 1, LIC=IK1BF-6GFLJ-74XS0-B8E6H-U5XIA-2TTDY
 
Tool Versions:
Toolchain:       MDK-ARM Plus  Version: 5.36.0.0
Toolchain Path:  C:\Keil_v5\ARM\ARMCLANG\Bin
C Compiler:      ArmClang.exe V6.16
Assembler:       Armasm.exe V6.16
Linker/Locator:  ArmLink.exe V6.16
Library Manager: ArmAr.exe V6.16
Hex Converter:   FromElf.exe V6.16
CPU DLL:         
Dialog DLL:      
Target DLL:      CMSIS_AGDI_V8M.DLL V1.7.0.0
Dialog DLL:      TCM.DLL V1.53.0.0
 
<h2>Project:</h2>
D:\fpga\AC201-SA5Z50-CM33\TEST1\CM33\CM33.uvprojx
Project File Date:  07/23/2024

<h2>Output:</h2>
*** Using Compiler 'V6.16', folder: 'C:\Keil_v5\ARM\ARMCLANG\Bin'
Build target 'Target 1'
compiling lcd.c...
linking...
Program Size: Code=5638 RO-data=3418 RW-data=24 ZI-data=4432  
After Build - User command #1: fromelf.exe D:\fpga\AC201-SA5Z50-CM33\TEST1\CM33\Objects\CM33.axf -c -d -e -s --output toFpga.lst
After Build - User command #2: fromelf.exe D:\fpga\AC201-SA5Z50-CM33\TEST1\CM33\Objects\CM33.axf --bin -o toFpga.bin
".\Objects\CM33.axf" - 0 Error(s), 0 Warning(s).

<h2>Software Packages used:</h2>

Package Vendor: ARM
                http://www.keil.com/pack/ARM.CMSIS.5.9.0.pack
                ARM.CMSIS.5.9.0
                CMSIS (Common Microcontroller Software Interface Standard)

<h2>Collection of Component include folders:</h2>
  C:\Users\t\AppData\Local\Arm\Packs\ARM\CMSIS\5.9.0\Device\ARM\ARMCM33\Include

<h2>Collection of Component Files used:</h2>
Build Time Elapsed:  00:00:00
</pre>
</body>
</html>
