<!doctype html public "-//w3c//dtd html 4.0 transitional//en">
<html><head>
<title>Static Call Graph - [.\Objects\CM33.axf]</title></head>
<body><HR>
<H1>Static Call Graph for image .\Objects\CM33.axf</H1><HR>
<BR><P>#&#060CALLGRAPH&#062# ARM Linker, 6160001: Last Updated: Thu Jul 18 23:32:05 2024
<BR><P>
<H3>Maximum Stack Usage =         24 bytes + Unknown(Cycles, Untraceable Function Pointers)</H3><H3>
Call chain for Maximum Stack Depth:</H3>
__rt_entry_main &rArr; main &rArr; puts
<P>
<H3>
Mutually Recursive functions
</H3> <LI><a href="#[2]">HardFault_Handler</a>&nbsp;&nbsp;&nbsp;&rArr;&nbsp;&nbsp;&nbsp;<a href="#[2]">HardFault_Handler</a><BR>
 <LI><a href="#[1]">NMI_Handler</a>&nbsp;&nbsp;&nbsp;&rArr;&nbsp;&nbsp;&nbsp;<a href="#[1]">NMI_Handler</a><BR>
 <LI><a href="#[3]">MemManage_Handler</a>&nbsp;&nbsp;&nbsp;&rArr;&nbsp;&nbsp;&nbsp;<a href="#[3]">MemManage_Handler</a><BR>
 <LI><a href="#[4]">BusFault_Handler</a>&nbsp;&nbsp;&nbsp;&rArr;&nbsp;&nbsp;&nbsp;<a href="#[4]">BusFault_Handler</a><BR>
 <LI><a href="#[5]">UsageFault_Handler</a>&nbsp;&nbsp;&nbsp;&rArr;&nbsp;&nbsp;&nbsp;<a href="#[5]">UsageFault_Handler</a><BR>
 <LI><a href="#[6]">SecureFault_Handler</a>&nbsp;&nbsp;&nbsp;&rArr;&nbsp;&nbsp;&nbsp;<a href="#[6]">SecureFault_Handler</a><BR>
 <LI><a href="#[7]">SVC_Handler</a>&nbsp;&nbsp;&nbsp;&rArr;&nbsp;&nbsp;&nbsp;<a href="#[7]">SVC_Handler</a><BR>
 <LI><a href="#[8]">DebugMon_Handler</a>&nbsp;&nbsp;&nbsp;&rArr;&nbsp;&nbsp;&nbsp;<a href="#[8]">DebugMon_Handler</a><BR>
 <LI><a href="#[9]">PendSV_Handler</a>&nbsp;&nbsp;&nbsp;&rArr;&nbsp;&nbsp;&nbsp;<a href="#[9]">PendSV_Handler</a><BR>
 <LI><a href="#[a]">SysTick_Handler</a>&nbsp;&nbsp;&nbsp;&rArr;&nbsp;&nbsp;&nbsp;<a href="#[a]">SysTick_Handler</a><BR>
 <LI><a href="#[b]">UART0_Handler</a>&nbsp;&nbsp;&nbsp;&rArr;&nbsp;&nbsp;&nbsp;<a href="#[b]">UART0_Handler</a><BR>
 <LI><a href="#[c]">ADC_Handler</a>&nbsp;&nbsp;&nbsp;&rArr;&nbsp;&nbsp;&nbsp;<a href="#[c]">ADC_Handler</a><BR>
 <LI><a href="#[d]">UART1_Handler</a>&nbsp;&nbsp;&nbsp;&rArr;&nbsp;&nbsp;&nbsp;<a href="#[d]">UART1_Handler</a><BR>
 <LI><a href="#[e]">DMACINTERR_Handler</a>&nbsp;&nbsp;&nbsp;&rArr;&nbsp;&nbsp;&nbsp;<a href="#[e]">DMACINTERR_Handler</a><BR>
 <LI><a href="#[f]">DMACINTTC_Handler</a>&nbsp;&nbsp;&nbsp;&rArr;&nbsp;&nbsp;&nbsp;<a href="#[f]">DMACINTTC_Handler</a><BR>
 <LI><a href="#[10]">DMACINTR_Handler</a>&nbsp;&nbsp;&nbsp;&rArr;&nbsp;&nbsp;&nbsp;<a href="#[10]">DMACINTR_Handler</a><BR>
 <LI><a href="#[11]">PORT0_COMB_Handler</a>&nbsp;&nbsp;&nbsp;&rArr;&nbsp;&nbsp;&nbsp;<a href="#[11]">PORT0_COMB_Handler</a><BR>
 <LI><a href="#[12]">ADC1_Handler</a>&nbsp;&nbsp;&nbsp;&rArr;&nbsp;&nbsp;&nbsp;<a href="#[12]">ADC1_Handler</a><BR>
 <LI><a href="#[13]">TIMER0_Handler</a>&nbsp;&nbsp;&nbsp;&rArr;&nbsp;&nbsp;&nbsp;<a href="#[13]">TIMER0_Handler</a><BR>
 <LI><a href="#[14]">TIMER1_Handler</a>&nbsp;&nbsp;&nbsp;&rArr;&nbsp;&nbsp;&nbsp;<a href="#[14]">TIMER1_Handler</a><BR>
 <LI><a href="#[15]">DUALTIMER0_Handler</a>&nbsp;&nbsp;&nbsp;&rArr;&nbsp;&nbsp;&nbsp;<a href="#[15]">DUALTIMER0_Handler</a><BR>
 <LI><a href="#[16]">DUALTIMER1_Handler</a>&nbsp;&nbsp;&nbsp;&rArr;&nbsp;&nbsp;&nbsp;<a href="#[16]">DUALTIMER1_Handler</a><BR>
 <LI><a href="#[17]">UARTOVF_Handler</a>&nbsp;&nbsp;&nbsp;&rArr;&nbsp;&nbsp;&nbsp;<a href="#[17]">UARTOVF_Handler</a><BR>
 <LI><a href="#[1b]">PORT0_0_Handler</a>&nbsp;&nbsp;&nbsp;&rArr;&nbsp;&nbsp;&nbsp;<a href="#[1b]">PORT0_0_Handler</a><BR>
 <LI><a href="#[1c]">PORT0_1_Handler</a>&nbsp;&nbsp;&nbsp;&rArr;&nbsp;&nbsp;&nbsp;<a href="#[1c]">PORT0_1_Handler</a><BR>
 <LI><a href="#[1d]">PORT0_2_Handler</a>&nbsp;&nbsp;&nbsp;&rArr;&nbsp;&nbsp;&nbsp;<a href="#[1d]">PORT0_2_Handler</a><BR>
 <LI><a href="#[1e]">PORT0_3_Handler</a>&nbsp;&nbsp;&nbsp;&rArr;&nbsp;&nbsp;&nbsp;<a href="#[1e]">PORT0_3_Handler</a><BR>
 <LI><a href="#[1f]">PORT0_4_Handler</a>&nbsp;&nbsp;&nbsp;&rArr;&nbsp;&nbsp;&nbsp;<a href="#[1f]">PORT0_4_Handler</a><BR>
 <LI><a href="#[20]">PORT0_5_Handler</a>&nbsp;&nbsp;&nbsp;&rArr;&nbsp;&nbsp;&nbsp;<a href="#[20]">PORT0_5_Handler</a><BR>
 <LI><a href="#[21]">PORT0_6_Handler</a>&nbsp;&nbsp;&nbsp;&rArr;&nbsp;&nbsp;&nbsp;<a href="#[21]">PORT0_6_Handler</a><BR>
 <LI><a href="#[22]">PORT0_7_Handler</a>&nbsp;&nbsp;&nbsp;&rArr;&nbsp;&nbsp;&nbsp;<a href="#[22]">PORT0_7_Handler</a><BR>
 <LI><a href="#[23]">PORT0_8_Handler</a>&nbsp;&nbsp;&nbsp;&rArr;&nbsp;&nbsp;&nbsp;<a href="#[23]">PORT0_8_Handler</a><BR>
 <LI><a href="#[24]">PORT0_9_Handler</a>&nbsp;&nbsp;&nbsp;&rArr;&nbsp;&nbsp;&nbsp;<a href="#[24]">PORT0_9_Handler</a><BR>
 <LI><a href="#[25]">PORT0_10_Handler</a>&nbsp;&nbsp;&nbsp;&rArr;&nbsp;&nbsp;&nbsp;<a href="#[25]">PORT0_10_Handler</a><BR>
 <LI><a href="#[26]">PORT0_11_Handler</a>&nbsp;&nbsp;&nbsp;&rArr;&nbsp;&nbsp;&nbsp;<a href="#[26]">PORT0_11_Handler</a><BR>
 <LI><a href="#[27]">PORT0_12_Handler</a>&nbsp;&nbsp;&nbsp;&rArr;&nbsp;&nbsp;&nbsp;<a href="#[27]">PORT0_12_Handler</a><BR>
 <LI><a href="#[28]">PORT0_13_Handler</a>&nbsp;&nbsp;&nbsp;&rArr;&nbsp;&nbsp;&nbsp;<a href="#[28]">PORT0_13_Handler</a><BR>
 <LI><a href="#[29]">PORT0_14_Handler</a>&nbsp;&nbsp;&nbsp;&rArr;&nbsp;&nbsp;&nbsp;<a href="#[29]">PORT0_14_Handler</a><BR>
 <LI><a href="#[2a]">PORT0_15_Handler</a>&nbsp;&nbsp;&nbsp;&rArr;&nbsp;&nbsp;&nbsp;<a href="#[2a]">PORT0_15_Handler</a><BR>
 <LI><a href="#[2b]">PORT0_16_Handler</a>&nbsp;&nbsp;&nbsp;&rArr;&nbsp;&nbsp;&nbsp;<a href="#[2b]">PORT0_16_Handler</a><BR>
 <LI><a href="#[2c]">PORT0_17_Handler</a>&nbsp;&nbsp;&nbsp;&rArr;&nbsp;&nbsp;&nbsp;<a href="#[2c]">PORT0_17_Handler</a><BR>
 <LI><a href="#[2d]">PORT0_18_Handler</a>&nbsp;&nbsp;&nbsp;&rArr;&nbsp;&nbsp;&nbsp;<a href="#[2d]">PORT0_18_Handler</a><BR>
 <LI><a href="#[2e]">PORT0_19_Handler</a>&nbsp;&nbsp;&nbsp;&rArr;&nbsp;&nbsp;&nbsp;<a href="#[2e]">PORT0_19_Handler</a><BR>
 <LI><a href="#[2f]">PORT0_20_Handler</a>&nbsp;&nbsp;&nbsp;&rArr;&nbsp;&nbsp;&nbsp;<a href="#[2f]">PORT0_20_Handler</a><BR>
 <LI><a href="#[30]">PORT0_21_Handler</a>&nbsp;&nbsp;&nbsp;&rArr;&nbsp;&nbsp;&nbsp;<a href="#[30]">PORT0_21_Handler</a><BR>
 <LI><a href="#[31]">PORT0_22_Handler</a>&nbsp;&nbsp;&nbsp;&rArr;&nbsp;&nbsp;&nbsp;<a href="#[31]">PORT0_22_Handler</a><BR>
 <LI><a href="#[32]">PORT0_23_Handler</a>&nbsp;&nbsp;&nbsp;&rArr;&nbsp;&nbsp;&nbsp;<a href="#[32]">PORT0_23_Handler</a><BR>
 <LI><a href="#[33]">PORT0_24_Handler</a>&nbsp;&nbsp;&nbsp;&rArr;&nbsp;&nbsp;&nbsp;<a href="#[33]">PORT0_24_Handler</a><BR>
 <LI><a href="#[34]">PORT0_25_Handler</a>&nbsp;&nbsp;&nbsp;&rArr;&nbsp;&nbsp;&nbsp;<a href="#[34]">PORT0_25_Handler</a><BR>
 <LI><a href="#[35]">PORT0_26_Handler</a>&nbsp;&nbsp;&nbsp;&rArr;&nbsp;&nbsp;&nbsp;<a href="#[35]">PORT0_26_Handler</a><BR>
 <LI><a href="#[36]">PORT0_27_Handler</a>&nbsp;&nbsp;&nbsp;&rArr;&nbsp;&nbsp;&nbsp;<a href="#[36]">PORT0_27_Handler</a><BR>
 <LI><a href="#[37]">PORT0_28_Handler</a>&nbsp;&nbsp;&nbsp;&rArr;&nbsp;&nbsp;&nbsp;<a href="#[37]">PORT0_28_Handler</a><BR>
 <LI><a href="#[38]">PORT0_29_Handler</a>&nbsp;&nbsp;&nbsp;&rArr;&nbsp;&nbsp;&nbsp;<a href="#[38]">PORT0_29_Handler</a><BR>
 <LI><a href="#[39]">PORT0_30_Handler</a>&nbsp;&nbsp;&nbsp;&rArr;&nbsp;&nbsp;&nbsp;<a href="#[39]">PORT0_30_Handler</a><BR>
 <LI><a href="#[3a]">PORT0_31_Handler</a>&nbsp;&nbsp;&nbsp;&rArr;&nbsp;&nbsp;&nbsp;<a href="#[3a]">PORT0_31_Handler</a><BR>
 <LI><a href="#[3b]">I2C_Handler</a>&nbsp;&nbsp;&nbsp;&rArr;&nbsp;&nbsp;&nbsp;<a href="#[3b]">I2C_Handler</a><BR>
 <LI><a href="#[3c]">MPS2_SSP0_Handler</a>&nbsp;&nbsp;&nbsp;&rArr;&nbsp;&nbsp;&nbsp;<a href="#[3c]">MPS2_SSP0_Handler</a><BR>
 <LI><a href="#[3d]">MPS2_SSP1_Handler</a>&nbsp;&nbsp;&nbsp;&rArr;&nbsp;&nbsp;&nbsp;<a href="#[3d]">MPS2_SSP1_Handler</a><BR>
 <LI><a href="#[3e]">EXT0_Handler</a>&nbsp;&nbsp;&nbsp;&rArr;&nbsp;&nbsp;&nbsp;<a href="#[3e]">EXT0_Handler</a><BR>
 <LI><a href="#[3f]">EXT1_Handler</a>&nbsp;&nbsp;&nbsp;&rArr;&nbsp;&nbsp;&nbsp;<a href="#[3f]">EXT1_Handler</a><BR>
 <LI><a href="#[40]">EXT2_Handler</a>&nbsp;&nbsp;&nbsp;&rArr;&nbsp;&nbsp;&nbsp;<a href="#[40]">EXT2_Handler</a><BR>
 <LI><a href="#[41]">EXT3_Handler</a>&nbsp;&nbsp;&nbsp;&rArr;&nbsp;&nbsp;&nbsp;<a href="#[41]">EXT3_Handler</a><BR>
 <LI><a href="#[42]">EXT4_Handler</a>&nbsp;&nbsp;&nbsp;&rArr;&nbsp;&nbsp;&nbsp;<a href="#[42]">EXT4_Handler</a><BR>
 <LI><a href="#[43]">EXT5_Handler</a>&nbsp;&nbsp;&nbsp;&rArr;&nbsp;&nbsp;&nbsp;<a href="#[43]">EXT5_Handler</a><BR>
 <LI><a href="#[44]">EXT6_Handler</a>&nbsp;&nbsp;&nbsp;&rArr;&nbsp;&nbsp;&nbsp;<a href="#[44]">EXT6_Handler</a><BR>
 <LI><a href="#[45]">EXT7_Handler</a>&nbsp;&nbsp;&nbsp;&rArr;&nbsp;&nbsp;&nbsp;<a href="#[45]">EXT7_Handler</a><BR>
 <LI><a href="#[46]">EXT8_Handler</a>&nbsp;&nbsp;&nbsp;&rArr;&nbsp;&nbsp;&nbsp;<a href="#[46]">EXT8_Handler</a><BR>
 <LI><a href="#[47]">EXT9_Handler</a>&nbsp;&nbsp;&nbsp;&rArr;&nbsp;&nbsp;&nbsp;<a href="#[47]">EXT9_Handler</a><BR>
 <LI><a href="#[48]">EXT10_Handler</a>&nbsp;&nbsp;&nbsp;&rArr;&nbsp;&nbsp;&nbsp;<a href="#[48]">EXT10_Handler</a><BR>
 <LI><a href="#[49]">EXT11_Handler</a>&nbsp;&nbsp;&nbsp;&rArr;&nbsp;&nbsp;&nbsp;<a href="#[49]">EXT11_Handler</a><BR>
 <LI><a href="#[4a]">EXT12_Handler</a>&nbsp;&nbsp;&nbsp;&rArr;&nbsp;&nbsp;&nbsp;<a href="#[4a]">EXT12_Handler</a><BR>
 <LI><a href="#[18]">EXT13_Handler</a>&nbsp;&nbsp;&nbsp;&rArr;&nbsp;&nbsp;&nbsp;<a href="#[18]">EXT13_Handler</a><BR>
 <LI><a href="#[19]">EXT14_Handler</a>&nbsp;&nbsp;&nbsp;&rArr;&nbsp;&nbsp;&nbsp;<a href="#[19]">EXT14_Handler</a><BR>
 <LI><a href="#[1a]">EXT15_Handler</a>&nbsp;&nbsp;&nbsp;&rArr;&nbsp;&nbsp;&nbsp;<a href="#[1a]">EXT15_Handler</a><BR>
 <LI><a href="#[4b]">UART2_Handler</a>&nbsp;&nbsp;&nbsp;&rArr;&nbsp;&nbsp;&nbsp;<a href="#[4b]">UART2_Handler</a><BR>
</UL>
<P>
<H3>
Function Pointers
</H3><UL>
 <LI><a href="#[12]">ADC1_Handler</a> from startup_armcm33.o(.text) referenced from startup_armcm33.o(RESET)
 <LI><a href="#[c]">ADC_Handler</a> from startup_armcm33.o(.text) referenced from startup_armcm33.o(RESET)
 <LI><a href="#[4]">BusFault_Handler</a> from startup_armcm33.o(.text) referenced from startup_armcm33.o(RESET)
 <LI><a href="#[e]">DMACINTERR_Handler</a> from startup_armcm33.o(.text) referenced from startup_armcm33.o(RESET)
 <LI><a href="#[10]">DMACINTR_Handler</a> from startup_armcm33.o(.text) referenced from startup_armcm33.o(RESET)
 <LI><a href="#[f]">DMACINTTC_Handler</a> from startup_armcm33.o(.text) referenced from startup_armcm33.o(RESET)
 <LI><a href="#[15]">DUALTIMER0_Handler</a> from startup_armcm33.o(.text) referenced from startup_armcm33.o(RESET)
 <LI><a href="#[16]">DUALTIMER1_Handler</a> from startup_armcm33.o(.text) referenced from startup_armcm33.o(RESET)
 <LI><a href="#[8]">DebugMon_Handler</a> from startup_armcm33.o(.text) referenced from startup_armcm33.o(RESET)
 <LI><a href="#[3e]">EXT0_Handler</a> from startup_armcm33.o(.text) referenced from startup_armcm33.o(RESET)
 <LI><a href="#[48]">EXT10_Handler</a> from startup_armcm33.o(.text) referenced from startup_armcm33.o(RESET)
 <LI><a href="#[49]">EXT11_Handler</a> from startup_armcm33.o(.text) referenced from startup_armcm33.o(RESET)
 <LI><a href="#[4a]">EXT12_Handler</a> from startup_armcm33.o(.text) referenced from startup_armcm33.o(RESET)
 <LI><a href="#[18]">EXT13_Handler</a> from startup_armcm33.o(.text) referenced from startup_armcm33.o(RESET)
 <LI><a href="#[19]">EXT14_Handler</a> from startup_armcm33.o(.text) referenced from startup_armcm33.o(RESET)
 <LI><a href="#[1a]">EXT15_Handler</a> from startup_armcm33.o(.text) referenced from startup_armcm33.o(RESET)
 <LI><a href="#[3f]">EXT1_Handler</a> from startup_armcm33.o(.text) referenced from startup_armcm33.o(RESET)
 <LI><a href="#[40]">EXT2_Handler</a> from startup_armcm33.o(.text) referenced from startup_armcm33.o(RESET)
 <LI><a href="#[41]">EXT3_Handler</a> from startup_armcm33.o(.text) referenced from startup_armcm33.o(RESET)
 <LI><a href="#[42]">EXT4_Handler</a> from startup_armcm33.o(.text) referenced from startup_armcm33.o(RESET)
 <LI><a href="#[43]">EXT5_Handler</a> from startup_armcm33.o(.text) referenced from startup_armcm33.o(RESET)
 <LI><a href="#[44]">EXT6_Handler</a> from startup_armcm33.o(.text) referenced from startup_armcm33.o(RESET)
 <LI><a href="#[45]">EXT7_Handler</a> from startup_armcm33.o(.text) referenced from startup_armcm33.o(RESET)
 <LI><a href="#[46]">EXT8_Handler</a> from startup_armcm33.o(.text) referenced from startup_armcm33.o(RESET)
 <LI><a href="#[47]">EXT9_Handler</a> from startup_armcm33.o(.text) referenced from startup_armcm33.o(RESET)
 <LI><a href="#[2]">HardFault_Handler</a> from startup_armcm33.o(.text) referenced from startup_armcm33.o(RESET)
 <LI><a href="#[3b]">I2C_Handler</a> from startup_armcm33.o(.text) referenced from startup_armcm33.o(RESET)
 <LI><a href="#[3c]">MPS2_SSP0_Handler</a> from startup_armcm33.o(.text) referenced from startup_armcm33.o(RESET)
 <LI><a href="#[3d]">MPS2_SSP1_Handler</a> from startup_armcm33.o(.text) referenced from startup_armcm33.o(RESET)
 <LI><a href="#[3]">MemManage_Handler</a> from startup_armcm33.o(.text) referenced from startup_armcm33.o(RESET)
 <LI><a href="#[1]">NMI_Handler</a> from startup_armcm33.o(.text) referenced from startup_armcm33.o(RESET)
 <LI><a href="#[1b]">PORT0_0_Handler</a> from startup_armcm33.o(.text) referenced from startup_armcm33.o(RESET)
 <LI><a href="#[25]">PORT0_10_Handler</a> from startup_armcm33.o(.text) referenced from startup_armcm33.o(RESET)
 <LI><a href="#[26]">PORT0_11_Handler</a> from startup_armcm33.o(.text) referenced from startup_armcm33.o(RESET)
 <LI><a href="#[27]">PORT0_12_Handler</a> from startup_armcm33.o(.text) referenced from startup_armcm33.o(RESET)
 <LI><a href="#[28]">PORT0_13_Handler</a> from startup_armcm33.o(.text) referenced from startup_armcm33.o(RESET)
 <LI><a href="#[29]">PORT0_14_Handler</a> from startup_armcm33.o(.text) referenced from startup_armcm33.o(RESET)
 <LI><a href="#[2a]">PORT0_15_Handler</a> from startup_armcm33.o(.text) referenced from startup_armcm33.o(RESET)
 <LI><a href="#[2b]">PORT0_16_Handler</a> from startup_armcm33.o(.text) referenced from startup_armcm33.o(RESET)
 <LI><a href="#[2c]">PORT0_17_Handler</a> from startup_armcm33.o(.text) referenced from startup_armcm33.o(RESET)
 <LI><a href="#[2d]">PORT0_18_Handler</a> from startup_armcm33.o(.text) referenced from startup_armcm33.o(RESET)
 <LI><a href="#[2e]">PORT0_19_Handler</a> from startup_armcm33.o(.text) referenced from startup_armcm33.o(RESET)
 <LI><a href="#[1c]">PORT0_1_Handler</a> from startup_armcm33.o(.text) referenced from startup_armcm33.o(RESET)
 <LI><a href="#[2f]">PORT0_20_Handler</a> from startup_armcm33.o(.text) referenced from startup_armcm33.o(RESET)
 <LI><a href="#[30]">PORT0_21_Handler</a> from startup_armcm33.o(.text) referenced from startup_armcm33.o(RESET)
 <LI><a href="#[31]">PORT0_22_Handler</a> from startup_armcm33.o(.text) referenced from startup_armcm33.o(RESET)
 <LI><a href="#[32]">PORT0_23_Handler</a> from startup_armcm33.o(.text) referenced from startup_armcm33.o(RESET)
 <LI><a href="#[33]">PORT0_24_Handler</a> from startup_armcm33.o(.text) referenced from startup_armcm33.o(RESET)
 <LI><a href="#[34]">PORT0_25_Handler</a> from startup_armcm33.o(.text) referenced from startup_armcm33.o(RESET)
 <LI><a href="#[35]">PORT0_26_Handler</a> from startup_armcm33.o(.text) referenced from startup_armcm33.o(RESET)
 <LI><a href="#[36]">PORT0_27_Handler</a> from startup_armcm33.o(.text) referenced from startup_armcm33.o(RESET)
 <LI><a href="#[37]">PORT0_28_Handler</a> from startup_armcm33.o(.text) referenced from startup_armcm33.o(RESET)
 <LI><a href="#[38]">PORT0_29_Handler</a> from startup_armcm33.o(.text) referenced from startup_armcm33.o(RESET)
 <LI><a href="#[1d]">PORT0_2_Handler</a> from startup_armcm33.o(.text) referenced from startup_armcm33.o(RESET)
 <LI><a href="#[39]">PORT0_30_Handler</a> from startup_armcm33.o(.text) referenced from startup_armcm33.o(RESET)
 <LI><a href="#[3a]">PORT0_31_Handler</a> from startup_armcm33.o(.text) referenced from startup_armcm33.o(RESET)
 <LI><a href="#[1e]">PORT0_3_Handler</a> from startup_armcm33.o(.text) referenced from startup_armcm33.o(RESET)
 <LI><a href="#[1f]">PORT0_4_Handler</a> from startup_armcm33.o(.text) referenced from startup_armcm33.o(RESET)
 <LI><a href="#[20]">PORT0_5_Handler</a> from startup_armcm33.o(.text) referenced from startup_armcm33.o(RESET)
 <LI><a href="#[21]">PORT0_6_Handler</a> from startup_armcm33.o(.text) referenced from startup_armcm33.o(RESET)
 <LI><a href="#[22]">PORT0_7_Handler</a> from startup_armcm33.o(.text) referenced from startup_armcm33.o(RESET)
 <LI><a href="#[23]">PORT0_8_Handler</a> from startup_armcm33.o(.text) referenced from startup_armcm33.o(RESET)
 <LI><a href="#[24]">PORT0_9_Handler</a> from startup_armcm33.o(.text) referenced from startup_armcm33.o(RESET)
 <LI><a href="#[11]">PORT0_COMB_Handler</a> from startup_armcm33.o(.text) referenced from startup_armcm33.o(RESET)
 <LI><a href="#[9]">PendSV_Handler</a> from startup_armcm33.o(.text) referenced from startup_armcm33.o(RESET)
 <LI><a href="#[0]">Reset_Handler</a> from startup_armcm33.o(.text) referenced from startup_armcm33.o(RESET)
 <LI><a href="#[7]">SVC_Handler</a> from startup_armcm33.o(.text) referenced from startup_armcm33.o(RESET)
 <LI><a href="#[6]">SecureFault_Handler</a> from startup_armcm33.o(.text) referenced from startup_armcm33.o(RESET)
 <LI><a href="#[a]">SysTick_Handler</a> from startup_armcm33.o(.text) referenced from startup_armcm33.o(RESET)
 <LI><a href="#[4c]">SystemInit</a> from system_armcm33.o(.text.SystemInit) referenced from startup_armcm33.o(.text)
 <LI><a href="#[13]">TIMER0_Handler</a> from startup_armcm33.o(.text) referenced from startup_armcm33.o(RESET)
 <LI><a href="#[14]">TIMER1_Handler</a> from startup_armcm33.o(.text) referenced from startup_armcm33.o(RESET)
 <LI><a href="#[b]">UART0_Handler</a> from startup_armcm33.o(.text) referenced from startup_armcm33.o(RESET)
 <LI><a href="#[d]">UART1_Handler</a> from startup_armcm33.o(.text) referenced from startup_armcm33.o(RESET)
 <LI><a href="#[4b]">UART2_Handler</a> from startup_armcm33.o(.text) referenced from startup_armcm33.o(RESET)
 <LI><a href="#[17]">UARTOVF_Handler</a> from startup_armcm33.o(.text) referenced from startup_armcm33.o(RESET)
 <LI><a href="#[5]">UsageFault_Handler</a> from startup_armcm33.o(.text) referenced from startup_armcm33.o(RESET)
 <LI><a href="#[4d]">__main</a> from __main.o(!!!main) referenced from startup_armcm33.o(.text)
</UL>
<P>
<H3>
Global Symbols
</H3>
<P><STRONG><a name="[4d]"></a>__main</STRONG> (Thumb, 8 bytes, Stack size 0 bytes, __main.o(!!!main))
<BR><BR>[Calls]<UL><LI><a href="#[4e]">&gt;&gt;</a>&nbsp;&nbsp;&nbsp;__scatterload
<LI><a href="#[4f]">&gt;&gt;</a>&nbsp;&nbsp;&nbsp;__rt_entry
</UL>
<BR>[Address Reference Count : 1]<UL><LI> startup_armcm33.o(.text)
</UL>
<P><STRONG><a name="[4e]"></a>__scatterload</STRONG> (Thumb, 0 bytes, Stack size unknown bytes, __scatter.o(!!!scatter))
<BR><BR>[Called By]<UL><LI><a href="#[4d]">&gt;&gt;</a>&nbsp;&nbsp;&nbsp;__main
</UL>

<P><STRONG><a name="[50]"></a>__scatterload_rt2</STRONG> (Thumb, 44 bytes, Stack size unknown bytes, __scatter.o(!!!scatter), UNUSED)
<BR><BR>[Calls]<UL><LI><a href="#[4f]">&gt;&gt;</a>&nbsp;&nbsp;&nbsp;__rt_entry
</UL>

<P><STRONG><a name="[74]"></a>__scatterload_rt2_thumb_only</STRONG> (Thumb, 0 bytes, Stack size unknown bytes, __scatter.o(!!!scatter), UNUSED)

<P><STRONG><a name="[75]"></a>__scatterload_null</STRONG> (Thumb, 0 bytes, Stack size unknown bytes, __scatter.o(!!!scatter), UNUSED)

<P><STRONG><a name="[51]"></a>__scatterload_copy</STRONG> (Thumb, 26 bytes, Stack size unknown bytes, __scatter_copy.o(!!handler_copy), UNUSED)
<BR><BR>[Calls]<UL><LI><a href="#[51]">&gt;&gt;</a>&nbsp;&nbsp;&nbsp;__scatterload_copy
</UL>
<BR>[Called By]<UL><LI><a href="#[51]">&gt;&gt;</a>&nbsp;&nbsp;&nbsp;__scatterload_copy
</UL>

<P><STRONG><a name="[76]"></a>__scatterload_zeroinit</STRONG> (Thumb, 28 bytes, Stack size unknown bytes, __scatter_zi.o(!!handler_zi), UNUSED)

<P><STRONG><a name="[55]"></a>__rt_lib_init</STRONG> (Thumb, 0 bytes, Stack size unknown bytes, libinit.o(.ARM.Collect$$libinit$$00000000))
<BR><BR>[Called By]<UL><LI><a href="#[54]">&gt;&gt;</a>&nbsp;&nbsp;&nbsp;__rt_entry_li
</UL>

<P><STRONG><a name="[52]"></a>__rt_lib_init_fp_1</STRONG> (Thumb, 0 bytes, Stack size unknown bytes, libinit2.o(.ARM.Collect$$libinit$$00000001))
<BR><BR>[Calls]<UL><LI><a href="#[53]">&gt;&gt;</a>&nbsp;&nbsp;&nbsp;_fp_init
</UL>

<P><STRONG><a name="[77]"></a>__rt_lib_init_alloca_1</STRONG> (Thumb, 0 bytes, Stack size unknown bytes, libinit2.o(.ARM.Collect$$libinit$$0000002E))

<P><STRONG><a name="[78]"></a>__rt_lib_init_argv_1</STRONG> (Thumb, 0 bytes, Stack size unknown bytes, libinit2.o(.ARM.Collect$$libinit$$0000002C))

<P><STRONG><a name="[79]"></a>__rt_lib_init_atexit_1</STRONG> (Thumb, 0 bytes, Stack size unknown bytes, libinit2.o(.ARM.Collect$$libinit$$0000001B))

<P><STRONG><a name="[7a]"></a>__rt_lib_init_clock_1</STRONG> (Thumb, 0 bytes, Stack size unknown bytes, libinit2.o(.ARM.Collect$$libinit$$00000021))

<P><STRONG><a name="[7b]"></a>__rt_lib_init_cpp_1</STRONG> (Thumb, 0 bytes, Stack size unknown bytes, libinit2.o(.ARM.Collect$$libinit$$00000032))

<P><STRONG><a name="[7c]"></a>__rt_lib_init_exceptions_1</STRONG> (Thumb, 0 bytes, Stack size unknown bytes, libinit2.o(.ARM.Collect$$libinit$$00000030))

<P><STRONG><a name="[7d]"></a>__rt_lib_init_fp_trap_1</STRONG> (Thumb, 0 bytes, Stack size unknown bytes, libinit2.o(.ARM.Collect$$libinit$$0000001F))

<P><STRONG><a name="[7e]"></a>__rt_lib_init_getenv_1</STRONG> (Thumb, 0 bytes, Stack size unknown bytes, libinit2.o(.ARM.Collect$$libinit$$00000023))

<P><STRONG><a name="[7f]"></a>__rt_lib_init_heap_1</STRONG> (Thumb, 0 bytes, Stack size unknown bytes, libinit2.o(.ARM.Collect$$libinit$$0000000A))

<P><STRONG><a name="[80]"></a>__rt_lib_init_lc_collate_1</STRONG> (Thumb, 0 bytes, Stack size unknown bytes, libinit2.o(.ARM.Collect$$libinit$$00000011))

<P><STRONG><a name="[81]"></a>__rt_lib_init_lc_ctype_1</STRONG> (Thumb, 0 bytes, Stack size unknown bytes, libinit2.o(.ARM.Collect$$libinit$$00000013))

<P><STRONG><a name="[82]"></a>__rt_lib_init_lc_monetary_1</STRONG> (Thumb, 0 bytes, Stack size unknown bytes, libinit2.o(.ARM.Collect$$libinit$$00000015))

<P><STRONG><a name="[83]"></a>__rt_lib_init_lc_numeric_1</STRONG> (Thumb, 0 bytes, Stack size unknown bytes, libinit2.o(.ARM.Collect$$libinit$$00000017))

<P><STRONG><a name="[84]"></a>__rt_lib_init_lc_time_1</STRONG> (Thumb, 0 bytes, Stack size unknown bytes, libinit2.o(.ARM.Collect$$libinit$$00000019))

<P><STRONG><a name="[85]"></a>__rt_lib_init_preinit_1</STRONG> (Thumb, 0 bytes, Stack size unknown bytes, libinit2.o(.ARM.Collect$$libinit$$00000004))

<P><STRONG><a name="[86]"></a>__rt_lib_init_rand_1</STRONG> (Thumb, 0 bytes, Stack size unknown bytes, libinit2.o(.ARM.Collect$$libinit$$0000000E))

<P><STRONG><a name="[87]"></a>__rt_lib_init_return</STRONG> (Thumb, 0 bytes, Stack size unknown bytes, libinit2.o(.ARM.Collect$$libinit$$00000033))

<P><STRONG><a name="[88]"></a>__rt_lib_init_signal_1</STRONG> (Thumb, 0 bytes, Stack size unknown bytes, libinit2.o(.ARM.Collect$$libinit$$0000001D))

<P><STRONG><a name="[89]"></a>__rt_lib_init_stdio_1</STRONG> (Thumb, 0 bytes, Stack size unknown bytes, libinit2.o(.ARM.Collect$$libinit$$00000025))

<P><STRONG><a name="[8a]"></a>__rt_lib_init_user_alloc_1</STRONG> (Thumb, 0 bytes, Stack size unknown bytes, libinit2.o(.ARM.Collect$$libinit$$0000000C))

<P><STRONG><a name="[5a]"></a>__rt_lib_shutdown</STRONG> (Thumb, 0 bytes, Stack size unknown bytes, libshutdown.o(.ARM.Collect$$libshutdown$$00000000))
<BR><BR>[Called By]<UL><LI><a href="#[59]">&gt;&gt;</a>&nbsp;&nbsp;&nbsp;__rt_exit_ls
</UL>

<P><STRONG><a name="[8b]"></a>__rt_lib_shutdown_cpp_1</STRONG> (Thumb, 0 bytes, Stack size unknown bytes, libshutdown2.o(.ARM.Collect$$libshutdown$$00000002))

<P><STRONG><a name="[8c]"></a>__rt_lib_shutdown_fp_trap_1</STRONG> (Thumb, 0 bytes, Stack size unknown bytes, libshutdown2.o(.ARM.Collect$$libshutdown$$00000007))

<P><STRONG><a name="[8d]"></a>__rt_lib_shutdown_heap_1</STRONG> (Thumb, 0 bytes, Stack size unknown bytes, libshutdown2.o(.ARM.Collect$$libshutdown$$0000000F))

<P><STRONG><a name="[8e]"></a>__rt_lib_shutdown_return</STRONG> (Thumb, 0 bytes, Stack size unknown bytes, libshutdown2.o(.ARM.Collect$$libshutdown$$00000010))

<P><STRONG><a name="[8f]"></a>__rt_lib_shutdown_signal_1</STRONG> (Thumb, 0 bytes, Stack size unknown bytes, libshutdown2.o(.ARM.Collect$$libshutdown$$0000000A))

<P><STRONG><a name="[90]"></a>__rt_lib_shutdown_stdio_1</STRONG> (Thumb, 0 bytes, Stack size unknown bytes, libshutdown2.o(.ARM.Collect$$libshutdown$$00000004))

<P><STRONG><a name="[91]"></a>__rt_lib_shutdown_user_alloc_1</STRONG> (Thumb, 0 bytes, Stack size unknown bytes, libshutdown2.o(.ARM.Collect$$libshutdown$$0000000C))

<P><STRONG><a name="[4f]"></a>__rt_entry</STRONG> (Thumb, 0 bytes, Stack size unknown bytes, __rtentry.o(.ARM.Collect$$rtentry$$00000000))
<BR><BR>[Called By]<UL><LI><a href="#[50]">&gt;&gt;</a>&nbsp;&nbsp;&nbsp;__scatterload_rt2
<LI><a href="#[4d]">&gt;&gt;</a>&nbsp;&nbsp;&nbsp;__main
</UL>

<P><STRONG><a name="[92]"></a>__rt_entry_presh_1</STRONG> (Thumb, 0 bytes, Stack size unknown bytes, __rtentry2.o(.ARM.Collect$$rtentry$$00000002))

<P><STRONG><a name="[93]"></a>__rt_entry_sh</STRONG> (Thumb, 0 bytes, Stack size unknown bytes, __rtentry5.o(.ARM.Collect$$rtentry$$00000005))

<P><STRONG><a name="[54]"></a>__rt_entry_li</STRONG> (Thumb, 0 bytes, Stack size unknown bytes, __rtentry2.o(.ARM.Collect$$rtentry$$0000000A))
<BR><BR>[Calls]<UL><LI><a href="#[55]">&gt;&gt;</a>&nbsp;&nbsp;&nbsp;__rt_lib_init
</UL>

<P><STRONG><a name="[94]"></a>__rt_entry_postsh_1</STRONG> (Thumb, 0 bytes, Stack size unknown bytes, __rtentry2.o(.ARM.Collect$$rtentry$$00000009))

<P><STRONG><a name="[56]"></a>__rt_entry_main</STRONG> (Thumb, 0 bytes, Stack size unknown bytes, __rtentry2.o(.ARM.Collect$$rtentry$$0000000D))
<BR><BR>[Stack]<UL><LI>Max Depth = 24 + Unknown Stack Size
<LI>Call Chain = __rt_entry_main &rArr; main &rArr; puts
</UL>
<BR>[Calls]<UL><LI><a href="#[58]">&gt;&gt;</a>&nbsp;&nbsp;&nbsp;exit
<LI><a href="#[57]">&gt;&gt;</a>&nbsp;&nbsp;&nbsp;main
</UL>

<P><STRONG><a name="[95]"></a>__rt_entry_postli_1</STRONG> (Thumb, 0 bytes, Stack size unknown bytes, __rtentry2.o(.ARM.Collect$$rtentry$$0000000C))

<P><STRONG><a name="[6f]"></a>__rt_exit</STRONG> (Thumb, 0 bytes, Stack size unknown bytes, rtexit.o(.ARM.Collect$$rtexit$$00000000))
<BR><BR>[Called By]<UL><LI><a href="#[58]">&gt;&gt;</a>&nbsp;&nbsp;&nbsp;exit
</UL>

<P><STRONG><a name="[59]"></a>__rt_exit_ls</STRONG> (Thumb, 0 bytes, Stack size unknown bytes, rtexit2.o(.ARM.Collect$$rtexit$$00000003))
<BR><BR>[Calls]<UL><LI><a href="#[5a]">&gt;&gt;</a>&nbsp;&nbsp;&nbsp;__rt_lib_shutdown
</UL>

<P><STRONG><a name="[96]"></a>__rt_exit_prels_1</STRONG> (Thumb, 0 bytes, Stack size unknown bytes, rtexit2.o(.ARM.Collect$$rtexit$$00000002))

<P><STRONG><a name="[5b]"></a>__rt_exit_exit</STRONG> (Thumb, 0 bytes, Stack size unknown bytes, rtexit2.o(.ARM.Collect$$rtexit$$00000004))
<BR><BR>[Calls]<UL><LI><a href="#[5c]">&gt;&gt;</a>&nbsp;&nbsp;&nbsp;_sys_exit
</UL>

<P><STRONG><a name="[0]"></a>Reset_Handler</STRONG> (Thumb, 14 bytes, Stack size 0 bytes, startup_armcm33.o(.text))
<BR>[Address Reference Count : 1]<UL><LI> startup_armcm33.o(RESET)
</UL>
<P><STRONG><a name="[2]"></a>HardFault_Handler</STRONG> (Thumb, 2 bytes, Stack size 0 bytes, startup_armcm33.o(.text))
<BR><BR>[Calls]<UL><LI><a href="#[2]">&gt;&gt;</a>&nbsp;&nbsp;&nbsp;HardFault_Handler
</UL>
<BR>[Called By]<UL><LI><a href="#[2]">&gt;&gt;</a>&nbsp;&nbsp;&nbsp;HardFault_Handler
</UL>
<BR>[Address Reference Count : 1]<UL><LI> startup_armcm33.o(RESET)
</UL>
<P><STRONG><a name="[1]"></a>NMI_Handler</STRONG> (Thumb, 2 bytes, Stack size 0 bytes, startup_armcm33.o(.text))
<BR><BR>[Calls]<UL><LI><a href="#[1]">&gt;&gt;</a>&nbsp;&nbsp;&nbsp;NMI_Handler
</UL>
<BR>[Called By]<UL><LI><a href="#[1]">&gt;&gt;</a>&nbsp;&nbsp;&nbsp;NMI_Handler
</UL>
<BR>[Address Reference Count : 1]<UL><LI> startup_armcm33.o(RESET)
</UL>
<P><STRONG><a name="[3]"></a>MemManage_Handler</STRONG> (Thumb, 2 bytes, Stack size 0 bytes, startup_armcm33.o(.text))
<BR><BR>[Calls]<UL><LI><a href="#[3]">&gt;&gt;</a>&nbsp;&nbsp;&nbsp;MemManage_Handler
</UL>
<BR>[Called By]<UL><LI><a href="#[3]">&gt;&gt;</a>&nbsp;&nbsp;&nbsp;MemManage_Handler
</UL>
<BR>[Address Reference Count : 1]<UL><LI> startup_armcm33.o(RESET)
</UL>
<P><STRONG><a name="[4]"></a>BusFault_Handler</STRONG> (Thumb, 2 bytes, Stack size 0 bytes, startup_armcm33.o(.text))
<BR><BR>[Calls]<UL><LI><a href="#[4]">&gt;&gt;</a>&nbsp;&nbsp;&nbsp;BusFault_Handler
</UL>
<BR>[Called By]<UL><LI><a href="#[4]">&gt;&gt;</a>&nbsp;&nbsp;&nbsp;BusFault_Handler
</UL>
<BR>[Address Reference Count : 1]<UL><LI> startup_armcm33.o(RESET)
</UL>
<P><STRONG><a name="[5]"></a>UsageFault_Handler</STRONG> (Thumb, 2 bytes, Stack size 0 bytes, startup_armcm33.o(.text))
<BR><BR>[Calls]<UL><LI><a href="#[5]">&gt;&gt;</a>&nbsp;&nbsp;&nbsp;UsageFault_Handler
</UL>
<BR>[Called By]<UL><LI><a href="#[5]">&gt;&gt;</a>&nbsp;&nbsp;&nbsp;UsageFault_Handler
</UL>
<BR>[Address Reference Count : 1]<UL><LI> startup_armcm33.o(RESET)
</UL>
<P><STRONG><a name="[6]"></a>SecureFault_Handler</STRONG> (Thumb, 2 bytes, Stack size 0 bytes, startup_armcm33.o(.text))
<BR><BR>[Calls]<UL><LI><a href="#[6]">&gt;&gt;</a>&nbsp;&nbsp;&nbsp;SecureFault_Handler
</UL>
<BR>[Called By]<UL><LI><a href="#[6]">&gt;&gt;</a>&nbsp;&nbsp;&nbsp;SecureFault_Handler
</UL>
<BR>[Address Reference Count : 1]<UL><LI> startup_armcm33.o(RESET)
</UL>
<P><STRONG><a name="[7]"></a>SVC_Handler</STRONG> (Thumb, 2 bytes, Stack size 0 bytes, startup_armcm33.o(.text))
<BR><BR>[Calls]<UL><LI><a href="#[7]">&gt;&gt;</a>&nbsp;&nbsp;&nbsp;SVC_Handler
</UL>
<BR>[Called By]<UL><LI><a href="#[7]">&gt;&gt;</a>&nbsp;&nbsp;&nbsp;SVC_Handler
</UL>
<BR>[Address Reference Count : 1]<UL><LI> startup_armcm33.o(RESET)
</UL>
<P><STRONG><a name="[8]"></a>DebugMon_Handler</STRONG> (Thumb, 2 bytes, Stack size 0 bytes, startup_armcm33.o(.text))
<BR><BR>[Calls]<UL><LI><a href="#[8]">&gt;&gt;</a>&nbsp;&nbsp;&nbsp;DebugMon_Handler
</UL>
<BR>[Called By]<UL><LI><a href="#[8]">&gt;&gt;</a>&nbsp;&nbsp;&nbsp;DebugMon_Handler
</UL>
<BR>[Address Reference Count : 1]<UL><LI> startup_armcm33.o(RESET)
</UL>
<P><STRONG><a name="[9]"></a>PendSV_Handler</STRONG> (Thumb, 2 bytes, Stack size 0 bytes, startup_armcm33.o(.text))
<BR><BR>[Calls]<UL><LI><a href="#[9]">&gt;&gt;</a>&nbsp;&nbsp;&nbsp;PendSV_Handler
</UL>
<BR>[Called By]<UL><LI><a href="#[9]">&gt;&gt;</a>&nbsp;&nbsp;&nbsp;PendSV_Handler
</UL>
<BR>[Address Reference Count : 1]<UL><LI> startup_armcm33.o(RESET)
</UL>
<P><STRONG><a name="[a]"></a>SysTick_Handler</STRONG> (Thumb, 2 bytes, Stack size 0 bytes, startup_armcm33.o(.text))
<BR><BR>[Calls]<UL><LI><a href="#[a]">&gt;&gt;</a>&nbsp;&nbsp;&nbsp;SysTick_Handler
</UL>
<BR>[Called By]<UL><LI><a href="#[a]">&gt;&gt;</a>&nbsp;&nbsp;&nbsp;SysTick_Handler
</UL>
<BR>[Address Reference Count : 1]<UL><LI> startup_armcm33.o(RESET)
</UL>
<P><STRONG><a name="[b]"></a>UART0_Handler</STRONG> (Thumb, 2 bytes, Stack size 0 bytes, startup_armcm33.o(.text))
<BR><BR>[Calls]<UL><LI><a href="#[b]">&gt;&gt;</a>&nbsp;&nbsp;&nbsp;UART0_Handler
</UL>
<BR>[Called By]<UL><LI><a href="#[b]">&gt;&gt;</a>&nbsp;&nbsp;&nbsp;UART0_Handler
</UL>
<BR>[Address Reference Count : 1]<UL><LI> startup_armcm33.o(RESET)
</UL>
<P><STRONG><a name="[c]"></a>ADC_Handler</STRONG> (Thumb, 2 bytes, Stack size 0 bytes, startup_armcm33.o(.text))
<BR><BR>[Calls]<UL><LI><a href="#[c]">&gt;&gt;</a>&nbsp;&nbsp;&nbsp;ADC_Handler
</UL>
<BR>[Called By]<UL><LI><a href="#[c]">&gt;&gt;</a>&nbsp;&nbsp;&nbsp;ADC_Handler
</UL>
<BR>[Address Reference Count : 1]<UL><LI> startup_armcm33.o(RESET)
</UL>
<P><STRONG><a name="[d]"></a>UART1_Handler</STRONG> (Thumb, 2 bytes, Stack size 0 bytes, startup_armcm33.o(.text))
<BR><BR>[Calls]<UL><LI><a href="#[d]">&gt;&gt;</a>&nbsp;&nbsp;&nbsp;UART1_Handler
</UL>
<BR>[Called By]<UL><LI><a href="#[d]">&gt;&gt;</a>&nbsp;&nbsp;&nbsp;UART1_Handler
</UL>
<BR>[Address Reference Count : 1]<UL><LI> startup_armcm33.o(RESET)
</UL>
<P><STRONG><a name="[e]"></a>DMACINTERR_Handler</STRONG> (Thumb, 2 bytes, Stack size 0 bytes, startup_armcm33.o(.text))
<BR><BR>[Calls]<UL><LI><a href="#[e]">&gt;&gt;</a>&nbsp;&nbsp;&nbsp;DMACINTERR_Handler
</UL>
<BR>[Called By]<UL><LI><a href="#[e]">&gt;&gt;</a>&nbsp;&nbsp;&nbsp;DMACINTERR_Handler
</UL>
<BR>[Address Reference Count : 1]<UL><LI> startup_armcm33.o(RESET)
</UL>
<P><STRONG><a name="[f]"></a>DMACINTTC_Handler</STRONG> (Thumb, 2 bytes, Stack size 0 bytes, startup_armcm33.o(.text))
<BR><BR>[Calls]<UL><LI><a href="#[f]">&gt;&gt;</a>&nbsp;&nbsp;&nbsp;DMACINTTC_Handler
</UL>
<BR>[Called By]<UL><LI><a href="#[f]">&gt;&gt;</a>&nbsp;&nbsp;&nbsp;DMACINTTC_Handler
</UL>
<BR>[Address Reference Count : 1]<UL><LI> startup_armcm33.o(RESET)
</UL>
<P><STRONG><a name="[10]"></a>DMACINTR_Handler</STRONG> (Thumb, 2 bytes, Stack size 0 bytes, startup_armcm33.o(.text))
<BR><BR>[Calls]<UL><LI><a href="#[10]">&gt;&gt;</a>&nbsp;&nbsp;&nbsp;DMACINTR_Handler
</UL>
<BR>[Called By]<UL><LI><a href="#[10]">&gt;&gt;</a>&nbsp;&nbsp;&nbsp;DMACINTR_Handler
</UL>
<BR>[Address Reference Count : 1]<UL><LI> startup_armcm33.o(RESET)
</UL>
<P><STRONG><a name="[11]"></a>PORT0_COMB_Handler</STRONG> (Thumb, 2 bytes, Stack size 0 bytes, startup_armcm33.o(.text))
<BR><BR>[Calls]<UL><LI><a href="#[11]">&gt;&gt;</a>&nbsp;&nbsp;&nbsp;PORT0_COMB_Handler
</UL>
<BR>[Called By]<UL><LI><a href="#[11]">&gt;&gt;</a>&nbsp;&nbsp;&nbsp;PORT0_COMB_Handler
</UL>
<BR>[Address Reference Count : 1]<UL><LI> startup_armcm33.o(RESET)
</UL>
<P><STRONG><a name="[12]"></a>ADC1_Handler</STRONG> (Thumb, 2 bytes, Stack size 0 bytes, startup_armcm33.o(.text))
<BR><BR>[Calls]<UL><LI><a href="#[12]">&gt;&gt;</a>&nbsp;&nbsp;&nbsp;ADC1_Handler
</UL>
<BR>[Called By]<UL><LI><a href="#[12]">&gt;&gt;</a>&nbsp;&nbsp;&nbsp;ADC1_Handler
</UL>
<BR>[Address Reference Count : 1]<UL><LI> startup_armcm33.o(RESET)
</UL>
<P><STRONG><a name="[13]"></a>TIMER0_Handler</STRONG> (Thumb, 2 bytes, Stack size 0 bytes, startup_armcm33.o(.text))
<BR><BR>[Calls]<UL><LI><a href="#[13]">&gt;&gt;</a>&nbsp;&nbsp;&nbsp;TIMER0_Handler
</UL>
<BR>[Called By]<UL><LI><a href="#[13]">&gt;&gt;</a>&nbsp;&nbsp;&nbsp;TIMER0_Handler
</UL>
<BR>[Address Reference Count : 1]<UL><LI> startup_armcm33.o(RESET)
</UL>
<P><STRONG><a name="[14]"></a>TIMER1_Handler</STRONG> (Thumb, 2 bytes, Stack size 0 bytes, startup_armcm33.o(.text))
<BR><BR>[Calls]<UL><LI><a href="#[14]">&gt;&gt;</a>&nbsp;&nbsp;&nbsp;TIMER1_Handler
</UL>
<BR>[Called By]<UL><LI><a href="#[14]">&gt;&gt;</a>&nbsp;&nbsp;&nbsp;TIMER1_Handler
</UL>
<BR>[Address Reference Count : 1]<UL><LI> startup_armcm33.o(RESET)
</UL>
<P><STRONG><a name="[15]"></a>DUALTIMER0_Handler</STRONG> (Thumb, 2 bytes, Stack size 0 bytes, startup_armcm33.o(.text))
<BR><BR>[Calls]<UL><LI><a href="#[15]">&gt;&gt;</a>&nbsp;&nbsp;&nbsp;DUALTIMER0_Handler
</UL>
<BR>[Called By]<UL><LI><a href="#[15]">&gt;&gt;</a>&nbsp;&nbsp;&nbsp;DUALTIMER0_Handler
</UL>
<BR>[Address Reference Count : 1]<UL><LI> startup_armcm33.o(RESET)
</UL>
<P><STRONG><a name="[16]"></a>DUALTIMER1_Handler</STRONG> (Thumb, 2 bytes, Stack size 0 bytes, startup_armcm33.o(.text))
<BR><BR>[Calls]<UL><LI><a href="#[16]">&gt;&gt;</a>&nbsp;&nbsp;&nbsp;DUALTIMER1_Handler
</UL>
<BR>[Called By]<UL><LI><a href="#[16]">&gt;&gt;</a>&nbsp;&nbsp;&nbsp;DUALTIMER1_Handler
</UL>
<BR>[Address Reference Count : 1]<UL><LI> startup_armcm33.o(RESET)
</UL>
<P><STRONG><a name="[17]"></a>UARTOVF_Handler</STRONG> (Thumb, 2 bytes, Stack size 0 bytes, startup_armcm33.o(.text))
<BR><BR>[Calls]<UL><LI><a href="#[17]">&gt;&gt;</a>&nbsp;&nbsp;&nbsp;UARTOVF_Handler
</UL>
<BR>[Called By]<UL><LI><a href="#[17]">&gt;&gt;</a>&nbsp;&nbsp;&nbsp;UARTOVF_Handler
</UL>
<BR>[Address Reference Count : 1]<UL><LI> startup_armcm33.o(RESET)
</UL>
<P><STRONG><a name="[5d]"></a>EXT13_IRQn</STRONG> (Thumb, 2 bytes, Stack size 0 bytes, startup_armcm33.o(.text), UNUSED)
<BR><BR>[Calls]<UL><LI><a href="#[5d]">&gt;&gt;</a>&nbsp;&nbsp;&nbsp;EXT13_IRQn
</UL>
<BR>[Called By]<UL><LI><a href="#[5d]">&gt;&gt;</a>&nbsp;&nbsp;&nbsp;EXT13_IRQn
</UL>

<P><STRONG><a name="[5e]"></a>EXT14_IRQn</STRONG> (Thumb, 2 bytes, Stack size 0 bytes, startup_armcm33.o(.text), UNUSED)
<BR><BR>[Calls]<UL><LI><a href="#[5e]">&gt;&gt;</a>&nbsp;&nbsp;&nbsp;EXT14_IRQn
</UL>
<BR>[Called By]<UL><LI><a href="#[5e]">&gt;&gt;</a>&nbsp;&nbsp;&nbsp;EXT14_IRQn
</UL>

<P><STRONG><a name="[5f]"></a>EXT15_IRQn</STRONG> (Thumb, 2 bytes, Stack size 0 bytes, startup_armcm33.o(.text), UNUSED)
<BR><BR>[Calls]<UL><LI><a href="#[5f]">&gt;&gt;</a>&nbsp;&nbsp;&nbsp;EXT15_IRQn
</UL>
<BR>[Called By]<UL><LI><a href="#[5f]">&gt;&gt;</a>&nbsp;&nbsp;&nbsp;EXT15_IRQn
</UL>

<P><STRONG><a name="[1b]"></a>PORT0_0_Handler</STRONG> (Thumb, 2 bytes, Stack size 0 bytes, startup_armcm33.o(.text))
<BR><BR>[Calls]<UL><LI><a href="#[1b]">&gt;&gt;</a>&nbsp;&nbsp;&nbsp;PORT0_0_Handler
</UL>
<BR>[Called By]<UL><LI><a href="#[1b]">&gt;&gt;</a>&nbsp;&nbsp;&nbsp;PORT0_0_Handler
</UL>
<BR>[Address Reference Count : 1]<UL><LI> startup_armcm33.o(RESET)
</UL>
<P><STRONG><a name="[1c]"></a>PORT0_1_Handler</STRONG> (Thumb, 2 bytes, Stack size 0 bytes, startup_armcm33.o(.text))
<BR><BR>[Calls]<UL><LI><a href="#[1c]">&gt;&gt;</a>&nbsp;&nbsp;&nbsp;PORT0_1_Handler
</UL>
<BR>[Called By]<UL><LI><a href="#[1c]">&gt;&gt;</a>&nbsp;&nbsp;&nbsp;PORT0_1_Handler
</UL>
<BR>[Address Reference Count : 1]<UL><LI> startup_armcm33.o(RESET)
</UL>
<P><STRONG><a name="[1d]"></a>PORT0_2_Handler</STRONG> (Thumb, 2 bytes, Stack size 0 bytes, startup_armcm33.o(.text))
<BR><BR>[Calls]<UL><LI><a href="#[1d]">&gt;&gt;</a>&nbsp;&nbsp;&nbsp;PORT0_2_Handler
</UL>
<BR>[Called By]<UL><LI><a href="#[1d]">&gt;&gt;</a>&nbsp;&nbsp;&nbsp;PORT0_2_Handler
</UL>
<BR>[Address Reference Count : 1]<UL><LI> startup_armcm33.o(RESET)
</UL>
<P><STRONG><a name="[1e]"></a>PORT0_3_Handler</STRONG> (Thumb, 2 bytes, Stack size 0 bytes, startup_armcm33.o(.text))
<BR><BR>[Calls]<UL><LI><a href="#[1e]">&gt;&gt;</a>&nbsp;&nbsp;&nbsp;PORT0_3_Handler
</UL>
<BR>[Called By]<UL><LI><a href="#[1e]">&gt;&gt;</a>&nbsp;&nbsp;&nbsp;PORT0_3_Handler
</UL>
<BR>[Address Reference Count : 1]<UL><LI> startup_armcm33.o(RESET)
</UL>
<P><STRONG><a name="[1f]"></a>PORT0_4_Handler</STRONG> (Thumb, 2 bytes, Stack size 0 bytes, startup_armcm33.o(.text))
<BR><BR>[Calls]<UL><LI><a href="#[1f]">&gt;&gt;</a>&nbsp;&nbsp;&nbsp;PORT0_4_Handler
</UL>
<BR>[Called By]<UL><LI><a href="#[1f]">&gt;&gt;</a>&nbsp;&nbsp;&nbsp;PORT0_4_Handler
</UL>
<BR>[Address Reference Count : 1]<UL><LI> startup_armcm33.o(RESET)
</UL>
<P><STRONG><a name="[20]"></a>PORT0_5_Handler</STRONG> (Thumb, 2 bytes, Stack size 0 bytes, startup_armcm33.o(.text))
<BR><BR>[Calls]<UL><LI><a href="#[20]">&gt;&gt;</a>&nbsp;&nbsp;&nbsp;PORT0_5_Handler
</UL>
<BR>[Called By]<UL><LI><a href="#[20]">&gt;&gt;</a>&nbsp;&nbsp;&nbsp;PORT0_5_Handler
</UL>
<BR>[Address Reference Count : 1]<UL><LI> startup_armcm33.o(RESET)
</UL>
<P><STRONG><a name="[21]"></a>PORT0_6_Handler</STRONG> (Thumb, 2 bytes, Stack size 0 bytes, startup_armcm33.o(.text))
<BR><BR>[Calls]<UL><LI><a href="#[21]">&gt;&gt;</a>&nbsp;&nbsp;&nbsp;PORT0_6_Handler
</UL>
<BR>[Called By]<UL><LI><a href="#[21]">&gt;&gt;</a>&nbsp;&nbsp;&nbsp;PORT0_6_Handler
</UL>
<BR>[Address Reference Count : 1]<UL><LI> startup_armcm33.o(RESET)
</UL>
<P><STRONG><a name="[22]"></a>PORT0_7_Handler</STRONG> (Thumb, 2 bytes, Stack size 0 bytes, startup_armcm33.o(.text))
<BR><BR>[Calls]<UL><LI><a href="#[22]">&gt;&gt;</a>&nbsp;&nbsp;&nbsp;PORT0_7_Handler
</UL>
<BR>[Called By]<UL><LI><a href="#[22]">&gt;&gt;</a>&nbsp;&nbsp;&nbsp;PORT0_7_Handler
</UL>
<BR>[Address Reference Count : 1]<UL><LI> startup_armcm33.o(RESET)
</UL>
<P><STRONG><a name="[23]"></a>PORT0_8_Handler</STRONG> (Thumb, 2 bytes, Stack size 0 bytes, startup_armcm33.o(.text))
<BR><BR>[Calls]<UL><LI><a href="#[23]">&gt;&gt;</a>&nbsp;&nbsp;&nbsp;PORT0_8_Handler
</UL>
<BR>[Called By]<UL><LI><a href="#[23]">&gt;&gt;</a>&nbsp;&nbsp;&nbsp;PORT0_8_Handler
</UL>
<BR>[Address Reference Count : 1]<UL><LI> startup_armcm33.o(RESET)
</UL>
<P><STRONG><a name="[24]"></a>PORT0_9_Handler</STRONG> (Thumb, 2 bytes, Stack size 0 bytes, startup_armcm33.o(.text))
<BR><BR>[Calls]<UL><LI><a href="#[24]">&gt;&gt;</a>&nbsp;&nbsp;&nbsp;PORT0_9_Handler
</UL>
<BR>[Called By]<UL><LI><a href="#[24]">&gt;&gt;</a>&nbsp;&nbsp;&nbsp;PORT0_9_Handler
</UL>
<BR>[Address Reference Count : 1]<UL><LI> startup_armcm33.o(RESET)
</UL>
<P><STRONG><a name="[25]"></a>PORT0_10_Handler</STRONG> (Thumb, 2 bytes, Stack size 0 bytes, startup_armcm33.o(.text))
<BR><BR>[Calls]<UL><LI><a href="#[25]">&gt;&gt;</a>&nbsp;&nbsp;&nbsp;PORT0_10_Handler
</UL>
<BR>[Called By]<UL><LI><a href="#[25]">&gt;&gt;</a>&nbsp;&nbsp;&nbsp;PORT0_10_Handler
</UL>
<BR>[Address Reference Count : 1]<UL><LI> startup_armcm33.o(RESET)
</UL>
<P><STRONG><a name="[26]"></a>PORT0_11_Handler</STRONG> (Thumb, 2 bytes, Stack size 0 bytes, startup_armcm33.o(.text))
<BR><BR>[Calls]<UL><LI><a href="#[26]">&gt;&gt;</a>&nbsp;&nbsp;&nbsp;PORT0_11_Handler
</UL>
<BR>[Called By]<UL><LI><a href="#[26]">&gt;&gt;</a>&nbsp;&nbsp;&nbsp;PORT0_11_Handler
</UL>
<BR>[Address Reference Count : 1]<UL><LI> startup_armcm33.o(RESET)
</UL>
<P><STRONG><a name="[27]"></a>PORT0_12_Handler</STRONG> (Thumb, 2 bytes, Stack size 0 bytes, startup_armcm33.o(.text))
<BR><BR>[Calls]<UL><LI><a href="#[27]">&gt;&gt;</a>&nbsp;&nbsp;&nbsp;PORT0_12_Handler
</UL>
<BR>[Called By]<UL><LI><a href="#[27]">&gt;&gt;</a>&nbsp;&nbsp;&nbsp;PORT0_12_Handler
</UL>
<BR>[Address Reference Count : 1]<UL><LI> startup_armcm33.o(RESET)
</UL>
<P><STRONG><a name="[28]"></a>PORT0_13_Handler</STRONG> (Thumb, 2 bytes, Stack size 0 bytes, startup_armcm33.o(.text))
<BR><BR>[Calls]<UL><LI><a href="#[28]">&gt;&gt;</a>&nbsp;&nbsp;&nbsp;PORT0_13_Handler
</UL>
<BR>[Called By]<UL><LI><a href="#[28]">&gt;&gt;</a>&nbsp;&nbsp;&nbsp;PORT0_13_Handler
</UL>
<BR>[Address Reference Count : 1]<UL><LI> startup_armcm33.o(RESET)
</UL>
<P><STRONG><a name="[29]"></a>PORT0_14_Handler</STRONG> (Thumb, 2 bytes, Stack size 0 bytes, startup_armcm33.o(.text))
<BR><BR>[Calls]<UL><LI><a href="#[29]">&gt;&gt;</a>&nbsp;&nbsp;&nbsp;PORT0_14_Handler
</UL>
<BR>[Called By]<UL><LI><a href="#[29]">&gt;&gt;</a>&nbsp;&nbsp;&nbsp;PORT0_14_Handler
</UL>
<BR>[Address Reference Count : 1]<UL><LI> startup_armcm33.o(RESET)
</UL>
<P><STRONG><a name="[2a]"></a>PORT0_15_Handler</STRONG> (Thumb, 2 bytes, Stack size 0 bytes, startup_armcm33.o(.text))
<BR><BR>[Calls]<UL><LI><a href="#[2a]">&gt;&gt;</a>&nbsp;&nbsp;&nbsp;PORT0_15_Handler
</UL>
<BR>[Called By]<UL><LI><a href="#[2a]">&gt;&gt;</a>&nbsp;&nbsp;&nbsp;PORT0_15_Handler
</UL>
<BR>[Address Reference Count : 1]<UL><LI> startup_armcm33.o(RESET)
</UL>
<P><STRONG><a name="[2b]"></a>PORT0_16_Handler</STRONG> (Thumb, 2 bytes, Stack size 0 bytes, startup_armcm33.o(.text))
<BR><BR>[Calls]<UL><LI><a href="#[2b]">&gt;&gt;</a>&nbsp;&nbsp;&nbsp;PORT0_16_Handler
</UL>
<BR>[Called By]<UL><LI><a href="#[2b]">&gt;&gt;</a>&nbsp;&nbsp;&nbsp;PORT0_16_Handler
</UL>
<BR>[Address Reference Count : 1]<UL><LI> startup_armcm33.o(RESET)
</UL>
<P><STRONG><a name="[2c]"></a>PORT0_17_Handler</STRONG> (Thumb, 2 bytes, Stack size 0 bytes, startup_armcm33.o(.text))
<BR><BR>[Calls]<UL><LI><a href="#[2c]">&gt;&gt;</a>&nbsp;&nbsp;&nbsp;PORT0_17_Handler
</UL>
<BR>[Called By]<UL><LI><a href="#[2c]">&gt;&gt;</a>&nbsp;&nbsp;&nbsp;PORT0_17_Handler
</UL>
<BR>[Address Reference Count : 1]<UL><LI> startup_armcm33.o(RESET)
</UL>
<P><STRONG><a name="[2d]"></a>PORT0_18_Handler</STRONG> (Thumb, 2 bytes, Stack size 0 bytes, startup_armcm33.o(.text))
<BR><BR>[Calls]<UL><LI><a href="#[2d]">&gt;&gt;</a>&nbsp;&nbsp;&nbsp;PORT0_18_Handler
</UL>
<BR>[Called By]<UL><LI><a href="#[2d]">&gt;&gt;</a>&nbsp;&nbsp;&nbsp;PORT0_18_Handler
</UL>
<BR>[Address Reference Count : 1]<UL><LI> startup_armcm33.o(RESET)
</UL>
<P><STRONG><a name="[2e]"></a>PORT0_19_Handler</STRONG> (Thumb, 2 bytes, Stack size 0 bytes, startup_armcm33.o(.text))
<BR><BR>[Calls]<UL><LI><a href="#[2e]">&gt;&gt;</a>&nbsp;&nbsp;&nbsp;PORT0_19_Handler
</UL>
<BR>[Called By]<UL><LI><a href="#[2e]">&gt;&gt;</a>&nbsp;&nbsp;&nbsp;PORT0_19_Handler
</UL>
<BR>[Address Reference Count : 1]<UL><LI> startup_armcm33.o(RESET)
</UL>
<P><STRONG><a name="[2f]"></a>PORT0_20_Handler</STRONG> (Thumb, 2 bytes, Stack size 0 bytes, startup_armcm33.o(.text))
<BR><BR>[Calls]<UL><LI><a href="#[2f]">&gt;&gt;</a>&nbsp;&nbsp;&nbsp;PORT0_20_Handler
</UL>
<BR>[Called By]<UL><LI><a href="#[2f]">&gt;&gt;</a>&nbsp;&nbsp;&nbsp;PORT0_20_Handler
</UL>
<BR>[Address Reference Count : 1]<UL><LI> startup_armcm33.o(RESET)
</UL>
<P><STRONG><a name="[30]"></a>PORT0_21_Handler</STRONG> (Thumb, 2 bytes, Stack size 0 bytes, startup_armcm33.o(.text))
<BR><BR>[Calls]<UL><LI><a href="#[30]">&gt;&gt;</a>&nbsp;&nbsp;&nbsp;PORT0_21_Handler
</UL>
<BR>[Called By]<UL><LI><a href="#[30]">&gt;&gt;</a>&nbsp;&nbsp;&nbsp;PORT0_21_Handler
</UL>
<BR>[Address Reference Count : 1]<UL><LI> startup_armcm33.o(RESET)
</UL>
<P><STRONG><a name="[31]"></a>PORT0_22_Handler</STRONG> (Thumb, 2 bytes, Stack size 0 bytes, startup_armcm33.o(.text))
<BR><BR>[Calls]<UL><LI><a href="#[31]">&gt;&gt;</a>&nbsp;&nbsp;&nbsp;PORT0_22_Handler
</UL>
<BR>[Called By]<UL><LI><a href="#[31]">&gt;&gt;</a>&nbsp;&nbsp;&nbsp;PORT0_22_Handler
</UL>
<BR>[Address Reference Count : 1]<UL><LI> startup_armcm33.o(RESET)
</UL>
<P><STRONG><a name="[32]"></a>PORT0_23_Handler</STRONG> (Thumb, 2 bytes, Stack size 0 bytes, startup_armcm33.o(.text))
<BR><BR>[Calls]<UL><LI><a href="#[32]">&gt;&gt;</a>&nbsp;&nbsp;&nbsp;PORT0_23_Handler
</UL>
<BR>[Called By]<UL><LI><a href="#[32]">&gt;&gt;</a>&nbsp;&nbsp;&nbsp;PORT0_23_Handler
</UL>
<BR>[Address Reference Count : 1]<UL><LI> startup_armcm33.o(RESET)
</UL>
<P><STRONG><a name="[33]"></a>PORT0_24_Handler</STRONG> (Thumb, 2 bytes, Stack size 0 bytes, startup_armcm33.o(.text))
<BR><BR>[Calls]<UL><LI><a href="#[33]">&gt;&gt;</a>&nbsp;&nbsp;&nbsp;PORT0_24_Handler
</UL>
<BR>[Called By]<UL><LI><a href="#[33]">&gt;&gt;</a>&nbsp;&nbsp;&nbsp;PORT0_24_Handler
</UL>
<BR>[Address Reference Count : 1]<UL><LI> startup_armcm33.o(RESET)
</UL>
<P><STRONG><a name="[34]"></a>PORT0_25_Handler</STRONG> (Thumb, 2 bytes, Stack size 0 bytes, startup_armcm33.o(.text))
<BR><BR>[Calls]<UL><LI><a href="#[34]">&gt;&gt;</a>&nbsp;&nbsp;&nbsp;PORT0_25_Handler
</UL>
<BR>[Called By]<UL><LI><a href="#[34]">&gt;&gt;</a>&nbsp;&nbsp;&nbsp;PORT0_25_Handler
</UL>
<BR>[Address Reference Count : 1]<UL><LI> startup_armcm33.o(RESET)
</UL>
<P><STRONG><a name="[35]"></a>PORT0_26_Handler</STRONG> (Thumb, 2 bytes, Stack size 0 bytes, startup_armcm33.o(.text))
<BR><BR>[Calls]<UL><LI><a href="#[35]">&gt;&gt;</a>&nbsp;&nbsp;&nbsp;PORT0_26_Handler
</UL>
<BR>[Called By]<UL><LI><a href="#[35]">&gt;&gt;</a>&nbsp;&nbsp;&nbsp;PORT0_26_Handler
</UL>
<BR>[Address Reference Count : 1]<UL><LI> startup_armcm33.o(RESET)
</UL>
<P><STRONG><a name="[36]"></a>PORT0_27_Handler</STRONG> (Thumb, 2 bytes, Stack size 0 bytes, startup_armcm33.o(.text))
<BR><BR>[Calls]<UL><LI><a href="#[36]">&gt;&gt;</a>&nbsp;&nbsp;&nbsp;PORT0_27_Handler
</UL>
<BR>[Called By]<UL><LI><a href="#[36]">&gt;&gt;</a>&nbsp;&nbsp;&nbsp;PORT0_27_Handler
</UL>
<BR>[Address Reference Count : 1]<UL><LI> startup_armcm33.o(RESET)
</UL>
<P><STRONG><a name="[37]"></a>PORT0_28_Handler</STRONG> (Thumb, 2 bytes, Stack size 0 bytes, startup_armcm33.o(.text))
<BR><BR>[Calls]<UL><LI><a href="#[37]">&gt;&gt;</a>&nbsp;&nbsp;&nbsp;PORT0_28_Handler
</UL>
<BR>[Called By]<UL><LI><a href="#[37]">&gt;&gt;</a>&nbsp;&nbsp;&nbsp;PORT0_28_Handler
</UL>
<BR>[Address Reference Count : 1]<UL><LI> startup_armcm33.o(RESET)
</UL>
<P><STRONG><a name="[38]"></a>PORT0_29_Handler</STRONG> (Thumb, 2 bytes, Stack size 0 bytes, startup_armcm33.o(.text))
<BR><BR>[Calls]<UL><LI><a href="#[38]">&gt;&gt;</a>&nbsp;&nbsp;&nbsp;PORT0_29_Handler
</UL>
<BR>[Called By]<UL><LI><a href="#[38]">&gt;&gt;</a>&nbsp;&nbsp;&nbsp;PORT0_29_Handler
</UL>
<BR>[Address Reference Count : 1]<UL><LI> startup_armcm33.o(RESET)
</UL>
<P><STRONG><a name="[39]"></a>PORT0_30_Handler</STRONG> (Thumb, 2 bytes, Stack size 0 bytes, startup_armcm33.o(.text))
<BR><BR>[Calls]<UL><LI><a href="#[39]">&gt;&gt;</a>&nbsp;&nbsp;&nbsp;PORT0_30_Handler
</UL>
<BR>[Called By]<UL><LI><a href="#[39]">&gt;&gt;</a>&nbsp;&nbsp;&nbsp;PORT0_30_Handler
</UL>
<BR>[Address Reference Count : 1]<UL><LI> startup_armcm33.o(RESET)
</UL>
<P><STRONG><a name="[3a]"></a>PORT0_31_Handler</STRONG> (Thumb, 2 bytes, Stack size 0 bytes, startup_armcm33.o(.text))
<BR><BR>[Calls]<UL><LI><a href="#[3a]">&gt;&gt;</a>&nbsp;&nbsp;&nbsp;PORT0_31_Handler
</UL>
<BR>[Called By]<UL><LI><a href="#[3a]">&gt;&gt;</a>&nbsp;&nbsp;&nbsp;PORT0_31_Handler
</UL>
<BR>[Address Reference Count : 1]<UL><LI> startup_armcm33.o(RESET)
</UL>
<P><STRONG><a name="[3b]"></a>I2C_Handler</STRONG> (Thumb, 2 bytes, Stack size 0 bytes, startup_armcm33.o(.text))
<BR><BR>[Calls]<UL><LI><a href="#[3b]">&gt;&gt;</a>&nbsp;&nbsp;&nbsp;I2C_Handler
</UL>
<BR>[Called By]<UL><LI><a href="#[3b]">&gt;&gt;</a>&nbsp;&nbsp;&nbsp;I2C_Handler
</UL>
<BR>[Address Reference Count : 1]<UL><LI> startup_armcm33.o(RESET)
</UL>
<P><STRONG><a name="[3c]"></a>MPS2_SSP0_Handler</STRONG> (Thumb, 2 bytes, Stack size 0 bytes, startup_armcm33.o(.text))
<BR><BR>[Calls]<UL><LI><a href="#[3c]">&gt;&gt;</a>&nbsp;&nbsp;&nbsp;MPS2_SSP0_Handler
</UL>
<BR>[Called By]<UL><LI><a href="#[3c]">&gt;&gt;</a>&nbsp;&nbsp;&nbsp;MPS2_SSP0_Handler
</UL>
<BR>[Address Reference Count : 1]<UL><LI> startup_armcm33.o(RESET)
</UL>
<P><STRONG><a name="[3d]"></a>MPS2_SSP1_Handler</STRONG> (Thumb, 2 bytes, Stack size 0 bytes, startup_armcm33.o(.text))
<BR><BR>[Calls]<UL><LI><a href="#[3d]">&gt;&gt;</a>&nbsp;&nbsp;&nbsp;MPS2_SSP1_Handler
</UL>
<BR>[Called By]<UL><LI><a href="#[3d]">&gt;&gt;</a>&nbsp;&nbsp;&nbsp;MPS2_SSP1_Handler
</UL>
<BR>[Address Reference Count : 1]<UL><LI> startup_armcm33.o(RESET)
</UL>
<P><STRONG><a name="[60]"></a>Spare51_Handler</STRONG> (Thumb, 2 bytes, Stack size 0 bytes, startup_armcm33.o(.text), UNUSED)
<BR><BR>[Calls]<UL><LI><a href="#[60]">&gt;&gt;</a>&nbsp;&nbsp;&nbsp;Spare51_Handler
</UL>
<BR>[Called By]<UL><LI><a href="#[60]">&gt;&gt;</a>&nbsp;&nbsp;&nbsp;Spare51_Handler
</UL>

<P><STRONG><a name="[61]"></a>Spare52_Handler</STRONG> (Thumb, 2 bytes, Stack size 0 bytes, startup_armcm33.o(.text), UNUSED)
<BR><BR>[Calls]<UL><LI><a href="#[61]">&gt;&gt;</a>&nbsp;&nbsp;&nbsp;Spare52_Handler
</UL>
<BR>[Called By]<UL><LI><a href="#[61]">&gt;&gt;</a>&nbsp;&nbsp;&nbsp;Spare52_Handler
</UL>

<P><STRONG><a name="[62]"></a>Spare53_Handler</STRONG> (Thumb, 2 bytes, Stack size 0 bytes, startup_armcm33.o(.text), UNUSED)
<BR><BR>[Calls]<UL><LI><a href="#[62]">&gt;&gt;</a>&nbsp;&nbsp;&nbsp;Spare53_Handler
</UL>
<BR>[Called By]<UL><LI><a href="#[62]">&gt;&gt;</a>&nbsp;&nbsp;&nbsp;Spare53_Handler
</UL>

<P><STRONG><a name="[63]"></a>Spare54_Handler</STRONG> (Thumb, 2 bytes, Stack size 0 bytes, startup_armcm33.o(.text), UNUSED)
<BR><BR>[Calls]<UL><LI><a href="#[63]">&gt;&gt;</a>&nbsp;&nbsp;&nbsp;Spare54_Handler
</UL>
<BR>[Called By]<UL><LI><a href="#[63]">&gt;&gt;</a>&nbsp;&nbsp;&nbsp;Spare54_Handler
</UL>

<P><STRONG><a name="[64]"></a>Spare55_Handler</STRONG> (Thumb, 2 bytes, Stack size 0 bytes, startup_armcm33.o(.text), UNUSED)
<BR><BR>[Calls]<UL><LI><a href="#[64]">&gt;&gt;</a>&nbsp;&nbsp;&nbsp;Spare55_Handler
</UL>
<BR>[Called By]<UL><LI><a href="#[64]">&gt;&gt;</a>&nbsp;&nbsp;&nbsp;Spare55_Handler
</UL>

<P><STRONG><a name="[65]"></a>Spare56_Handler</STRONG> (Thumb, 2 bytes, Stack size 0 bytes, startup_armcm33.o(.text), UNUSED)
<BR><BR>[Calls]<UL><LI><a href="#[65]">&gt;&gt;</a>&nbsp;&nbsp;&nbsp;Spare56_Handler
</UL>
<BR>[Called By]<UL><LI><a href="#[65]">&gt;&gt;</a>&nbsp;&nbsp;&nbsp;Spare56_Handler
</UL>

<P><STRONG><a name="[66]"></a>Spare57_Handler</STRONG> (Thumb, 2 bytes, Stack size 0 bytes, startup_armcm33.o(.text), UNUSED)
<BR><BR>[Calls]<UL><LI><a href="#[66]">&gt;&gt;</a>&nbsp;&nbsp;&nbsp;Spare57_Handler
</UL>
<BR>[Called By]<UL><LI><a href="#[66]">&gt;&gt;</a>&nbsp;&nbsp;&nbsp;Spare57_Handler
</UL>

<P><STRONG><a name="[67]"></a>Spare58_Handler</STRONG> (Thumb, 2 bytes, Stack size 0 bytes, startup_armcm33.o(.text), UNUSED)
<BR><BR>[Calls]<UL><LI><a href="#[67]">&gt;&gt;</a>&nbsp;&nbsp;&nbsp;Spare58_Handler
</UL>
<BR>[Called By]<UL><LI><a href="#[67]">&gt;&gt;</a>&nbsp;&nbsp;&nbsp;Spare58_Handler
</UL>

<P><STRONG><a name="[68]"></a>Spare59_Handler</STRONG> (Thumb, 2 bytes, Stack size 0 bytes, startup_armcm33.o(.text), UNUSED)
<BR><BR>[Calls]<UL><LI><a href="#[68]">&gt;&gt;</a>&nbsp;&nbsp;&nbsp;Spare59_Handler
</UL>
<BR>[Called By]<UL><LI><a href="#[68]">&gt;&gt;</a>&nbsp;&nbsp;&nbsp;Spare59_Handler
</UL>

<P><STRONG><a name="[69]"></a>Spare60_Handler</STRONG> (Thumb, 2 bytes, Stack size 0 bytes, startup_armcm33.o(.text), UNUSED)
<BR><BR>[Calls]<UL><LI><a href="#[69]">&gt;&gt;</a>&nbsp;&nbsp;&nbsp;Spare60_Handler
</UL>
<BR>[Called By]<UL><LI><a href="#[69]">&gt;&gt;</a>&nbsp;&nbsp;&nbsp;Spare60_Handler
</UL>

<P><STRONG><a name="[6a]"></a>Spare61_Handler</STRONG> (Thumb, 2 bytes, Stack size 0 bytes, startup_armcm33.o(.text), UNUSED)
<BR><BR>[Calls]<UL><LI><a href="#[6a]">&gt;&gt;</a>&nbsp;&nbsp;&nbsp;Spare61_Handler
</UL>
<BR>[Called By]<UL><LI><a href="#[6a]">&gt;&gt;</a>&nbsp;&nbsp;&nbsp;Spare61_Handler
</UL>

<P><STRONG><a name="[6b]"></a>Spare62_Handler</STRONG> (Thumb, 2 bytes, Stack size 0 bytes, startup_armcm33.o(.text), UNUSED)
<BR><BR>[Calls]<UL><LI><a href="#[6b]">&gt;&gt;</a>&nbsp;&nbsp;&nbsp;Spare62_Handler
</UL>
<BR>[Called By]<UL><LI><a href="#[6b]">&gt;&gt;</a>&nbsp;&nbsp;&nbsp;Spare62_Handler
</UL>

<P><STRONG><a name="[6c]"></a>Spare63_Handler</STRONG> (Thumb, 2 bytes, Stack size 0 bytes, startup_armcm33.o(.text), UNUSED)
<BR><BR>[Calls]<UL><LI><a href="#[6c]">&gt;&gt;</a>&nbsp;&nbsp;&nbsp;Spare63_Handler
</UL>
<BR>[Called By]<UL><LI><a href="#[6c]">&gt;&gt;</a>&nbsp;&nbsp;&nbsp;Spare63_Handler
</UL>

<P><STRONG><a name="[3e]"></a>EXT0_Handler</STRONG> (Thumb, 2 bytes, Stack size 0 bytes, startup_armcm33.o(.text))
<BR><BR>[Calls]<UL><LI><a href="#[3e]">&gt;&gt;</a>&nbsp;&nbsp;&nbsp;EXT0_Handler
</UL>
<BR>[Called By]<UL><LI><a href="#[3e]">&gt;&gt;</a>&nbsp;&nbsp;&nbsp;EXT0_Handler
</UL>
<BR>[Address Reference Count : 1]<UL><LI> startup_armcm33.o(RESET)
</UL>
<P><STRONG><a name="[3f]"></a>EXT1_Handler</STRONG> (Thumb, 2 bytes, Stack size 0 bytes, startup_armcm33.o(.text))
<BR><BR>[Calls]<UL><LI><a href="#[3f]">&gt;&gt;</a>&nbsp;&nbsp;&nbsp;EXT1_Handler
</UL>
<BR>[Called By]<UL><LI><a href="#[3f]">&gt;&gt;</a>&nbsp;&nbsp;&nbsp;EXT1_Handler
</UL>
<BR>[Address Reference Count : 1]<UL><LI> startup_armcm33.o(RESET)
</UL>
<P><STRONG><a name="[40]"></a>EXT2_Handler</STRONG> (Thumb, 2 bytes, Stack size 0 bytes, startup_armcm33.o(.text))
<BR><BR>[Calls]<UL><LI><a href="#[40]">&gt;&gt;</a>&nbsp;&nbsp;&nbsp;EXT2_Handler
</UL>
<BR>[Called By]<UL><LI><a href="#[40]">&gt;&gt;</a>&nbsp;&nbsp;&nbsp;EXT2_Handler
</UL>
<BR>[Address Reference Count : 1]<UL><LI> startup_armcm33.o(RESET)
</UL>
<P><STRONG><a name="[41]"></a>EXT3_Handler</STRONG> (Thumb, 2 bytes, Stack size 0 bytes, startup_armcm33.o(.text))
<BR><BR>[Calls]<UL><LI><a href="#[41]">&gt;&gt;</a>&nbsp;&nbsp;&nbsp;EXT3_Handler
</UL>
<BR>[Called By]<UL><LI><a href="#[41]">&gt;&gt;</a>&nbsp;&nbsp;&nbsp;EXT3_Handler
</UL>
<BR>[Address Reference Count : 1]<UL><LI> startup_armcm33.o(RESET)
</UL>
<P><STRONG><a name="[42]"></a>EXT4_Handler</STRONG> (Thumb, 2 bytes, Stack size 0 bytes, startup_armcm33.o(.text))
<BR><BR>[Calls]<UL><LI><a href="#[42]">&gt;&gt;</a>&nbsp;&nbsp;&nbsp;EXT4_Handler
</UL>
<BR>[Called By]<UL><LI><a href="#[42]">&gt;&gt;</a>&nbsp;&nbsp;&nbsp;EXT4_Handler
</UL>
<BR>[Address Reference Count : 1]<UL><LI> startup_armcm33.o(RESET)
</UL>
<P><STRONG><a name="[43]"></a>EXT5_Handler</STRONG> (Thumb, 2 bytes, Stack size 0 bytes, startup_armcm33.o(.text))
<BR><BR>[Calls]<UL><LI><a href="#[43]">&gt;&gt;</a>&nbsp;&nbsp;&nbsp;EXT5_Handler
</UL>
<BR>[Called By]<UL><LI><a href="#[43]">&gt;&gt;</a>&nbsp;&nbsp;&nbsp;EXT5_Handler
</UL>
<BR>[Address Reference Count : 1]<UL><LI> startup_armcm33.o(RESET)
</UL>
<P><STRONG><a name="[44]"></a>EXT6_Handler</STRONG> (Thumb, 2 bytes, Stack size 0 bytes, startup_armcm33.o(.text))
<BR><BR>[Calls]<UL><LI><a href="#[44]">&gt;&gt;</a>&nbsp;&nbsp;&nbsp;EXT6_Handler
</UL>
<BR>[Called By]<UL><LI><a href="#[44]">&gt;&gt;</a>&nbsp;&nbsp;&nbsp;EXT6_Handler
</UL>
<BR>[Address Reference Count : 1]<UL><LI> startup_armcm33.o(RESET)
</UL>
<P><STRONG><a name="[45]"></a>EXT7_Handler</STRONG> (Thumb, 2 bytes, Stack size 0 bytes, startup_armcm33.o(.text))
<BR><BR>[Calls]<UL><LI><a href="#[45]">&gt;&gt;</a>&nbsp;&nbsp;&nbsp;EXT7_Handler
</UL>
<BR>[Called By]<UL><LI><a href="#[45]">&gt;&gt;</a>&nbsp;&nbsp;&nbsp;EXT7_Handler
</UL>
<BR>[Address Reference Count : 1]<UL><LI> startup_armcm33.o(RESET)
</UL>
<P><STRONG><a name="[46]"></a>EXT8_Handler</STRONG> (Thumb, 2 bytes, Stack size 0 bytes, startup_armcm33.o(.text))
<BR><BR>[Calls]<UL><LI><a href="#[46]">&gt;&gt;</a>&nbsp;&nbsp;&nbsp;EXT8_Handler
</UL>
<BR>[Called By]<UL><LI><a href="#[46]">&gt;&gt;</a>&nbsp;&nbsp;&nbsp;EXT8_Handler
</UL>
<BR>[Address Reference Count : 1]<UL><LI> startup_armcm33.o(RESET)
</UL>
<P><STRONG><a name="[47]"></a>EXT9_Handler</STRONG> (Thumb, 2 bytes, Stack size 0 bytes, startup_armcm33.o(.text))
<BR><BR>[Calls]<UL><LI><a href="#[47]">&gt;&gt;</a>&nbsp;&nbsp;&nbsp;EXT9_Handler
</UL>
<BR>[Called By]<UL><LI><a href="#[47]">&gt;&gt;</a>&nbsp;&nbsp;&nbsp;EXT9_Handler
</UL>
<BR>[Address Reference Count : 1]<UL><LI> startup_armcm33.o(RESET)
</UL>
<P><STRONG><a name="[48]"></a>EXT10_Handler</STRONG> (Thumb, 2 bytes, Stack size 0 bytes, startup_armcm33.o(.text))
<BR><BR>[Calls]<UL><LI><a href="#[48]">&gt;&gt;</a>&nbsp;&nbsp;&nbsp;EXT10_Handler
</UL>
<BR>[Called By]<UL><LI><a href="#[48]">&gt;&gt;</a>&nbsp;&nbsp;&nbsp;EXT10_Handler
</UL>
<BR>[Address Reference Count : 1]<UL><LI> startup_armcm33.o(RESET)
</UL>
<P><STRONG><a name="[49]"></a>EXT11_Handler</STRONG> (Thumb, 2 bytes, Stack size 0 bytes, startup_armcm33.o(.text))
<BR><BR>[Calls]<UL><LI><a href="#[49]">&gt;&gt;</a>&nbsp;&nbsp;&nbsp;EXT11_Handler
</UL>
<BR>[Called By]<UL><LI><a href="#[49]">&gt;&gt;</a>&nbsp;&nbsp;&nbsp;EXT11_Handler
</UL>
<BR>[Address Reference Count : 1]<UL><LI> startup_armcm33.o(RESET)
</UL>
<P><STRONG><a name="[4a]"></a>EXT12_Handler</STRONG> (Thumb, 2 bytes, Stack size 0 bytes, startup_armcm33.o(.text))
<BR><BR>[Calls]<UL><LI><a href="#[4a]">&gt;&gt;</a>&nbsp;&nbsp;&nbsp;EXT12_Handler
</UL>
<BR>[Called By]<UL><LI><a href="#[4a]">&gt;&gt;</a>&nbsp;&nbsp;&nbsp;EXT12_Handler
</UL>
<BR>[Address Reference Count : 1]<UL><LI> startup_armcm33.o(RESET)
</UL>
<P><STRONG><a name="[18]"></a>EXT13_Handler</STRONG> (Thumb, 2 bytes, Stack size 0 bytes, startup_armcm33.o(.text))
<BR><BR>[Calls]<UL><LI><a href="#[18]">&gt;&gt;</a>&nbsp;&nbsp;&nbsp;EXT13_Handler
</UL>
<BR>[Called By]<UL><LI><a href="#[18]">&gt;&gt;</a>&nbsp;&nbsp;&nbsp;EXT13_Handler
</UL>
<BR>[Address Reference Count : 1]<UL><LI> startup_armcm33.o(RESET)
</UL>
<P><STRONG><a name="[19]"></a>EXT14_Handler</STRONG> (Thumb, 2 bytes, Stack size 0 bytes, startup_armcm33.o(.text))
<BR><BR>[Calls]<UL><LI><a href="#[19]">&gt;&gt;</a>&nbsp;&nbsp;&nbsp;EXT14_Handler
</UL>
<BR>[Called By]<UL><LI><a href="#[19]">&gt;&gt;</a>&nbsp;&nbsp;&nbsp;EXT14_Handler
</UL>
<BR>[Address Reference Count : 1]<UL><LI> startup_armcm33.o(RESET)
</UL>
<P><STRONG><a name="[1a]"></a>EXT15_Handler</STRONG> (Thumb, 2 bytes, Stack size 0 bytes, startup_armcm33.o(.text))
<BR><BR>[Calls]<UL><LI><a href="#[1a]">&gt;&gt;</a>&nbsp;&nbsp;&nbsp;EXT15_Handler
</UL>
<BR>[Called By]<UL><LI><a href="#[1a]">&gt;&gt;</a>&nbsp;&nbsp;&nbsp;EXT15_Handler
</UL>
<BR>[Address Reference Count : 1]<UL><LI> startup_armcm33.o(RESET)
</UL>
<P><STRONG><a name="[4b]"></a>UART2_Handler</STRONG> (Thumb, 2 bytes, Stack size 0 bytes, startup_armcm33.o(.text))
<BR><BR>[Calls]<UL><LI><a href="#[4b]">&gt;&gt;</a>&nbsp;&nbsp;&nbsp;UART2_Handler
</UL>
<BR>[Called By]<UL><LI><a href="#[4b]">&gt;&gt;</a>&nbsp;&nbsp;&nbsp;UART2_Handler
</UL>
<BR>[Address Reference Count : 1]<UL><LI> startup_armcm33.o(RESET)
</UL>
<P><STRONG><a name="[6d]"></a>puts</STRONG> (Thumb, 40 bytes, Stack size 8 bytes, puts.o(.text))
<BR><BR>[Stack]<UL><LI>Max Depth = 8<LI>Call Chain = puts
</UL>
<BR>[Calls]<UL><LI><a href="#[6e]">&gt;&gt;</a>&nbsp;&nbsp;&nbsp;fputc
</UL>
<BR>[Called By]<UL><LI><a href="#[57]">&gt;&gt;</a>&nbsp;&nbsp;&nbsp;main
</UL>

<P><STRONG><a name="[97]"></a>__use_two_region_memory</STRONG> (Thumb, 2 bytes, Stack size 0 bytes, heapauxi.o(.text), UNUSED)

<P><STRONG><a name="[98]"></a>__rt_heap_escrow$2region</STRONG> (Thumb, 2 bytes, Stack size 0 bytes, heapauxi.o(.text), UNUSED)

<P><STRONG><a name="[99]"></a>__rt_heap_expand$2region</STRONG> (Thumb, 2 bytes, Stack size 0 bytes, heapauxi.o(.text), UNUSED)

<P><STRONG><a name="[58]"></a>exit</STRONG> (Thumb, 18 bytes, Stack size 8 bytes, exit.o(.text))
<BR><BR>[Stack]<UL><LI>Max Depth = 8 + Unknown Stack Size
<LI>Call Chain = exit
</UL>
<BR>[Calls]<UL><LI><a href="#[6f]">&gt;&gt;</a>&nbsp;&nbsp;&nbsp;__rt_exit
</UL>
<BR>[Called By]<UL><LI><a href="#[56]">&gt;&gt;</a>&nbsp;&nbsp;&nbsp;__rt_entry_main
</UL>

<P><STRONG><a name="[9a]"></a>__I$use$semihosting</STRONG> (Thumb, 0 bytes, Stack size 0 bytes, use_no_semi.o(.text), UNUSED)

<P><STRONG><a name="[9b]"></a>__use_no_semihosting_swi</STRONG> (Thumb, 2 bytes, Stack size 0 bytes, use_no_semi.o(.text), UNUSED)

<P><STRONG><a name="[9c]"></a>__semihosting_library_function</STRONG> (Thumb, 0 bytes, Stack size unknown bytes, indicate_semi.o(.text), UNUSED)

<P><STRONG><a name="[5c]"></a>_sys_exit</STRONG> (Thumb, 8 bytes, Stack size 0 bytes, sys_exit.o(.text))
<BR><BR>[Called By]<UL><LI><a href="#[5b]">&gt;&gt;</a>&nbsp;&nbsp;&nbsp;__rt_exit_exit
</UL>

<P><STRONG><a name="[72]"></a>GPIO_PinRemapConfig</STRONG> (Thumb, 10 bytes, Stack size 0 bytes, star_gpio.o(.text.GPIO_PinRemapConfig))
<BR><BR>[Called By]<UL><LI><a href="#[57]">&gt;&gt;</a>&nbsp;&nbsp;&nbsp;main
</UL>

<P><STRONG><a name="[71]"></a>RCC_APB1PeriphResetCmd</STRONG> (Thumb, 24 bytes, Stack size 0 bytes, star_rcc.o(.text.RCC_APB1PeriphResetCmd))
<BR><BR>[Called By]<UL><LI><a href="#[70]">&gt;&gt;</a>&nbsp;&nbsp;&nbsp;UART_DeInit
</UL>

<P><STRONG><a name="[4c]"></a>SystemInit</STRONG> (Thumb, 50 bytes, Stack size 0 bytes, system_armcm33.o(.text.SystemInit))
<BR>[Address Reference Count : 1]<UL><LI> startup_armcm33.o(.text)
</UL>
<P><STRONG><a name="[70]"></a>UART_DeInit</STRONG> (Thumb, 66 bytes, Stack size 8 bytes, star_uart.o(.text.UART_DeInit))
<BR><BR>[Stack]<UL><LI>Max Depth = 8<LI>Call Chain = UART_DeInit
</UL>
<BR>[Calls]<UL><LI><a href="#[71]">&gt;&gt;</a>&nbsp;&nbsp;&nbsp;RCC_APB1PeriphResetCmd
</UL>
<BR>[Called By]<UL><LI><a href="#[57]">&gt;&gt;</a>&nbsp;&nbsp;&nbsp;main
</UL>

<P><STRONG><a name="[73]"></a>UART_Init</STRONG> (Thumb, 24 bytes, Stack size 0 bytes, star_uart.o(.text.UART_Init))
<BR><BR>[Called By]<UL><LI><a href="#[57]">&gt;&gt;</a>&nbsp;&nbsp;&nbsp;main
</UL>

<P><STRONG><a name="[6e]"></a>fputc</STRONG> (Thumb, 24 bytes, Stack size 0 bytes, star_retarget.o(.text.fputc))
<BR><BR>[Called By]<UL><LI><a href="#[6d]">&gt;&gt;</a>&nbsp;&nbsp;&nbsp;puts
</UL>

<P><STRONG><a name="[57]"></a>main</STRONG> (Thumb, 120 bytes, Stack size 16 bytes, main.o(.text.main))
<BR><BR>[Stack]<UL><LI>Max Depth = 24<LI>Call Chain = main &rArr; puts
</UL>
<BR>[Calls]<UL><LI><a href="#[6d]">&gt;&gt;</a>&nbsp;&nbsp;&nbsp;puts
<LI><a href="#[73]">&gt;&gt;</a>&nbsp;&nbsp;&nbsp;UART_Init
<LI><a href="#[70]">&gt;&gt;</a>&nbsp;&nbsp;&nbsp;UART_DeInit
<LI><a href="#[72]">&gt;&gt;</a>&nbsp;&nbsp;&nbsp;GPIO_PinRemapConfig
</UL>
<BR>[Called By]<UL><LI><a href="#[56]">&gt;&gt;</a>&nbsp;&nbsp;&nbsp;__rt_entry_main
</UL>

<P><STRONG><a name="[53]"></a>_fp_init</STRONG> (Thumb, 26 bytes, Stack size 0 bytes, fpinit.o(x$fpl$fpinit))
<BR><BR>[Called By]<UL><LI><a href="#[52]">&gt;&gt;</a>&nbsp;&nbsp;&nbsp;__rt_lib_init_fp_1
</UL>

<P><STRONG><a name="[9d]"></a>__fplib_config_fpu_vfp</STRONG> (Thumb, 0 bytes, Stack size unknown bytes, fpinit.o(x$fpl$fpinit), UNUSED)

<P><STRONG><a name="[9e]"></a>__fplib_config_pureend_doubles</STRONG> (Thumb, 0 bytes, Stack size unknown bytes, fpinit.o(x$fpl$fpinit), UNUSED)
<P>
<H3>
Local Symbols
</H3><P>
<H3>
Undefined Global Symbols
</H3><HR></body></html>
