
========================================================================

** ELF Header Information

    File Name: D:\fpga\AC201-SA5Z50-CM33\TEST1\CM33\Objects\CM33.axf

    Machine class: ELFCLASS32 (32-bit)
    Data encoding: ELFDATA2LSB (Little endian)
    Header version: EV_CURRENT (Current version)
    Operating System ABI: none
    ABI Version: 0
    File Type: ET_EXEC (Executable) (2)
    Machine: EM_ARM (ARM)

    Image Entry point: 0x0000089d
    Flags: EF_ARM_HASENTRY + EF_ARM_ABI_FLOAT_HARD (0x05000402)

    ARM ELF revision: 5 (ABI version 2)

    Conforms to Hard float procedure-call standard

    Built with
    Component: ARM Compiler 6.16 Tool: armasm [5dfea300]
    Component: ARM Compiler 6.16 Tool: armlink [5dfeaa00]

    Header size: 52 bytes (0x34)
    Program header entry size: 32 bytes (0x20)
    Section header entry size: 40 bytes (0x28)

    Program header entries: 1
    Section header entries: 16

    Program header offset: 32416 (0x00007ea0)
    Section header offset: 32448 (0x00007ec0)

    Section header string table index: 15

========================================================================

** Program header #0 (PT_LOAD) [PF_X + PF_W + PF_R + PF_ARM_ENTRY]
    Size : 7248 bytes (3064 bytes in file)
    Virtual address: 0x00000000 (Alignment 8)


========================================================================

** Section #1 'ER_IROM1' (SHT_PROGBITS) [SHF_ALLOC + SHF_EXECINSTR]
    Size   : 3056 bytes (alignment 4)
    Address: 0x00000000

    $d.realdata
    RESET
    __Vectors
        0x00000000:    20001060    `..     DCD    536875104
        0x00000004:    0000093d    =...    DCD    2365
        0x00000008:    0000094d    M...    DCD    2381
        0x0000000c:    0000094b    K...    DCD    2379
        0x00000010:    0000094f    O...    DCD    2383
        0x00000014:    00000951    Q...    DCD    2385
        0x00000018:    00000953    S...    DCD    2387
        0x0000001c:    00000955    U...    DCD    2389
        0x00000020:    00000000    ....    DCD    0
        0x00000024:    00000000    ....    DCD    0
        0x00000028:    00000000    ....    DCD    0
        0x0000002c:    00000957    W...    DCD    2391
        0x00000030:    00000959    Y...    DCD    2393
        0x00000034:    00000000    ....    DCD    0
        0x00000038:    0000095b    [...    DCD    2395
        0x0000003c:    0000095d    ]...    DCD    2397
        0x00000040:    0000095f    _...    DCD    2399
        0x00000044:    00000961    a...    DCD    2401
        0x00000048:    00000963    c...    DCD    2403
        0x0000004c:    00000965    e...    DCD    2405
        0x00000050:    00000967    g...    DCD    2407
        0x00000054:    00000969    i...    DCD    2409
        0x00000058:    0000096b    k...    DCD    2411
        0x0000005c:    0000096d    m...    DCD    2413
        0x00000060:    0000096f    o...    DCD    2415
        0x00000064:    00000971    q...    DCD    2417
        0x00000068:    00000973    s...    DCD    2419
        0x0000006c:    00000975    u...    DCD    2421
        0x00000070:    00000977    w...    DCD    2423
        0x00000074:    000009f9    ....    DCD    2553
        0x00000078:    000009fb    ....    DCD    2555
        0x0000007c:    000009fd    ....    DCD    2557
        0x00000080:    0000097f    ....    DCD    2431
        0x00000084:    00000981    ....    DCD    2433
        0x00000088:    00000983    ....    DCD    2435
        0x0000008c:    00000985    ....    DCD    2437
        0x00000090:    00000987    ....    DCD    2439
        0x00000094:    00000989    ....    DCD    2441
        0x00000098:    0000098b    ....    DCD    2443
        0x0000009c:    0000098d    ....    DCD    2445
        0x000000a0:    0000098f    ....    DCD    2447
        0x000000a4:    00000991    ....    DCD    2449
        0x000000a8:    00000993    ....    DCD    2451
        0x000000ac:    00000995    ....    DCD    2453
        0x000000b0:    00000997    ....    DCD    2455
        0x000000b4:    00000999    ....    DCD    2457
        0x000000b8:    0000099b    ....    DCD    2459
        0x000000bc:    0000099d    ....    DCD    2461
        0x000000c0:    0000099f    ....    DCD    2463
        0x000000c4:    000009a1    ....    DCD    2465
        0x000000c8:    000009a3    ....    DCD    2467
        0x000000cc:    000009a5    ....    DCD    2469
        0x000000d0:    000009a7    ....    DCD    2471
        0x000000d4:    000009a9    ....    DCD    2473
        0x000000d8:    000009ab    ....    DCD    2475
        0x000000dc:    000009ad    ....    DCD    2477
        0x000000e0:    000009af    ....    DCD    2479
        0x000000e4:    000009b1    ....    DCD    2481
        0x000000e8:    000009b3    ....    DCD    2483
        0x000000ec:    000009b5    ....    DCD    2485
        0x000000f0:    000009b7    ....    DCD    2487
        0x000000f4:    000009b9    ....    DCD    2489
        0x000000f8:    000009bb    ....    DCD    2491
        0x000000fc:    000009bd    ....    DCD    2493
        0x00000100:    000009bf    ....    DCD    2495
        0x00000104:    000009c1    ....    DCD    2497
        0x00000108:    000009c3    ....    DCD    2499
        0x0000010c:    000009df    ....    DCD    2527
        0x00000110:    000009e1    ....    DCD    2529
        0x00000114:    000009e3    ....    DCD    2531
        0x00000118:    000009e5    ....    DCD    2533
        0x0000011c:    000009e7    ....    DCD    2535
        0x00000120:    000009e9    ....    DCD    2537
        0x00000124:    000009eb    ....    DCD    2539
        0x00000128:    000009ed    ....    DCD    2541
        0x0000012c:    000009ef    ....    DCD    2543
        0x00000130:    000009f1    ....    DCD    2545
        0x00000134:    000009f3    ....    DCD    2547
        0x00000138:    000009f5    ....    DCD    2549
        0x0000013c:    000009f7    ....    DCD    2551
        0x00000140:    000009ff    ....    DCD    2559
        0x00000144:    00000000    ....    DCD    0
        0x00000148:    00000000    ....    DCD    0
        0x0000014c:    00000000    ....    DCD    0
        0x00000150:    00000000    ....    DCD    0
        0x00000154:    00000000    ....    DCD    0
        0x00000158:    00000000    ....    DCD    0
        0x0000015c:    00000000    ....    DCD    0
        0x00000160:    00000000    ....    DCD    0
        0x00000164:    00000000    ....    DCD    0
        0x00000168:    00000000    ....    DCD    0
        0x0000016c:    00000000    ....    DCD    0
        0x00000170:    00000000    ....    DCD    0
        0x00000174:    00000000    ....    DCD    0
        0x00000178:    00000000    ....    DCD    0
        0x0000017c:    00000000    ....    DCD    0
        0x00000180:    00000000    ....    DCD    0
        0x00000184:    00000000    ....    DCD    0
        0x00000188:    00000000    ....    DCD    0
        0x0000018c:    00000000    ....    DCD    0
        0x00000190:    00000000    ....    DCD    0
        0x00000194:    00000000    ....    DCD    0
        0x00000198:    00000000    ....    DCD    0
        0x0000019c:    00000000    ....    DCD    0
        0x000001a0:    00000000    ....    DCD    0
        0x000001a4:    00000000    ....    DCD    0
        0x000001a8:    00000000    ....    DCD    0
        0x000001ac:    00000000    ....    DCD    0
        0x000001b0:    00000000    ....    DCD    0
        0x000001b4:    00000000    ....    DCD    0
        0x000001b8:    00000000    ....    DCD    0
        0x000001bc:    00000000    ....    DCD    0
        0x000001c0:    00000000    ....    DCD    0
        0x000001c4:    00000000    ....    DCD    0
        0x000001c8:    00000000    ....    DCD    0
        0x000001cc:    00000000    ....    DCD    0
        0x000001d0:    00000000    ....    DCD    0
        0x000001d4:    00000000    ....    DCD    0
        0x000001d8:    00000000    ....    DCD    0
        0x000001dc:    00000000    ....    DCD    0
        0x000001e0:    00000000    ....    DCD    0
        0x000001e4:    00000000    ....    DCD    0
        0x000001e8:    00000000    ....    DCD    0
        0x000001ec:    00000000    ....    DCD    0
        0x000001f0:    00000000    ....    DCD    0
        0x000001f4:    00000000    ....    DCD    0
        0x000001f8:    00000000    ....    DCD    0
        0x000001fc:    00000000    ....    DCD    0
        0x00000200:    00000000    ....    DCD    0
        0x00000204:    00000000    ....    DCD    0
        0x00000208:    00000000    ....    DCD    0
        0x0000020c:    00000000    ....    DCD    0
        0x00000210:    00000000    ....    DCD    0
        0x00000214:    00000000    ....    DCD    0
        0x00000218:    00000000    ....    DCD    0
        0x0000021c:    00000000    ....    DCD    0
        0x00000220:    00000000    ....    DCD    0
        0x00000224:    00000000    ....    DCD    0
        0x00000228:    00000000    ....    DCD    0
        0x0000022c:    00000000    ....    DCD    0
        0x00000230:    00000000    ....    DCD    0
        0x00000234:    00000000    ....    DCD    0
        0x00000238:    00000000    ....    DCD    0
        0x0000023c:    00000000    ....    DCD    0
        0x00000240:    00000000    ....    DCD    0
        0x00000244:    00000000    ....    DCD    0
        0x00000248:    00000000    ....    DCD    0
        0x0000024c:    00000000    ....    DCD    0
        0x00000250:    00000000    ....    DCD    0
        0x00000254:    00000000    ....    DCD    0
        0x00000258:    00000000    ....    DCD    0
        0x0000025c:    00000000    ....    DCD    0
        0x00000260:    00000000    ....    DCD    0
        0x00000264:    00000000    ....    DCD    0
        0x00000268:    00000000    ....    DCD    0
        0x0000026c:    00000000    ....    DCD    0
        0x00000270:    00000000    ....    DCD    0
        0x00000274:    00000000    ....    DCD    0
        0x00000278:    00000000    ....    DCD    0
        0x0000027c:    00000000    ....    DCD    0
        0x00000280:    00000000    ....    DCD    0
        0x00000284:    00000000    ....    DCD    0
        0x00000288:    00000000    ....    DCD    0
        0x0000028c:    00000000    ....    DCD    0
        0x00000290:    00000000    ....    DCD    0
        0x00000294:    00000000    ....    DCD    0
        0x00000298:    00000000    ....    DCD    0
        0x0000029c:    00000000    ....    DCD    0
        0x000002a0:    00000000    ....    DCD    0
        0x000002a4:    00000000    ....    DCD    0
        0x000002a8:    00000000    ....    DCD    0
        0x000002ac:    00000000    ....    DCD    0
        0x000002b0:    00000000    ....    DCD    0
        0x000002b4:    00000000    ....    DCD    0
        0x000002b8:    00000000    ....    DCD    0
        0x000002bc:    00000000    ....    DCD    0
        0x000002c0:    00000000    ....    DCD    0
        0x000002c4:    00000000    ....    DCD    0
        0x000002c8:    00000000    ....    DCD    0
        0x000002cc:    00000000    ....    DCD    0
        0x000002d0:    00000000    ....    DCD    0
        0x000002d4:    00000000    ....    DCD    0
        0x000002d8:    00000000    ....    DCD    0
        0x000002dc:    00000000    ....    DCD    0
        0x000002e0:    00000000    ....    DCD    0
        0x000002e4:    00000000    ....    DCD    0
        0x000002e8:    00000000    ....    DCD    0
        0x000002ec:    00000000    ....    DCD    0
        0x000002f0:    00000000    ....    DCD    0
        0x000002f4:    00000000    ....    DCD    0
        0x000002f8:    00000000    ....    DCD    0
        0x000002fc:    00000000    ....    DCD    0
        0x00000300:    00000000    ....    DCD    0
        0x00000304:    00000000    ....    DCD    0
        0x00000308:    00000000    ....    DCD    0
        0x0000030c:    00000000    ....    DCD    0
        0x00000310:    00000000    ....    DCD    0
        0x00000314:    00000000    ....    DCD    0
        0x00000318:    00000000    ....    DCD    0
        0x0000031c:    00000000    ....    DCD    0
        0x00000320:    00000000    ....    DCD    0
        0x00000324:    00000000    ....    DCD    0
        0x00000328:    00000000    ....    DCD    0
        0x0000032c:    00000000    ....    DCD    0
        0x00000330:    00000000    ....    DCD    0
        0x00000334:    00000000    ....    DCD    0
        0x00000338:    00000000    ....    DCD    0
        0x0000033c:    00000000    ....    DCD    0
        0x00000340:    00000000    ....    DCD    0
        0x00000344:    00000000    ....    DCD    0
        0x00000348:    00000000    ....    DCD    0
        0x0000034c:    00000000    ....    DCD    0
        0x00000350:    00000000    ....    DCD    0
        0x00000354:    00000000    ....    DCD    0
        0x00000358:    00000000    ....    DCD    0
        0x0000035c:    00000000    ....    DCD    0
        0x00000360:    00000000    ....    DCD    0
        0x00000364:    00000000    ....    DCD    0
        0x00000368:    00000000    ....    DCD    0
        0x0000036c:    00000000    ....    DCD    0
        0x00000370:    00000000    ....    DCD    0
        0x00000374:    00000000    ....    DCD    0
        0x00000378:    00000000    ....    DCD    0
        0x0000037c:    00000000    ....    DCD    0
        0x00000380:    00000000    ....    DCD    0
        0x00000384:    00000000    ....    DCD    0
        0x00000388:    00000000    ....    DCD    0
        0x0000038c:    00000000    ....    DCD    0
        0x00000390:    00000000    ....    DCD    0
        0x00000394:    00000000    ....    DCD    0
        0x00000398:    00000000    ....    DCD    0
        0x0000039c:    00000000    ....    DCD    0
        0x000003a0:    00000000    ....    DCD    0
        0x000003a4:    00000000    ....    DCD    0
        0x000003a8:    00000000    ....    DCD    0
        0x000003ac:    00000000    ....    DCD    0
        0x000003b0:    00000000    ....    DCD    0
        0x000003b4:    00000000    ....    DCD    0
        0x000003b8:    00000000    ....    DCD    0
        0x000003bc:    00000000    ....    DCD    0
        0x000003c0:    00000000    ....    DCD    0
        0x000003c4:    00000000    ....    DCD    0
        0x000003c8:    00000000    ....    DCD    0
        0x000003cc:    00000000    ....    DCD    0
        0x000003d0:    00000000    ....    DCD    0
        0x000003d4:    00000000    ....    DCD    0
        0x000003d8:    00000000    ....    DCD    0
        0x000003dc:    00000000    ....    DCD    0
        0x000003e0:    00000000    ....    DCD    0
        0x000003e4:    00000000    ....    DCD    0
        0x000003e8:    00000000    ....    DCD    0
        0x000003ec:    00000000    ....    DCD    0
        0x000003f0:    00000000    ....    DCD    0
        0x000003f4:    00000000    ....    DCD    0
        0x000003f8:    00000000    ....    DCD    0
        0x000003fc:    00000000    ....    DCD    0
        0x00000400:    00000000    ....    DCD    0
        0x00000404:    00000000    ....    DCD    0
        0x00000408:    00000000    ....    DCD    0
        0x0000040c:    00000000    ....    DCD    0
        0x00000410:    00000000    ....    DCD    0
        0x00000414:    00000000    ....    DCD    0
        0x00000418:    00000000    ....    DCD    0
        0x0000041c:    00000000    ....    DCD    0
        0x00000420:    00000000    ....    DCD    0
        0x00000424:    00000000    ....    DCD    0
        0x00000428:    00000000    ....    DCD    0
        0x0000042c:    00000000    ....    DCD    0
        0x00000430:    00000000    ....    DCD    0
        0x00000434:    00000000    ....    DCD    0
        0x00000438:    00000000    ....    DCD    0
        0x0000043c:    00000000    ....    DCD    0
        0x00000440:    00000000    ....    DCD    0
        0x00000444:    00000000    ....    DCD    0
        0x00000448:    00000000    ....    DCD    0
        0x0000044c:    00000000    ....    DCD    0
        0x00000450:    00000000    ....    DCD    0
        0x00000454:    00000000    ....    DCD    0
        0x00000458:    00000000    ....    DCD    0
        0x0000045c:    00000000    ....    DCD    0
        0x00000460:    00000000    ....    DCD    0
        0x00000464:    00000000    ....    DCD    0
        0x00000468:    00000000    ....    DCD    0
        0x0000046c:    00000000    ....    DCD    0
        0x00000470:    00000000    ....    DCD    0
        0x00000474:    00000000    ....    DCD    0
        0x00000478:    00000000    ....    DCD    0
        0x0000047c:    00000000    ....    DCD    0
        0x00000480:    00000000    ....    DCD    0
        0x00000484:    00000000    ....    DCD    0
        0x00000488:    00000000    ....    DCD    0
        0x0000048c:    00000000    ....    DCD    0
        0x00000490:    00000000    ....    DCD    0
        0x00000494:    00000000    ....    DCD    0
        0x00000498:    00000000    ....    DCD    0
        0x0000049c:    00000000    ....    DCD    0
        0x000004a0:    00000000    ....    DCD    0
        0x000004a4:    00000000    ....    DCD    0
        0x000004a8:    00000000    ....    DCD    0
        0x000004ac:    00000000    ....    DCD    0
        0x000004b0:    00000000    ....    DCD    0
        0x000004b4:    00000000    ....    DCD    0
        0x000004b8:    00000000    ....    DCD    0
        0x000004bc:    00000000    ....    DCD    0
        0x000004c0:    00000000    ....    DCD    0
        0x000004c4:    00000000    ....    DCD    0
        0x000004c8:    00000000    ....    DCD    0
        0x000004cc:    00000000    ....    DCD    0
        0x000004d0:    00000000    ....    DCD    0
        0x000004d4:    00000000    ....    DCD    0
        0x000004d8:    00000000    ....    DCD    0
        0x000004dc:    00000000    ....    DCD    0
        0x000004e0:    00000000    ....    DCD    0
        0x000004e4:    00000000    ....    DCD    0
        0x000004e8:    00000000    ....    DCD    0
        0x000004ec:    00000000    ....    DCD    0
        0x000004f0:    00000000    ....    DCD    0
        0x000004f4:    00000000    ....    DCD    0
        0x000004f8:    00000000    ....    DCD    0
        0x000004fc:    00000000    ....    DCD    0
        0x00000500:    00000000    ....    DCD    0
        0x00000504:    00000000    ....    DCD    0
        0x00000508:    00000000    ....    DCD    0
        0x0000050c:    00000000    ....    DCD    0
        0x00000510:    00000000    ....    DCD    0
        0x00000514:    00000000    ....    DCD    0
        0x00000518:    00000000    ....    DCD    0
        0x0000051c:    00000000    ....    DCD    0
        0x00000520:    00000000    ....    DCD    0
        0x00000524:    00000000    ....    DCD    0
        0x00000528:    00000000    ....    DCD    0
        0x0000052c:    00000000    ....    DCD    0
        0x00000530:    00000000    ....    DCD    0
        0x00000534:    00000000    ....    DCD    0
        0x00000538:    00000000    ....    DCD    0
        0x0000053c:    00000000    ....    DCD    0
        0x00000540:    00000000    ....    DCD    0
        0x00000544:    00000000    ....    DCD    0
        0x00000548:    00000000    ....    DCD    0
        0x0000054c:    00000000    ....    DCD    0
        0x00000550:    00000000    ....    DCD    0
        0x00000554:    00000000    ....    DCD    0
        0x00000558:    00000000    ....    DCD    0
        0x0000055c:    00000000    ....    DCD    0
        0x00000560:    00000000    ....    DCD    0
        0x00000564:    00000000    ....    DCD    0
        0x00000568:    00000000    ....    DCD    0
        0x0000056c:    00000000    ....    DCD    0
        0x00000570:    00000000    ....    DCD    0
        0x00000574:    00000000    ....    DCD    0
        0x00000578:    00000000    ....    DCD    0
        0x0000057c:    00000000    ....    DCD    0
        0x00000580:    00000000    ....    DCD    0
        0x00000584:    00000000    ....    DCD    0
        0x00000588:    00000000    ....    DCD    0
        0x0000058c:    00000000    ....    DCD    0
        0x00000590:    00000000    ....    DCD    0
        0x00000594:    00000000    ....    DCD    0
        0x00000598:    00000000    ....    DCD    0
        0x0000059c:    00000000    ....    DCD    0
        0x000005a0:    00000000    ....    DCD    0
        0x000005a4:    00000000    ....    DCD    0
        0x000005a8:    00000000    ....    DCD    0
        0x000005ac:    00000000    ....    DCD    0
        0x000005b0:    00000000    ....    DCD    0
        0x000005b4:    00000000    ....    DCD    0
        0x000005b8:    00000000    ....    DCD    0
        0x000005bc:    00000000    ....    DCD    0
        0x000005c0:    00000000    ....    DCD    0
        0x000005c4:    00000000    ....    DCD    0
        0x000005c8:    00000000    ....    DCD    0
        0x000005cc:    00000000    ....    DCD    0
        0x000005d0:    00000000    ....    DCD    0
        0x000005d4:    00000000    ....    DCD    0
        0x000005d8:    00000000    ....    DCD    0
        0x000005dc:    00000000    ....    DCD    0
        0x000005e0:    00000000    ....    DCD    0
        0x000005e4:    00000000    ....    DCD    0
        0x000005e8:    00000000    ....    DCD    0
        0x000005ec:    00000000    ....    DCD    0
        0x000005f0:    00000000    ....    DCD    0
        0x000005f4:    00000000    ....    DCD    0
        0x000005f8:    00000000    ....    DCD    0
        0x000005fc:    00000000    ....    DCD    0
        0x00000600:    00000000    ....    DCD    0
        0x00000604:    00000000    ....    DCD    0
        0x00000608:    00000000    ....    DCD    0
        0x0000060c:    00000000    ....    DCD    0
        0x00000610:    00000000    ....    DCD    0
        0x00000614:    00000000    ....    DCD    0
        0x00000618:    00000000    ....    DCD    0
        0x0000061c:    00000000    ....    DCD    0
        0x00000620:    00000000    ....    DCD    0
        0x00000624:    00000000    ....    DCD    0
        0x00000628:    00000000    ....    DCD    0
        0x0000062c:    00000000    ....    DCD    0
        0x00000630:    00000000    ....    DCD    0
        0x00000634:    00000000    ....    DCD    0
        0x00000638:    00000000    ....    DCD    0
        0x0000063c:    00000000    ....    DCD    0
        0x00000640:    00000000    ....    DCD    0
        0x00000644:    00000000    ....    DCD    0
        0x00000648:    00000000    ....    DCD    0
        0x0000064c:    00000000    ....    DCD    0
        0x00000650:    00000000    ....    DCD    0
        0x00000654:    00000000    ....    DCD    0
        0x00000658:    00000000    ....    DCD    0
        0x0000065c:    00000000    ....    DCD    0
        0x00000660:    00000000    ....    DCD    0
        0x00000664:    00000000    ....    DCD    0
        0x00000668:    00000000    ....    DCD    0
        0x0000066c:    00000000    ....    DCD    0
        0x00000670:    00000000    ....    DCD    0
        0x00000674:    00000000    ....    DCD    0
        0x00000678:    00000000    ....    DCD    0
        0x0000067c:    00000000    ....    DCD    0
        0x00000680:    00000000    ....    DCD    0
        0x00000684:    00000000    ....    DCD    0
        0x00000688:    00000000    ....    DCD    0
        0x0000068c:    00000000    ....    DCD    0
        0x00000690:    00000000    ....    DCD    0
        0x00000694:    00000000    ....    DCD    0
        0x00000698:    00000000    ....    DCD    0
        0x0000069c:    00000000    ....    DCD    0
        0x000006a0:    00000000    ....    DCD    0
        0x000006a4:    00000000    ....    DCD    0
        0x000006a8:    00000000    ....    DCD    0
        0x000006ac:    00000000    ....    DCD    0
        0x000006b0:    00000000    ....    DCD    0
        0x000006b4:    00000000    ....    DCD    0
        0x000006b8:    00000000    ....    DCD    0
        0x000006bc:    00000000    ....    DCD    0
        0x000006c0:    00000000    ....    DCD    0
        0x000006c4:    00000000    ....    DCD    0
        0x000006c8:    00000000    ....    DCD    0
        0x000006cc:    00000000    ....    DCD    0
        0x000006d0:    00000000    ....    DCD    0
        0x000006d4:    00000000    ....    DCD    0
        0x000006d8:    00000000    ....    DCD    0
        0x000006dc:    00000000    ....    DCD    0
        0x000006e0:    00000000    ....    DCD    0
        0x000006e4:    00000000    ....    DCD    0
        0x000006e8:    00000000    ....    DCD    0
        0x000006ec:    00000000    ....    DCD    0
        0x000006f0:    00000000    ....    DCD    0
        0x000006f4:    00000000    ....    DCD    0
        0x000006f8:    00000000    ....    DCD    0
        0x000006fc:    00000000    ....    DCD    0
        0x00000700:    00000000    ....    DCD    0
        0x00000704:    00000000    ....    DCD    0
        0x00000708:    00000000    ....    DCD    0
        0x0000070c:    00000000    ....    DCD    0
        0x00000710:    00000000    ....    DCD    0
        0x00000714:    00000000    ....    DCD    0
        0x00000718:    00000000    ....    DCD    0
        0x0000071c:    00000000    ....    DCD    0
        0x00000720:    00000000    ....    DCD    0
        0x00000724:    00000000    ....    DCD    0
        0x00000728:    00000000    ....    DCD    0
        0x0000072c:    00000000    ....    DCD    0
        0x00000730:    00000000    ....    DCD    0
        0x00000734:    00000000    ....    DCD    0
        0x00000738:    00000000    ....    DCD    0
        0x0000073c:    00000000    ....    DCD    0
        0x00000740:    00000000    ....    DCD    0
        0x00000744:    00000000    ....    DCD    0
        0x00000748:    00000000    ....    DCD    0
        0x0000074c:    00000000    ....    DCD    0
        0x00000750:    00000000    ....    DCD    0
        0x00000754:    00000000    ....    DCD    0
        0x00000758:    00000000    ....    DCD    0
        0x0000075c:    00000000    ....    DCD    0
        0x00000760:    00000000    ....    DCD    0
        0x00000764:    00000000    ....    DCD    0
        0x00000768:    00000000    ....    DCD    0
        0x0000076c:    00000000    ....    DCD    0
        0x00000770:    00000000    ....    DCD    0
        0x00000774:    00000000    ....    DCD    0
        0x00000778:    00000000    ....    DCD    0
        0x0000077c:    00000000    ....    DCD    0
        0x00000780:    00000000    ....    DCD    0
        0x00000784:    00000000    ....    DCD    0
        0x00000788:    00000000    ....    DCD    0
        0x0000078c:    00000000    ....    DCD    0
        0x00000790:    00000000    ....    DCD    0
        0x00000794:    00000000    ....    DCD    0
        0x00000798:    00000000    ....    DCD    0
        0x0000079c:    00000000    ....    DCD    0
        0x000007a0:    00000000    ....    DCD    0
        0x000007a4:    00000000    ....    DCD    0
        0x000007a8:    00000000    ....    DCD    0
        0x000007ac:    00000000    ....    DCD    0
        0x000007b0:    00000000    ....    DCD    0
        0x000007b4:    00000000    ....    DCD    0
        0x000007b8:    00000000    ....    DCD    0
        0x000007bc:    00000000    ....    DCD    0
        0x000007c0:    00000000    ....    DCD    0
        0x000007c4:    00000000    ....    DCD    0
        0x000007c8:    00000000    ....    DCD    0
        0x000007cc:    00000000    ....    DCD    0
        0x000007d0:    00000000    ....    DCD    0
        0x000007d4:    00000000    ....    DCD    0
        0x000007d8:    00000000    ....    DCD    0
        0x000007dc:    00000000    ....    DCD    0
        0x000007e0:    00000000    ....    DCD    0
        0x000007e4:    00000000    ....    DCD    0
        0x000007e8:    00000000    ....    DCD    0
        0x000007ec:    00000000    ....    DCD    0
        0x000007f0:    00000000    ....    DCD    0
        0x000007f4:    00000000    ....    DCD    0
        0x000007f8:    00000000    ....    DCD    0
        0x000007fc:    00000000    ....    DCD    0
        0x00000800:    00000000    ....    DCD    0
        0x00000804:    00000000    ....    DCD    0
        0x00000808:    00000000    ....    DCD    0
        0x0000080c:    00000000    ....    DCD    0
        0x00000810:    00000000    ....    DCD    0
        0x00000814:    00000000    ....    DCD    0
        0x00000818:    00000000    ....    DCD    0
        0x0000081c:    00000000    ....    DCD    0
        0x00000820:    00000000    ....    DCD    0
        0x00000824:    00000000    ....    DCD    0
        0x00000828:    00000000    ....    DCD    0
        0x0000082c:    00000000    ....    DCD    0
        0x00000830:    00000000    ....    DCD    0
        0x00000834:    00000000    ....    DCD    0
        0x00000838:    00000000    ....    DCD    0
        0x0000083c:    00000000    ....    DCD    0
        0x00000840:    00000000    ....    DCD    0
        0x00000844:    00000000    ....    DCD    0
        0x00000848:    00000000    ....    DCD    0
        0x0000084c:    00000000    ....    DCD    0
        0x00000850:    00000000    ....    DCD    0
        0x00000854:    00000000    ....    DCD    0
        0x00000858:    00000000    ....    DCD    0
        0x0000085c:    00000000    ....    DCD    0
        0x00000860:    00000000    ....    DCD    0
        0x00000864:    00000000    ....    DCD    0
        0x00000868:    00000000    ....    DCD    0
        0x0000086c:    00000000    ....    DCD    0
        0x00000870:    00000000    ....    DCD    0
        0x00000874:    00000000    ....    DCD    0
        0x00000878:    00000000    ....    DCD    0
        0x0000087c:    00000000    ....    DCD    0
        0x00000880:    00000000    ....    DCD    0
        0x00000884:    00000000    ....    DCD    0
        0x00000888:    00000000    ....    DCD    0
        0x0000088c:    00000000    ....    DCD    0
        0x00000890:    00000000    ....    DCD    0
        0x00000894:    00000000    ....    DCD    0
        0x00000898:    00000000    ....    DCD    0
    $t
    !!!main
    __Vectors_End
    __main
        0x0000089c:    f000f802    ....    BL       __scatterload ; 0x8a4
        0x000008a0:    f000f83c    ..<.    BL       __rt_entry ; 0x91c
    !!!scatter
    __scatterload
    __scatterload_rt2
    __scatterload_rt2_thumb_only
        0x000008a4:    a00a        ..      ADR      r0,{pc}+0x2c ; 0x8d0
        0x000008a6:    e8900c00    ....    LDM      r0,{r10,r11}
        0x000008aa:    4482        .D      ADD      r10,r10,r0
        0x000008ac:    4483        .D      ADD      r11,r11,r0
        0x000008ae:    f1aa0701    ....    SUB      r7,r10,#1
    __scatterload_null
        0x000008b2:    45da        .E      CMP      r10,r11
        0x000008b4:    d101        ..      BNE      0x8ba ; __scatterload_null + 8
        0x000008b6:    f000f831    ..1.    BL       __rt_entry ; 0x91c
        0x000008ba:    f2af0e09    ....    ADR      lr,{pc}-7 ; 0x8b3
        0x000008be:    e8ba000f    ....    LDM      r10!,{r0-r3}
        0x000008c2:    f0130f01    ....    TST      r3,#1
        0x000008c6:    bf18        ..      IT       NE
        0x000008c8:    1afb        ..      SUBNE    r3,r7,r3
        0x000008ca:    f0430301    C...    ORR      r3,r3,#1
        0x000008ce:    4718        .G      BX       r3
    $d
        0x000008d0:    00000300    ....    DCD    768
        0x000008d4:    00000320     ...    DCD    800
    $t
    !!handler_copy
    __scatterload_copy
        0x000008d8:    3a10        .:      SUBS     r2,r2,#0x10
        0x000008da:    bf24        $.      ITT      CS
        0x000008dc:    c878        x.      LDMCS    r0!,{r3-r6}
        0x000008de:    c178        x.      STMCS    r1!,{r3-r6}
        0x000008e0:    d8fa        ..      BHI      __scatterload_copy ; 0x8d8
        0x000008e2:    0752        R.      LSLS     r2,r2,#29
        0x000008e4:    bf24        $.      ITT      CS
        0x000008e6:    c830        0.      LDMCS    r0!,{r4,r5}
        0x000008e8:    c130        0.      STMCS    r1!,{r4,r5}
        0x000008ea:    bf44        D.      ITT      MI
        0x000008ec:    6804        .h      LDRMI    r4,[r0,#0]
        0x000008ee:    600c        .`      STRMI    r4,[r1,#0]
        0x000008f0:    4770        pG      BX       lr
        0x000008f2:    0000        ..      MOVS     r0,r0
    !!handler_zi
    __scatterload_zeroinit
        0x000008f4:    2300        .#      MOVS     r3,#0
        0x000008f6:    2400        .$      MOVS     r4,#0
        0x000008f8:    2500        .%      MOVS     r5,#0
        0x000008fa:    2600        .&      MOVS     r6,#0
        0x000008fc:    3a10        .:      SUBS     r2,r2,#0x10
        0x000008fe:    bf28        (.      IT       CS
        0x00000900:    c178        x.      STMCS    r1!,{r3-r6}
        0x00000902:    d8fb        ..      BHI      0x8fc ; __scatterload_zeroinit + 8
        0x00000904:    0752        R.      LSLS     r2,r2,#29
        0x00000906:    bf28        (.      IT       CS
        0x00000908:    c130        0.      STMCS    r1!,{r4,r5}
        0x0000090a:    bf48        H.      IT       MI
        0x0000090c:    600b        .`      STRMI    r3,[r1,#0]
        0x0000090e:    4770        pG      BX       lr
    .ARM.Collect$$libinit$$00000000
    __rt_lib_init
        0x00000910:    b51f        ..      PUSH     {r0-r4,lr}
    .ARM.Collect$$libinit$$00000001
    __rt_lib_init_fp_1
        0x00000912:    f000f94f    ..O.    BL       _fp_init ; 0xbb4
    .ARM.Collect$$libinit$$00000004
    .ARM.Collect$$libinit$$0000000A
    .ARM.Collect$$libinit$$0000000C
    .ARM.Collect$$libinit$$0000000E
    .ARM.Collect$$libinit$$00000011
    .ARM.Collect$$libinit$$00000013
    .ARM.Collect$$libinit$$00000015
    .ARM.Collect$$libinit$$00000017
    .ARM.Collect$$libinit$$00000019
    .ARM.Collect$$libinit$$0000001B
    .ARM.Collect$$libinit$$0000001D
    .ARM.Collect$$libinit$$0000001F
    .ARM.Collect$$libinit$$00000021
    .ARM.Collect$$libinit$$00000023
    .ARM.Collect$$libinit$$00000025
    .ARM.Collect$$libinit$$0000002C
    .ARM.Collect$$libinit$$0000002E
    .ARM.Collect$$libinit$$00000030
    .ARM.Collect$$libinit$$00000032
    .ARM.Collect$$libinit$$00000033
    __rt_lib_init_alloca_1
    __rt_lib_init_argv_1
    __rt_lib_init_atexit_1
    __rt_lib_init_clock_1
    __rt_lib_init_cpp_1
    __rt_lib_init_exceptions_1
    __rt_lib_init_fp_trap_1
    __rt_lib_init_getenv_1
    __rt_lib_init_heap_1
    __rt_lib_init_lc_collate_1
    __rt_lib_init_lc_ctype_1
    __rt_lib_init_lc_monetary_1
    __rt_lib_init_lc_numeric_1
    __rt_lib_init_lc_time_1
    __rt_lib_init_preinit_1
    __rt_lib_init_rand_1
    __rt_lib_init_return
    __rt_lib_init_signal_1
    __rt_lib_init_stdio_1
    __rt_lib_init_user_alloc_1
        0x00000916:    bd1f        ..      POP      {r0-r4,pc}
    .ARM.Collect$$libshutdown$$00000000
    __rt_lib_shutdown
        0x00000918:    b510        ..      PUSH     {r4,lr}
    .ARM.Collect$$libshutdown$$00000002
    .ARM.Collect$$libshutdown$$00000004
    .ARM.Collect$$libshutdown$$00000007
    .ARM.Collect$$libshutdown$$0000000A
    .ARM.Collect$$libshutdown$$0000000C
    .ARM.Collect$$libshutdown$$0000000F
    .ARM.Collect$$libshutdown$$00000010
    __rt_lib_shutdown_cpp_1
    __rt_lib_shutdown_fp_trap_1
    __rt_lib_shutdown_heap_1
    __rt_lib_shutdown_return
    __rt_lib_shutdown_signal_1
    __rt_lib_shutdown_stdio_1
    __rt_lib_shutdown_user_alloc_1
        0x0000091a:    bd10        ..      POP      {r4,pc}
    .ARM.Collect$$rtentry$$00000000
    .ARM.Collect$$rtentry$$00000002
    .ARM.Collect$$rtentry$$00000005
    __rt_entry
    __rt_entry_presh_1
    __rt_entry_sh
        0x0000091c:    f8dfd00c    ....    LDR      sp,__lit__00000000 ; [0x92c] = 0x20001060
    .ARM.Collect$$rtentry$$00000009
    .ARM.Collect$$rtentry$$0000000A
    __rt_entry_li
    __rt_entry_postsh_1
        0x00000920:    f7fffff6    ....    BL       __rt_lib_init ; 0x910
    .ARM.Collect$$rtentry$$0000000C
    .ARM.Collect$$rtentry$$0000000D
    __rt_entry_main
    __rt_entry_postli_1
        0x00000924:    f000f900    ....    BL       main ; 0xb28
        0x00000928:    f000f889    ....    BL       exit ; 0xa3e
    $d
    .ARM.Collect$$rtentry$$00002716
    __lit__00000000
        0x0000092c:    20001060    `..     DCD    536875104
    $t
    .ARM.Collect$$rtexit$$00000000
    __rt_exit
        0x00000930:    b403        ..      PUSH     {r0,r1}
    .ARM.Collect$$rtexit$$00000002
    .ARM.Collect$$rtexit$$00000003
    __rt_exit_ls
    __rt_exit_prels_1
        0x00000932:    f7fffff1    ....    BL       __rt_lib_shutdown ; 0x918
    .ARM.Collect$$rtexit$$00000004
    __rt_exit_exit
        0x00000936:    bc03        ..      POP      {r0,r1}
        0x00000938:    f000f88c    ....    BL       _sys_exit ; 0xa54
    .text
    $v0
    Reset_Handler
        0x0000093c:    4830        0H      LDR      r0,[pc,#192] ; [0xa00] = 0x20000060
        0x0000093e:    f380880a    ....    MSR      MSPLIM,r0
        0x00000942:    4830        0H      LDR      r0,[pc,#192] ; [0xa04] = 0xa83
        0x00000944:    4780        .G      BLX      r0
        0x00000946:    4830        0H      LDR      r0,[pc,#192] ; [0xa08] = 0x89d
        0x00000948:    4700        .G      BX       r0
    HardFault_Handler
        0x0000094a:    e7fe        ..      B        HardFault_Handler ; 0x94a
    NMI_Handler
        0x0000094c:    e7fe        ..      B        NMI_Handler ; 0x94c
    MemManage_Handler
        0x0000094e:    e7fe        ..      B        MemManage_Handler ; 0x94e
    BusFault_Handler
        0x00000950:    e7fe        ..      B        BusFault_Handler ; 0x950
    UsageFault_Handler
        0x00000952:    e7fe        ..      B        UsageFault_Handler ; 0x952
    SecureFault_Handler
        0x00000954:    e7fe        ..      B        SecureFault_Handler ; 0x954
    SVC_Handler
        0x00000956:    e7fe        ..      B        SVC_Handler ; 0x956
    DebugMon_Handler
        0x00000958:    e7fe        ..      B        DebugMon_Handler ; 0x958
    PendSV_Handler
        0x0000095a:    e7fe        ..      B        PendSV_Handler ; 0x95a
    SysTick_Handler
        0x0000095c:    e7fe        ..      B        SysTick_Handler ; 0x95c
    UART0_Handler
        0x0000095e:    e7fe        ..      B        UART0_Handler ; 0x95e
    ADC_Handler
        0x00000960:    e7fe        ..      B        ADC_Handler ; 0x960
    UART1_Handler
        0x00000962:    e7fe        ..      B        UART1_Handler ; 0x962
    DMACINTERR_Handler
        0x00000964:    e7fe        ..      B        DMACINTERR_Handler ; 0x964
    DMACINTTC_Handler
        0x00000966:    e7fe        ..      B        DMACINTTC_Handler ; 0x966
    DMACINTR_Handler
        0x00000968:    e7fe        ..      B        DMACINTR_Handler ; 0x968
    PORT0_COMB_Handler
        0x0000096a:    e7fe        ..      B        PORT0_COMB_Handler ; 0x96a
    ADC1_Handler
        0x0000096c:    e7fe        ..      B        ADC1_Handler ; 0x96c
    TIMER0_Handler
        0x0000096e:    e7fe        ..      B        TIMER0_Handler ; 0x96e
    TIMER1_Handler
        0x00000970:    e7fe        ..      B        TIMER1_Handler ; 0x970
    DUALTIMER0_Handler
        0x00000972:    e7fe        ..      B        DUALTIMER0_Handler ; 0x972
    DUALTIMER1_Handler
        0x00000974:    e7fe        ..      B        DUALTIMER1_Handler ; 0x974
    UARTOVF_Handler
        0x00000976:    e7fe        ..      B        UARTOVF_Handler ; 0x976
    EXT13_IRQn
        0x00000978:    e7fe        ..      B        EXT13_IRQn ; 0x978
    EXT14_IRQn
        0x0000097a:    e7fe        ..      B        EXT14_IRQn ; 0x97a
    EXT15_IRQn
        0x0000097c:    e7fe        ..      B        EXT15_IRQn ; 0x97c
    PORT0_0_Handler
        0x0000097e:    e7fe        ..      B        PORT0_0_Handler ; 0x97e
    PORT0_1_Handler
        0x00000980:    e7fe        ..      B        PORT0_1_Handler ; 0x980
    PORT0_2_Handler
        0x00000982:    e7fe        ..      B        PORT0_2_Handler ; 0x982
    PORT0_3_Handler
        0x00000984:    e7fe        ..      B        PORT0_3_Handler ; 0x984
    PORT0_4_Handler
        0x00000986:    e7fe        ..      B        PORT0_4_Handler ; 0x986
    PORT0_5_Handler
        0x00000988:    e7fe        ..      B        PORT0_5_Handler ; 0x988
    PORT0_6_Handler
        0x0000098a:    e7fe        ..      B        PORT0_6_Handler ; 0x98a
    PORT0_7_Handler
        0x0000098c:    e7fe        ..      B        PORT0_7_Handler ; 0x98c
    PORT0_8_Handler
        0x0000098e:    e7fe        ..      B        PORT0_8_Handler ; 0x98e
    PORT0_9_Handler
        0x00000990:    e7fe        ..      B        PORT0_9_Handler ; 0x990
    PORT0_10_Handler
        0x00000992:    e7fe        ..      B        PORT0_10_Handler ; 0x992
    PORT0_11_Handler
        0x00000994:    e7fe        ..      B        PORT0_11_Handler ; 0x994
    PORT0_12_Handler
        0x00000996:    e7fe        ..      B        PORT0_12_Handler ; 0x996
    PORT0_13_Handler
        0x00000998:    e7fe        ..      B        PORT0_13_Handler ; 0x998
    PORT0_14_Handler
        0x0000099a:    e7fe        ..      B        PORT0_14_Handler ; 0x99a
    PORT0_15_Handler
        0x0000099c:    e7fe        ..      B        PORT0_15_Handler ; 0x99c
    PORT0_16_Handler
        0x0000099e:    e7fe        ..      B        PORT0_16_Handler ; 0x99e
    PORT0_17_Handler
        0x000009a0:    e7fe        ..      B        PORT0_17_Handler ; 0x9a0
    PORT0_18_Handler
        0x000009a2:    e7fe        ..      B        PORT0_18_Handler ; 0x9a2
    PORT0_19_Handler
        0x000009a4:    e7fe        ..      B        PORT0_19_Handler ; 0x9a4
    PORT0_20_Handler
        0x000009a6:    e7fe        ..      B        PORT0_20_Handler ; 0x9a6
    PORT0_21_Handler
        0x000009a8:    e7fe        ..      B        PORT0_21_Handler ; 0x9a8
    PORT0_22_Handler
        0x000009aa:    e7fe        ..      B        PORT0_22_Handler ; 0x9aa
    PORT0_23_Handler
        0x000009ac:    e7fe        ..      B        PORT0_23_Handler ; 0x9ac
    PORT0_24_Handler
        0x000009ae:    e7fe        ..      B        PORT0_24_Handler ; 0x9ae
    PORT0_25_Handler
        0x000009b0:    e7fe        ..      B        PORT0_25_Handler ; 0x9b0
    PORT0_26_Handler
        0x000009b2:    e7fe        ..      B        PORT0_26_Handler ; 0x9b2
    PORT0_27_Handler
        0x000009b4:    e7fe        ..      B        PORT0_27_Handler ; 0x9b4
    PORT0_28_Handler
        0x000009b6:    e7fe        ..      B        PORT0_28_Handler ; 0x9b6
    PORT0_29_Handler
        0x000009b8:    e7fe        ..      B        PORT0_29_Handler ; 0x9b8
    PORT0_30_Handler
        0x000009ba:    e7fe        ..      B        PORT0_30_Handler ; 0x9ba
    PORT0_31_Handler
        0x000009bc:    e7fe        ..      B        PORT0_31_Handler ; 0x9bc
    I2C_Handler
        0x000009be:    e7fe        ..      B        I2C_Handler ; 0x9be
    MPS2_SSP0_Handler
        0x000009c0:    e7fe        ..      B        MPS2_SSP0_Handler ; 0x9c0
    MPS2_SSP1_Handler
        0x000009c2:    e7fe        ..      B        MPS2_SSP1_Handler ; 0x9c2
    Spare51_Handler
        0x000009c4:    e7fe        ..      B        Spare51_Handler ; 0x9c4
    Spare52_Handler
        0x000009c6:    e7fe        ..      B        Spare52_Handler ; 0x9c6
    Spare53_Handler
        0x000009c8:    e7fe        ..      B        Spare53_Handler ; 0x9c8
    Spare54_Handler
        0x000009ca:    e7fe        ..      B        Spare54_Handler ; 0x9ca
    Spare55_Handler
        0x000009cc:    e7fe        ..      B        Spare55_Handler ; 0x9cc
    Spare56_Handler
        0x000009ce:    e7fe        ..      B        Spare56_Handler ; 0x9ce
    Spare57_Handler
        0x000009d0:    e7fe        ..      B        Spare57_Handler ; 0x9d0
    Spare58_Handler
        0x000009d2:    e7fe        ..      B        Spare58_Handler ; 0x9d2
    Spare59_Handler
        0x000009d4:    e7fe        ..      B        Spare59_Handler ; 0x9d4
    Spare60_Handler
        0x000009d6:    e7fe        ..      B        Spare60_Handler ; 0x9d6
    Spare61_Handler
        0x000009d8:    e7fe        ..      B        Spare61_Handler ; 0x9d8
    Spare62_Handler
        0x000009da:    e7fe        ..      B        Spare62_Handler ; 0x9da
    Spare63_Handler
        0x000009dc:    e7fe        ..      B        Spare63_Handler ; 0x9dc
    EXT0_Handler
        0x000009de:    e7fe        ..      B        EXT0_Handler ; 0x9de
    EXT1_Handler
        0x000009e0:    e7fe        ..      B        EXT1_Handler ; 0x9e0
    EXT2_Handler
        0x000009e2:    e7fe        ..      B        EXT2_Handler ; 0x9e2
    EXT3_Handler
        0x000009e4:    e7fe        ..      B        EXT3_Handler ; 0x9e4
    EXT4_Handler
        0x000009e6:    e7fe        ..      B        EXT4_Handler ; 0x9e6
    EXT5_Handler
        0x000009e8:    e7fe        ..      B        EXT5_Handler ; 0x9e8
    EXT6_Handler
        0x000009ea:    e7fe        ..      B        EXT6_Handler ; 0x9ea
    EXT7_Handler
        0x000009ec:    e7fe        ..      B        EXT7_Handler ; 0x9ec
    EXT8_Handler
        0x000009ee:    e7fe        ..      B        EXT8_Handler ; 0x9ee
    EXT9_Handler
        0x000009f0:    e7fe        ..      B        EXT9_Handler ; 0x9f0
    EXT10_Handler
        0x000009f2:    e7fe        ..      B        EXT10_Handler ; 0x9f2
    EXT11_Handler
        0x000009f4:    e7fe        ..      B        EXT11_Handler ; 0x9f4
    EXT12_Handler
        0x000009f6:    e7fe        ..      B        EXT12_Handler ; 0x9f6
    EXT13_Handler
        0x000009f8:    e7fe        ..      B        EXT13_Handler ; 0x9f8
    EXT14_Handler
        0x000009fa:    e7fe        ..      B        EXT14_Handler ; 0x9fa
    EXT15_Handler
        0x000009fc:    e7fe        ..      B        EXT15_Handler ; 0x9fc
    UART2_Handler
        0x000009fe:    e7fe        ..      B        UART2_Handler ; 0x9fe
    $d
        0x00000a00:    20000060    `..     DCD    536871008
        0x00000a04:    00000a83    ....    DCD    2691
        0x00000a08:    0000089d    ....    DCD    2205
    $t
    .text
    puts
        0x00000a0c:    b510        ..      PUSH     {r4,lr}
        0x00000a0e:    4604        .F      MOV      r4,r0
        0x00000a10:    e003        ..      B        0xa1a ; puts + 14
        0x00000a12:    f000f87d    ..}.    BL       fputc ; 0xb10
        0x00000a16:    1c40        @.      ADDS     r0,r0,#1
        0x00000a18:    d009        ..      BEQ      0xa2e ; puts + 34
        0x00000a1a:    f8140b01    ....    LDRB     r0,[r4],#1
        0x00000a1e:    4905        .I      LDR      r1,[pc,#20] ; [0xa34] = 0x20000008
        0x00000a20:    2800        .(      CMP      r0,#0
        0x00000a22:    d1f6        ..      BNE      0xa12 ; puts + 6
        0x00000a24:    e8bd4010    ...@    POP      {r4,lr}
        0x00000a28:    200a        .       MOVS     r0,#0xa
        0x00000a2a:    f000b871    ..q.    B.W      fputc ; 0xb10
        0x00000a2e:    f04f30ff    O..0    MOV      r0,#0xffffffff
        0x00000a32:    bd10        ..      POP      {r4,pc}
    $d
        0x00000a34:    20000008    ...     DCD    536870920
    $t
    .text
    __use_two_region_memory
        0x00000a38:    4770        pG      BX       lr
    __rt_heap_escrow$2region
        0x00000a3a:    4770        pG      BX       lr
    __rt_heap_expand$2region
        0x00000a3c:    4770        pG      BX       lr
    .text
    exit
        0x00000a3e:    b510        ..      PUSH     {r4,lr}
        0x00000a40:    4604        .F      MOV      r4,r0
        0x00000a42:    f3af8000    ....    NOP.W    
        0x00000a46:    4620         F      MOV      r0,r4
        0x00000a48:    e8bd4010    ...@    POP      {r4,lr}
        0x00000a4c:    f7ffbf70    ..p.    B.W      __rt_exit ; 0x930
    .text
    __I$use$semihosting
    __use_no_semihosting_swi
        0x00000a50:    4770        pG      BX       lr
    .text
    __semihosting_library_function
        0x00000a52:    0000        ..      MOVS     r0,r0
    .text
    _sys_exit
        0x00000a54:    4901        .I      LDR      r1,[pc,#4] ; [0xa5c] = 0x20026
        0x00000a56:    2018        .       MOVS     r0,#0x18
        0x00000a58:    beab        ..      BKPT     #0xab
        0x00000a5a:    e7fe        ..      B        0xa5a ; _sys_exit + 6
    $d
        0x00000a5c:    00020026    &...    DCD    131110
    $t.6
    GPIO_PinRemapConfig
        0x00000a60:    b112        ..      CBZ      r2,0xa68 ; GPIO_PinRemapConfig + 8
        0x00000a62:    6982        .i      LDR      r2,[r0,#0x18]
        0x00000a64:    4311        .C      ORRS     r1,r1,r2
        0x00000a66:    6181        .a      STR      r1,[r0,#0x18]
        0x00000a68:    4770        pG      BX       lr
    RCC_APB1PeriphResetCmd
        0x00000a6a:    2900        .)      CMP      r1,#0
        0x00000a6c:    f2430100    C...    MOVW     r1,#0x3000
        0x00000a70:    f2c40100    ....    MOVT     r1,#0x4000
        0x00000a74:    680a        .h      LDR      r2,[r1,#0]
        0x00000a76:    bf0c        ..      ITE      EQ
        0x00000a78:    4310        .C      ORREQ    r0,r0,r2
        0x00000a7a:    ea220000    "...    BICNE    r0,r2,r0
        0x00000a7e:    6008        .`      STR      r0,[r1,#0]
        0x00000a80:    4770        pG      BX       lr
    SystemInit
        0x00000a82:    f2400000    @...    MOVW     r0,#0
        0x00000a86:    f64e5108    N..Q    MOV      r1,#0xed08
        0x00000a8a:    f2c00000    ....    MOVT     r0,#0
        0x00000a8e:    f2ce0100    ....    MOVT     r1,#0xe000
        0x00000a92:    6008        .`      STR      r0,[r1,#0]
        0x00000a94:    f8d10080    ....    LDR      r0,[r1,#0x80]
        0x00000a98:    f4400070    @.p.    ORR      r0,r0,#0xf00000
        0x00000a9c:    f8c10080    ....    STR      r0,[r1,#0x80]
        0x00000aa0:    f2400000    @...    MOVW     r0,#0
        0x00000aa4:    f24c2100    L..!    MOVW     r1,#0xc200
        0x00000aa8:    f2c20000    ....    MOVT     r0,#0x2000
        0x00000aac:    f6c031eb    ...1    MOVT     r1,#0xbeb
        0x00000ab0:    6001        .`      STR      r1,[r0,#0]
        0x00000ab2:    4770        pG      BX       lr
    UART_DeInit
        0x00000ab4:    b510        ..      PUSH     {r4,lr}
        0x00000ab6:    f1b02f40    ..@/    CMP      r0,#0x40004000
        0x00000aba:    d00e        ..      BEQ      0xada ; UART_DeInit + 38
        0x00000abc:    f24f0100    O...    MOVW     r1,#0xf000
        0x00000ac0:    f2c40100    ....    MOVT     r1,#0x4000
        0x00000ac4:    4288        .B      CMP      r0,r1
        0x00000ac6:    d00a        ..      BEQ      0xade ; UART_DeInit + 42
        0x00000ac8:    f2450100    E...    MOVW     r1,#0x5000
        0x00000acc:    f2c40100    ....    MOVT     r1,#0x4000
        0x00000ad0:    4288        .B      CMP      r0,r1
        0x00000ad2:    bf18        ..      IT       NE
        0x00000ad4:    bd10        ..      POPNE    {r4,pc}
        0x00000ad6:    2410        .$      MOVS     r4,#0x10
        0x00000ad8:    e003        ..      B        0xae2 ; UART_DeInit + 46
        0x00000ada:    2408        .$      MOVS     r4,#8
        0x00000adc:    e001        ..      B        0xae2 ; UART_DeInit + 46
        0x00000ade:    f44f6400    O..d    MOV      r4,#0x800
        0x00000ae2:    4620         F      MOV      r0,r4
        0x00000ae4:    2101        .!      MOVS     r1,#1
        0x00000ae6:    f7ffffc0    ....    BL       RCC_APB1PeriphResetCmd ; 0xa6a
        0x00000aea:    4620         F      MOV      r0,r4
        0x00000aec:    2100        .!      MOVS     r1,#0
        0x00000aee:    e8bd4010    ...@    POP      {r4,lr}
        0x00000af2:    f7ffbfba    ....    B.W      RCC_APB1PeriphResetCmd ; 0xa6a
    UART_Init
        0x00000af6:    f2400200    @...    MOVW     r2,#0
        0x00000afa:    f2c20200    ....    MOVT     r2,#0x2000
        0x00000afe:    6812        .h      LDR      r2,[r2,#0]
        0x00000b00:    680b        .h      LDR      r3,[r1,#0]
        0x00000b02:    fbb2f2f3    ....    UDIV     r2,r2,r3
        0x00000b06:    6102        .a      STR      r2,[r0,#0x10]
        0x00000b08:    7909        .y      LDRB     r1,[r1,#4]
        0x00000b0a:    6081        .`      STR      r1,[r0,#8]
        0x00000b0c:    4770        pG      BX       lr
        0x00000b0e:    0000        ..      MOVS     r0,r0
    fputc
        0x00000b10:    f2440104    D...    MOV      r1,#0x4004
        0x00000b14:    f2c40100    ....    MOVT     r1,#0x4000
        0x00000b18:    680a        .h      LDR      r2,[r1,#0]
        0x00000b1a:    07d2        ..      LSLS     r2,r2,#31
        0x00000b1c:    d1fc        ..      BNE      0xb18 ; fputc + 8
        0x00000b1e:    b2c0        ..      UXTB     r0,r0
        0x00000b20:    f04f2140    O.@!    MOV      r1,#0x40004000
        0x00000b24:    6008        .`      STR      r0,[r1,#0]
        0x00000b26:    4770        pG      BX       lr
    main
        0x00000b28:    b084        ..      SUB      sp,sp,#0x10
        0x00000b2a:    f04f2040    O.@     MOV      r0,#0x40004000
        0x00000b2e:    f7ffffc1    ....    BL       UART_DeInit ; 0xab4
        0x00000b32:    2400        .$      MOVS     r4,#0
        0x00000b34:    f2c40401    ....    MOVT     r4,#0x4001
        0x00000b38:    4620         F      MOV      r0,r4
        0x00000b3a:    2104        .!      MOVS     r1,#4
        0x00000b3c:    2201        ."      MOVS     r2,#1
        0x00000b3e:    f7ffff8f    ....    BL       GPIO_PinRemapConfig ; 0xa60
        0x00000b42:    4620         F      MOV      r0,r4
        0x00000b44:    2108        .!      MOVS     r1,#8
        0x00000b46:    2201        ."      MOVS     r2,#1
        0x00000b48:    f7ffff8a    ....    BL       GPIO_PinRemapConfig ; 0xa60
        0x00000b4c:    f44f30e1    O..0    MOV      r0,#0x1c200
        0x00000b50:    9001        ..      STR      r0,[sp,#4]
        0x00000b52:    2003        .       MOVS     r0,#3
        0x00000b54:    f88d0008    ....    STRB     r0,[sp,#8]
        0x00000b58:    a901        ..      ADD      r1,sp,#4
        0x00000b5a:    f04f2040    O.@     MOV      r0,#0x40004000
        0x00000b5e:    f7ffffca    ....    BL       UART_Init ; 0xaf6
        0x00000b62:    a40f        ..      ADR      r4,{pc}+0x3e ; 0xba0
        0x00000b64:    2500        .%      MOVS     r5,#0
        0x00000b66:    bf00        ..      NOP      
        0x00000b68:    4620         F      MOV      r0,r4
        0x00000b6a:    f7ffff4f    ..O.    BL       puts ; 0xa0c
        0x00000b6e:    9501        ..      STR      r5,[sp,#4]
        0x00000b70:    9801        ..      LDR      r0,[sp,#4]
        0x00000b72:    2863        c(      CMP      r0,#0x63
        0x00000b74:    d8f8        ..      BHI      0xb68 ; main + 64
        0x00000b76:    bf00        ..      NOP      
        0x00000b78:    9503        ..      STR      r5,[sp,#0xc]
        0x00000b7a:    9803        ..      LDR      r0,[sp,#0xc]
        0x00000b7c:    08c0        ..      LSRS     r0,r0,#3
        0x00000b7e:    287c        |(      CMP      r0,#0x7c
        0x00000b80:    d807        ..      BHI      0xb92 ; main + 106
        0x00000b82:    bf00        ..      NOP      
        0x00000b84:    9803        ..      LDR      r0,[sp,#0xc]
        0x00000b86:    3001        .0      ADDS     r0,#1
        0x00000b88:    9003        ..      STR      r0,[sp,#0xc]
        0x00000b8a:    9803        ..      LDR      r0,[sp,#0xc]
        0x00000b8c:    f5b07f7a    ..z.    CMP      r0,#0x3e8
        0x00000b90:    d3f8        ..      BCC      0xb84 ; main + 92
        0x00000b92:    9801        ..      LDR      r0,[sp,#4]
        0x00000b94:    3001        .0      ADDS     r0,#1
        0x00000b96:    9001        ..      STR      r0,[sp,#4]
        0x00000b98:    9801        ..      LDR      r0,[sp,#4]
        0x00000b9a:    2864        d(      CMP      r0,#0x64
        0x00000b9c:    d3ec        ..      BCC      0xb78 ; main + 80
        0x00000b9e:    e7e3        ..      B        0xb68 ; main + 64
    $d.1
        0x00000ba0:    52415453    STAR    DCD    1380013139
        0x00000ba4:    72617520     uar    DCD    1918989600
        0x00000ba8:    74203074    t0 t    DCD    1948266612
        0x00000bac:    2e747365    est.    DCD    779383653
        0x00000bb0:    000d2e2e    ....    DCD    863790
    $t
    x$fpl$fpinit
    $v0
    _fp_init
        0x00000bb4:    eef10a10    ....    VMRS     r0,FPSCR
        0x00000bb8:    f64f71ff    O..q    MOV      r1,#0xffff
        0x00000bbc:    f2c031c0    ...1    MOVT     r1,#0x3c0
        0x00000bc0:    ea200001     ...    BIC      r0,r0,r1
        0x00000bc4:    f0407040    @.@p    ORR      r0,r0,#0x3000000
        0x00000bc8:    eee10a10    ....    VMSR     FPSCR,r0
    __fplib_config_fpu_vfp
    __fplib_config_pureend_doubles
        0x00000bcc:    4770        pG      BX       lr
        0x00000bce:    0000        ..      MOVS     r0,r0
    $d.realdata
    Region$$Table$$Base
        0x00000bd0:    00000bf0    ....    DCD    3056
        0x00000bd4:    20000000    ...     DCD    536870912
        0x00000bd8:    00000008    ....    DCD    8
        0x00000bdc:    000008d8    ....    DCD    2264
        0x00000be0:    00000bf8    ....    DCD    3064
        0x00000be4:    20000008    ...     DCD    536870920
        0x00000be8:    00001058    X...    DCD    4184
        0x00000bec:    000008f4    ....    DCD    2292
    Region$$Table$$Limit

** Section #2 'RW_IRAM1' (SHT_PROGBITS) [SHF_ALLOC + SHF_WRITE]
    Size   : 8 bytes (alignment 8)
    Address: 0x20000000

    0x20000000:   00 c2 eb 0b 00 00 00 00                            ........


** Section #3 'RW_IRAM1' (SHT_NOBITS) [SHF_ALLOC + SHF_WRITE]
    Size   : 4184 bytes (alignment 8)
    Address: 0x20000008


** Section #4 '.debug_abbrev' (SHT_PROGBITS)
    Size   : 1629 bytes


** Section #5 '.debug_frame' (SHT_PROGBITS)
    Size   : 2536 bytes


** Section #6 '.debug_info' (SHT_PROGBITS)
    Size   : 6669 bytes


** Section #7 '.debug_line' (SHT_PROGBITS)
    Size   : 2034 bytes


** Section #8 '.debug_loc' (SHT_PROGBITS)
    Size   : 1413 bytes


** Section #9 '.debug_str' (SHT_PROGBITS)
    Size   : 3119 bytes


** Section #10 '.debug_ranges' (SHT_PROGBITS)
    Size   : 216 bytes


** Section #11 '.symtab' (SHT_SYMTAB)
    Size   : 5072 bytes (alignment 4)
    String table #12 '.strtab'
    Last local symbol no. 147

    Symbol table .symtab (316 symbols, 147 local)

      #  Symbol Name                Value      Bind  Sec  Type  Vis  Size
    ========================================================================

      1  $d.realdata                0x00000000   Lc    1   --   De 
      2  $t                         0x0000089c   Lc    1   --   De 
      3  $d                         0x000008d0   Lc    1   --   De 
      4  $t                         0x000008d8   Lc    1   --   De 
      5  $d                         0x0000092c   Lc    1   --   De 
      6  $t                         0x00000930   Lc    1   --   De 
      7  $d                         0x00000a00   Lc    1   --   De 
      8  $t                         0x00000a0c   Lc    1   --   De 
      9  $d                         0x00000a34   Lc    1   --   De 
     10  $t                         0x00000a38   Lc    1   --   De 
     11  $d                         0x00000a5c   Lc    1   --   De 
     12  $t.6                       0x00000a60   Lc    1   --   De 
     13  $d.1                       0x00000ba0   Lc    1   --   De 
     14  $t                         0x00000bb4   Lc    1   --   De 
     15  $d.realdata                0x00000bd0   Lc    1   --   De 
     16  $d.realdata                0x20000000   Lc    2   --   De 
     17  STAR_adc.c                 0x00000000   Lc  Abs  File  De 
     18  STAR_dma.c                 0x00000000   Lc  Abs  File  De 
     19  STAR_dualtimer.c           0x00000000   Lc  Abs  File  De 
     20  STAR_gpio.c                0x00000000   Lc  Abs  File  De 
     21  STAR_i2c.c                 0x00000000   Lc  Abs  File  De 
     22  STAR_mpu.c                 0x00000000   Lc  Abs  File  De 
     23  STAR_rcc.c                 0x00000000   Lc  Abs  File  De 
     24  STAR_retarget.c            0x00000000   Lc  Abs  File  De 
     25  STAR_spi.c                 0x00000000   Lc  Abs  File  De 
     26  STAR_timer.c               0x00000000   Lc  Abs  File  De 
     27  STAR_uart.c                0x00000000   Lc  Abs  File  De 
     28  STAR_watchdog.c            0x00000000   Lc  Abs  File  De 
     29  system_ARMCM33.c           0x00000000   Lc  Abs  File  De 
     30  SA5Z50_DEVS/startup_ARMCM33.s
                                    0x00000000   Lc  Abs  File  De 
     31  STACK                      0x20000060   Lc    3  Sect  De   0x1000
     32  RESET                      0x00000000   Lc    1  Sect  De   0x89c
     33  .text                      0x0000093c   Lc    1  Sect  De   0xd0
     34  $v0                        0x0000093c   Lc    1   --   De 
     35  main.c                     0x00000000   Lc  Abs  File  De 
     36  dc.s                       0x00000000   Lc  Abs  File  De 
     37  ../clib/stdio.c            0x00000000   Lc  Abs  File  De 
     38  .text                      0x00000a0c   Lc    1  Sect  De 
     39  ../clib/heapaux.c          0x00000000   Lc  Abs  File  De 
     40  .text                      0x00000a38   Lc    1  Sect  De 
     41  ../clib/angel/startup.s    0x00000000   Lc  Abs  File  De 
     42  !!!main                    0x0000089c   Lc    1  Sect  De   0x8
     43  ../clib/angel/kernel.s     0x00000000   Lc  Abs  File  De 
     44  .ARM.Collect$$rtentry$$00000000
                                    0x0000091c   Lc    1  Sect  De 
     45  ../clib/angel/kernel.s     0x00000000   Lc  Abs  File  De 
     46  .ARM.Collect$$rtentry$$00000002
                                    0x0000091c   Lc    1  Sect  De 
     47  .ARM.Collect$$rtentry$$00000009
                                    0x00000920   Lc    1  Sect  De 
     48  .ARM.Collect$$rtentry$$0000000A
                                    0x00000920   Lc    1  Sect  De   0x4
     49  .ARM.Collect$$rtentry$$0000000C
                                    0x00000924   Lc    1  Sect  De 
     50  .ARM.Collect$$rtentry$$0000000D
                                    0x00000924   Lc    1  Sect  De   0x8
     51  ../clib/angel/kernel.s     0x00000000   Lc  Abs  File  De 
     52  ../clib/angel/kernel.s     0x00000000   Lc  Abs  File  De 
     53  .ARM.Collect$$rtentry$$00000005
                                    0x0000091c   Lc    1  Sect  De   0x4
     54  .ARM.Collect$$rtentry$$00002716
                                    0x0000092c   Lc    1  Sect  De   0x4
     55  __lit__00000000            0x0000092c   Lc    1  Data  De   0x4
     56  ../clib/angel/sys.s        0x00000000   Lc  Abs  File  De 
     57  ../clib/stdlib.c           0x00000000   Lc  Abs  File  De 
     58  .text                      0x00000a3e   Lc    1  Sect  De 
     59  ../clib/angel/boardlib.s   0x00000000   Lc  Abs  File  De 
     60  ../clib/angel/boardlib.s   0x00000000   Lc  Abs  File  De 
     61  ../clib/angel/boardlib.s   0x00000000   Lc  Abs  File  De 
     62  ../clib/libinit.s          0x00000000   Lc  Abs  File  De 
     63  .ARM.Collect$$libinit$$00000000
                                    0x00000910   Lc    1  Sect  De   0x2
     64  ../clib/angel/sys.s        0x00000000   Lc  Abs  File  De 
     65  ../clib/angel/sys.s        0x00000000   Lc  Abs  File  De 
     66  ../clib/angel/sys.s        0x00000000   Lc  Abs  File  De 
     67  ../clib/angel/kernel.s     0x00000000   Lc  Abs  File  De 
     68  .ARM.Collect$$rtexit$$00000000
                                    0x00000930   Lc    1  Sect  De   0x2
     69  ../clib/libinit.s          0x00000000   Lc  Abs  File  De 
     70  .ARM.Collect$$libinit$$00000001
                                    0x00000912   Lc    1  Sect  De   0x4
     71  .ARM.Collect$$libinit$$00000004
                                    0x00000916   Lc    1  Sect  De 
     72  .ARM.Collect$$libinit$$0000000A
                                    0x00000916   Lc    1  Sect  De 
     73  .ARM.Collect$$libinit$$0000000C
                                    0x00000916   Lc    1  Sect  De 
     74  .ARM.Collect$$libinit$$0000000E
                                    0x00000916   Lc    1  Sect  De 
     75  .ARM.Collect$$libinit$$00000011
                                    0x00000916   Lc    1  Sect  De 
     76  .ARM.Collect$$libinit$$00000013
                                    0x00000916   Lc    1  Sect  De 
     77  .ARM.Collect$$libinit$$00000015
                                    0x00000916   Lc    1  Sect  De 
     78  .ARM.Collect$$libinit$$00000017
                                    0x00000916   Lc    1  Sect  De 
     79  .ARM.Collect$$libinit$$00000019
                                    0x00000916   Lc    1  Sect  De 
     80  .ARM.Collect$$libinit$$0000001B
                                    0x00000916   Lc    1  Sect  De 
     81  .ARM.Collect$$libinit$$0000001D
                                    0x00000916   Lc    1  Sect  De 
     82  .ARM.Collect$$libinit$$0000001F
                                    0x00000916   Lc    1  Sect  De 
     83  .ARM.Collect$$libinit$$00000021
                                    0x00000916   Lc    1  Sect  De 
     84  .ARM.Collect$$libinit$$00000023
                                    0x00000916   Lc    1  Sect  De 
     85  .ARM.Collect$$libinit$$00000025
                                    0x00000916   Lc    1  Sect  De 
     86  .ARM.Collect$$libinit$$0000002C
                                    0x00000916   Lc    1  Sect  De 
     87  .ARM.Collect$$libinit$$0000002E
                                    0x00000916   Lc    1  Sect  De 
     88  .ARM.Collect$$libinit$$00000030
                                    0x00000916   Lc    1  Sect  De 
     89  .ARM.Collect$$libinit$$00000032
                                    0x00000916   Lc    1  Sect  De 
     90  .ARM.Collect$$libinit$$00000033
                                    0x00000916   Lc    1  Sect  De   0x2
     91  ../clib/libinit.s          0x00000000   Lc  Abs  File  De 
     92  ../clib/angel/sys.s        0x00000000   Lc  Abs  File  De 
     93  .text                      0x00000a50   Lc    1  Sect  De   0x2
     94  ../clib/angel/sys.s        0x00000000   Lc  Abs  File  De 
     95  .text                      0x00000a52   Lc    1  Sect  De 
     96  ../clib/angel/kernel.s     0x00000000   Lc  Abs  File  De 
     97  .ARM.Collect$$rtexit$$00000002
                                    0x00000932   Lc    1  Sect  De 
     98  .ARM.Collect$$rtexit$$00000003
                                    0x00000932   Lc    1  Sect  De   0x4
     99  .ARM.Collect$$rtexit$$00000004
                                    0x00000936   Lc    1  Sect  De   0x6
    100  ../clib/armsys.c           0x00000000   Lc  Abs  File  De 
    101  ../clib/armsys.c           0x00000000   Lc  Abs  File  De 
    102  ../fplib/fpinit.s          0x00000000   Lc  Abs  File  De 
    103  x$fpl$fpinit               0x00000bb4   Lc    1  Sect  De   0x1a
    104  $v0                        0x00000bb4   Lc    1   --   De 
    105  ../clib/angel/sysapp.c     0x00000000   Lc  Abs  File  De 
    106  .text                      0x00000a54   Lc    1  Sect  De 
    107  ../clib/angel/sysapp.c     0x00000000   Lc  Abs  File  De 
    108  ../clib/angel/boardlib.s   0x00000000   Lc  Abs  File  De 
    109  ../clib/armsys.c           0x00000000   Lc  Abs  File  De 
    110  ../clib/armsys.c           0x00000000   Lc  Abs  File  De 
    111  ../clib/libinit.s          0x00000000   Lc  Abs  File  De 
    112  .ARM.Collect$$libshutdown$$00000000
                                    0x00000918   Lc    1  Sect  De   0x2
    113  ../clib/angel/sysapp.c     0x00000000   Lc  Abs  File  De 
    114  ../clib/angel/sysapp.c     0x00000000   Lc  Abs  File  De 
    115  ../clib/heapalloc.c        0x00000000   Lc  Abs  File  De 
    116  ../clib/signal.c           0x00000000   Lc  Abs  File  De 
    117  ../clib/signal.c           0x00000000   Lc  Abs  File  De 
    118  ../clib/libinit.s          0x00000000   Lc  Abs  File  De 
    119  .ARM.Collect$$libshutdown$$00000002
                                    0x0000091a   Lc    1  Sect  De 
    120  .ARM.Collect$$libshutdown$$00000004
                                    0x0000091a   Lc    1  Sect  De 
    121  .ARM.Collect$$libshutdown$$00000007
                                    0x0000091a   Lc    1  Sect  De 
    122  .ARM.Collect$$libshutdown$$0000000A
                                    0x0000091a   Lc    1  Sect  De 
    123  .ARM.Collect$$libshutdown$$0000000C
                                    0x0000091a   Lc    1  Sect  De 
    124  .ARM.Collect$$libshutdown$$0000000F
                                    0x0000091a   Lc    1  Sect  De 
    125  .ARM.Collect$$libshutdown$$00000010
                                    0x0000091a   Lc    1  Sect  De   0x2
    126  ../clib/angel/rt.s         0x00000000   Lc  Abs  File  De 
    127  ../clib/signal.c           0x00000000   Lc  Abs  File  De 
    128  ../clib/signal.c           0x00000000   Lc  Abs  File  De 
    129  ../clib/signal.c           0x00000000   Lc  Abs  File  De 
    130  ../clib/signal.c           0x00000000   Lc  Abs  File  De 
    131  ../clib/angel/sysapp.c     0x00000000   Lc  Abs  File  De 
    132  ../clib/angel/sysapp.c     0x00000000   Lc  Abs  File  De 
    133  ../clib/signal.s           0x00000000   Lc  Abs  File  De 
    134  ../clib/signal.c           0x00000000   Lc  Abs  File  De 
    135  ../clib/signal.c           0x00000000   Lc  Abs  File  De 
    136  ../clib/signal.c           0x00000000   Lc  Abs  File  De 
    137  ../clib/signal.c           0x00000000   Lc  Abs  File  De 
    138  ../clib/signal.c           0x00000000   Lc  Abs  File  De 
    139  ../clib/signal.c           0x00000000   Lc  Abs  File  De 
    140  ../clib/signal.c           0x00000000   Lc  Abs  File  De 
    141  ../clib/signal.c           0x00000000   Lc  Abs  File  De 
    142  ../clib/angel/scatter.s    0x00000000   Lc  Abs  File  De 
    143  !!!scatter                 0x000008a4   Lc    1  Sect  De   0x34
    144  ../clib/angel/handlers.s   0x00000000   Lc  Abs  File  De 
    145  !!handler_copy             0x000008d8   Lc    1  Sect  De   0x1a
    146  ../clib/angel/handlers.s   0x00000000   Lc  Abs  File  De 
    147  !!handler_zi               0x000008f4   Lc    1  Sect  De   0x1c
    148  BuildAttributes$$THM_ISAv4$E$P$D$K$B$S$7EM$8M$VFPi5$EXTD16$VFPS$VFMA$PE$A:L22UL41UL21$X:L11$S22US41US21$IEEE1$IW$~IW$USESV6$~STKCKD$USESV7$~SHL$OSPACE$ROPI$EBA8$UX$STANDARDLIB$REQ8$PRES8$EABIv2
                                    0x00000000   Gb  Abs   --   Hi 
    149  __Vectors                  0x00000000   Gb    1  Data  Hi   0x4
    150  __Vectors_End              0x0000089c   Gb    1  Data  Hi 
    151  __Vectors_Size             0x0000089c   Gb  Abs   --   Hi 
    152  __main                     0x0000089d   Gb    1  Code  Hi   0x8
    153  __scatterload              0x000008a5   Gb    1  Code  Hi 
    154  __scatterload_rt2          0x000008a5   Gb    1  Code  Hi   0x2c
    155  __scatterload_rt2_thumb_only
                                    0x000008a5   Gb    1  Code  Hi 
    156  __scatterload_null         0x000008b3   Gb    1  Code  Hi 
    157  __scatterload_copy         0x000008d9   Gb    1  Code  Hi   0x1a
    158  __scatterload_zeroinit     0x000008f5   Gb    1  Code  Hi   0x1c
    159  __rt_lib_init              0x00000911   Gb    1  Code  De 
    160  __rt_lib_init_fp_1         0x00000913   Gb    1  Code  Hi 
    161  __rt_lib_init_alloca_1     0x00000917   Gb    1  Code  Hi 
    162  __rt_lib_init_argv_1       0x00000917   Gb    1  Code  Hi 
    163  __rt_lib_init_atexit_1     0x00000917   Gb    1  Code  Hi 
    164  __rt_lib_init_clock_1      0x00000917   Gb    1  Code  Hi 
    165  __rt_lib_init_cpp_1        0x00000917   Gb    1  Code  Hi 
    166  __rt_lib_init_exceptions_1 0x00000917   Gb    1  Code  Hi 
    167  __rt_lib_init_fp_trap_1    0x00000917   Gb    1  Code  Hi 
    168  __rt_lib_init_getenv_1     0x00000917   Gb    1  Code  Hi 
    169  __rt_lib_init_heap_1       0x00000917   Gb    1  Code  Hi 
    170  __rt_lib_init_lc_collate_1 0x00000917   Gb    1  Code  Hi 
    171  __rt_lib_init_lc_ctype_1   0x00000917   Gb    1  Code  Hi 
    172  __rt_lib_init_lc_monetary_1
                                    0x00000917   Gb    1  Code  Hi 
    173  __rt_lib_init_lc_numeric_1 0x00000917   Gb    1  Code  Hi 
    174  __rt_lib_init_lc_time_1    0x00000917   Gb    1  Code  Hi 
    175  __rt_lib_init_preinit_1    0x00000917   Gb    1  Code  Hi 
    176  __rt_lib_init_rand_1       0x00000917   Gb    1  Code  Hi 
    177  __rt_lib_init_return       0x00000917   Gb    1  Code  Hi 
    178  __rt_lib_init_signal_1     0x00000917   Gb    1  Code  Hi 
    179  __rt_lib_init_stdio_1      0x00000917   Gb    1  Code  Hi 
    180  __rt_lib_init_user_alloc_1 0x00000917   Gb    1  Code  Hi 
    181  __rt_lib_shutdown          0x00000919   Gb    1  Code  De 
    182  __rt_lib_shutdown_cpp_1    0x0000091b   Gb    1  Code  Hi 
    183  __rt_lib_shutdown_fp_trap_1
                                    0x0000091b   Gb    1  Code  Hi 
    184  __rt_lib_shutdown_heap_1   0x0000091b   Gb    1  Code  Hi 
    185  __rt_lib_shutdown_return   0x0000091b   Gb    1  Code  Hi 
    186  __rt_lib_shutdown_signal_1 0x0000091b   Gb    1  Code  Hi 
    187  __rt_lib_shutdown_stdio_1  0x0000091b   Gb    1  Code  Hi 
    188  __rt_lib_shutdown_user_alloc_1
                                    0x0000091b   Gb    1  Code  Hi 
    189  __rt_entry                 0x0000091d   Gb    1  Code  Hi 
    190  __rt_entry_presh_1         0x0000091d   Gb    1  Code  Hi 
    191  __rt_entry_sh              0x0000091d   Gb    1  Code  Hi 
    192  __rt_entry_li              0x00000921   Gb    1  Code  Hi 
    193  __rt_entry_postsh_1        0x00000921   Gb    1  Code  Hi 
    194  __rt_entry_main            0x00000925   Gb    1  Code  Hi 
    195  __rt_entry_postli_1        0x00000925   Gb    1  Code  Hi 
    196  __rt_exit                  0x00000931   Gb    1  Code  De 
    197  __rt_exit_ls               0x00000933   Gb    1  Code  Hi 
    198  __rt_exit_prels_1          0x00000933   Gb    1  Code  Hi 
    199  __rt_exit_exit             0x00000937   Gb    1  Code  Hi 
    200  Reset_Handler              0x0000093d   Wk    1  Code  Hi   0xe
    201  HardFault_Handler          0x0000094b   Wk    1  Code  Hi   0x2
    202  NMI_Handler                0x0000094d   Wk    1  Code  Hi   0x2
    203  MemManage_Handler          0x0000094f   Wk    1  Code  Hi   0x2
    204  BusFault_Handler           0x00000951   Wk    1  Code  Hi   0x2
    205  UsageFault_Handler         0x00000953   Wk    1  Code  Hi   0x2
    206  SecureFault_Handler        0x00000955   Wk    1  Code  Hi   0x2
    207  SVC_Handler                0x00000957   Wk    1  Code  Hi   0x2
    208  DebugMon_Handler           0x00000959   Wk    1  Code  Hi   0x2
    209  PendSV_Handler             0x0000095b   Wk    1  Code  Hi   0x2
    210  SysTick_Handler            0x0000095d   Wk    1  Code  Hi   0x2
    211  UART0_Handler              0x0000095f   Wk    1  Code  Hi   0x2
    212  ADC_Handler                0x00000961   Wk    1  Code  Hi   0x2
    213  UART1_Handler              0x00000963   Wk    1  Code  Hi   0x2
    214  DMACINTERR_Handler         0x00000965   Wk    1  Code  Hi   0x2
    215  DMACINTTC_Handler          0x00000967   Wk    1  Code  Hi   0x2
    216  DMACINTR_Handler           0x00000969   Wk    1  Code  Hi   0x2
    217  PORT0_COMB_Handler         0x0000096b   Wk    1  Code  Hi   0x2
    218  ADC1_Handler               0x0000096d   Wk    1  Code  Hi   0x2
    219  TIMER0_Handler             0x0000096f   Wk    1  Code  Hi   0x2
    220  TIMER1_Handler             0x00000971   Wk    1  Code  Hi   0x2
    221  DUALTIMER0_Handler         0x00000973   Wk    1  Code  Hi   0x2
    222  DUALTIMER1_Handler         0x00000975   Wk    1  Code  Hi   0x2
    223  UARTOVF_Handler            0x00000977   Wk    1  Code  Hi   0x2
    224  EXT13_IRQn                 0x00000979   Wk    1  Code  Hi   0x2
    225  EXT14_IRQn                 0x0000097b   Wk    1  Code  Hi   0x2
    226  EXT15_IRQn                 0x0000097d   Wk    1  Code  Hi   0x2
    227  PORT0_0_Handler            0x0000097f   Wk    1  Code  Hi   0x2
    228  PORT0_1_Handler            0x00000981   Wk    1  Code  Hi   0x2
    229  PORT0_2_Handler            0x00000983   Wk    1  Code  Hi   0x2
    230  PORT0_3_Handler            0x00000985   Wk    1  Code  Hi   0x2
    231  PORT0_4_Handler            0x00000987   Wk    1  Code  Hi   0x2
    232  PORT0_5_Handler            0x00000989   Wk    1  Code  Hi   0x2
    233  PORT0_6_Handler            0x0000098b   Wk    1  Code  Hi   0x2
    234  PORT0_7_Handler            0x0000098d   Wk    1  Code  Hi   0x2
    235  PORT0_8_Handler            0x0000098f   Wk    1  Code  Hi   0x2
    236  PORT0_9_Handler            0x00000991   Wk    1  Code  Hi   0x2
    237  PORT0_10_Handler           0x00000993   Wk    1  Code  Hi   0x2
    238  PORT0_11_Handler           0x00000995   Wk    1  Code  Hi   0x2
    239  PORT0_12_Handler           0x00000997   Wk    1  Code  Hi   0x2
    240  PORT0_13_Handler           0x00000999   Wk    1  Code  Hi   0x2
    241  PORT0_14_Handler           0x0000099b   Wk    1  Code  Hi   0x2
    242  PORT0_15_Handler           0x0000099d   Wk    1  Code  Hi   0x2
    243  PORT0_16_Handler           0x0000099f   Wk    1  Code  Hi   0x2
    244  PORT0_17_Handler           0x000009a1   Wk    1  Code  Hi   0x2
    245  PORT0_18_Handler           0x000009a3   Wk    1  Code  Hi   0x2
    246  PORT0_19_Handler           0x000009a5   Wk    1  Code  Hi   0x2
    247  PORT0_20_Handler           0x000009a7   Wk    1  Code  Hi   0x2
    248  PORT0_21_Handler           0x000009a9   Wk    1  Code  Hi   0x2
    249  PORT0_22_Handler           0x000009ab   Wk    1  Code  Hi   0x2
    250  PORT0_23_Handler           0x000009ad   Wk    1  Code  Hi   0x2
    251  PORT0_24_Handler           0x000009af   Wk    1  Code  Hi   0x2
    252  PORT0_25_Handler           0x000009b1   Wk    1  Code  Hi   0x2
    253  PORT0_26_Handler           0x000009b3   Wk    1  Code  Hi   0x2
    254  PORT0_27_Handler           0x000009b5   Wk    1  Code  Hi   0x2
    255  PORT0_28_Handler           0x000009b7   Wk    1  Code  Hi   0x2
    256  PORT0_29_Handler           0x000009b9   Wk    1  Code  Hi   0x2
    257  PORT0_30_Handler           0x000009bb   Wk    1  Code  Hi   0x2
    258  PORT0_31_Handler           0x000009bd   Wk    1  Code  Hi   0x2
    259  I2C_Handler                0x000009bf   Wk    1  Code  Hi   0x2
    260  MPS2_SSP0_Handler          0x000009c1   Wk    1  Code  Hi   0x2
    261  MPS2_SSP1_Handler          0x000009c3   Wk    1  Code  Hi   0x2
    262  Spare51_Handler            0x000009c5   Wk    1  Code  Hi   0x2
    263  Spare52_Handler            0x000009c7   Wk    1  Code  Hi   0x2
    264  Spare53_Handler            0x000009c9   Wk    1  Code  Hi   0x2
    265  Spare54_Handler            0x000009cb   Wk    1  Code  Hi   0x2
    266  Spare55_Handler            0x000009cd   Wk    1  Code  Hi   0x2
    267  Spare56_Handler            0x000009cf   Wk    1  Code  Hi   0x2
    268  Spare57_Handler            0x000009d1   Wk    1  Code  Hi   0x2
    269  Spare58_Handler            0x000009d3   Wk    1  Code  Hi   0x2
    270  Spare59_Handler            0x000009d5   Wk    1  Code  Hi   0x2
    271  Spare60_Handler            0x000009d7   Wk    1  Code  Hi   0x2
    272  Spare61_Handler            0x000009d9   Wk    1  Code  Hi   0x2
    273  Spare62_Handler            0x000009db   Wk    1  Code  Hi   0x2
    274  Spare63_Handler            0x000009dd   Wk    1  Code  Hi   0x2
    275  EXT0_Handler               0x000009df   Wk    1  Code  Hi   0x2
    276  EXT1_Handler               0x000009e1   Wk    1  Code  Hi   0x2
    277  EXT2_Handler               0x000009e3   Wk    1  Code  Hi   0x2
    278  EXT3_Handler               0x000009e5   Wk    1  Code  Hi   0x2
    279  EXT4_Handler               0x000009e7   Wk    1  Code  Hi   0x2
    280  EXT5_Handler               0x000009e9   Wk    1  Code  Hi   0x2
    281  EXT6_Handler               0x000009eb   Wk    1  Code  Hi   0x2
    282  EXT7_Handler               0x000009ed   Wk    1  Code  Hi   0x2
    283  EXT8_Handler               0x000009ef   Wk    1  Code  Hi   0x2
    284  EXT9_Handler               0x000009f1   Wk    1  Code  Hi   0x2
    285  EXT10_Handler              0x000009f3   Wk    1  Code  Hi   0x2
    286  EXT11_Handler              0x000009f5   Wk    1  Code  Hi   0x2
    287  EXT12_Handler              0x000009f7   Wk    1  Code  Hi   0x2
    288  EXT13_Handler              0x000009f9   Wk    1  Code  Hi   0x2
    289  EXT14_Handler              0x000009fb   Wk    1  Code  Hi   0x2
    290  EXT15_Handler              0x000009fd   Wk    1  Code  Hi   0x2
    291  UART2_Handler              0x000009ff   Wk    1  Code  Hi   0x2
    292  puts                       0x00000a0d   Gb    1  Code  De   0x28
    293  __use_two_region_memory    0x00000a39   Gb    1  Code  Hi   0x2
    294  __rt_heap_escrow$2region   0x00000a3b   Gb    1  Code  De   0x2
    295  __rt_heap_expand$2region   0x00000a3d   Gb    1  Code  De   0x2
    296  exit                       0x00000a3f   Gb    1  Code  De   0x12
    297  __I$use$semihosting        0x00000a51   Gb    1  Code  Hi 
    298  __use_no_semihosting_swi   0x00000a51   Gb    1  Code  Hi   0x2
    299  __semihosting_library_function
                                    0x00000a53   Gb    1  Code  Hi 
    300  _sys_exit                  0x00000a55   Gb    1  Code  De   0x8
    301  GPIO_PinRemapConfig        0x00000a61   Gb    1  Code  Hi   0xa
    302  RCC_APB1PeriphResetCmd     0x00000a6b   Gb    1  Code  Hi   0x18
    303  SystemInit                 0x00000a83   Gb    1  Code  Hi   0x32
    304  UART_DeInit                0x00000ab5   Gb    1  Code  Hi   0x42
    305  UART_Init                  0x00000af7   Gb    1  Code  Hi   0x18
    306  fputc                      0x00000b11   Gb    1  Code  Hi   0x18
    307  main                       0x00000b29   Gb    1  Code  Hi   0x78
    308  _fp_init                   0x00000bb5   Gb    1  Code  De   0x1a
    309  __fplib_config_fpu_vfp     0x00000bcd   Gb    1  Code  De 
    310  __fplib_config_pureend_doubles
                                    0x00000bcd   Gb    1  Code  De 
    311  Region$$Table$$Base        0x00000bd0   Gb    1   --   Hi 
    312  Region$$Table$$Limit       0x00000bf0   Gb    1   --   Hi 
    313  SystemCoreClock            0x20000000   Gb    2  Data  Hi   0x4
    314  __stdout                   0x20000008   Gb    3  Data  Hi   0x54
    315  __stack_limit              0x20000060   Gb    3  Data  Hi 
    316  __initial_sp               0x20001060   Gb    3  Data  Hi 


** Section #12 '.strtab' (SHT_STRTAB)
    Size   : 5148 bytes


** Section #13 '.note' (SHT_NOTE)
    Size   : 28 bytes (alignment 4)


** Section #14 '.comment' (SHT_PROGBITS)
    Size   : 1284 bytes


** Section #15 '.shstrtab' (SHT_STRTAB)
    Size   : 148 bytes


