Component: ARM Compiler 6.16 Tool: armlink [5dfeaa00]

==============================================================================

Section Cross References

    star_adc.o(.text.ADC_DeInit) refers to star_rcc.o(.text.RCC_APB1PeriphResetCmd) for RCC_APB1PeriphResetCmd
    star_adc.o(.ARM.exidx.text.ADC_DeInit) refers to star_adc.o(.text.ADC_DeInit) for [Anonymous Symbol]
    star_adc.o(.ARM.exidx.text.ADC_Init) refers to star_adc.o(.text.ADC_Init) for [Anonymous Symbol]
    star_adc.o(.ARM.exidx.text.ADC_StartConversion) refers to star_adc.o(.text.ADC_StartConversion) for [Anonymous Symbol]
    star_adc.o(.ARM.exidx.text.ADC_StopConversion) refers to star_adc.o(.text.ADC_StopConversion) for [Anonymous Symbol]
    star_adc.o(.ARM.exidx.text.ADC_EOCInterrupt_Config) refers to star_adc.o(.text.ADC_EOCInterrupt_Config) for [Anonymous Symbol]
    star_adc.o(.ARM.exidx.text.ADC_GetValueFromDR) refers to star_adc.o(.text.ADC_GetValueFromDR) for [Anonymous Symbol]
    star_adc.o(.ARM.exidx.text.ADC_GetValueFromDBR) refers to star_adc.o(.text.ADC_GetValueFromDBR) for [Anonymous Symbol]
    star_adc.o(.ARM.exidx.text.ADC_ExternalEventTrigConvConfig) refers to star_adc.o(.text.ADC_ExternalEventTrigConvConfig) for [Anonymous Symbol]
    star_adc.o(.ARM.exidx.text.ADC_InterruptEOCFlag_Clear) refers to star_adc.o(.text.ADC_InterruptEOCFlag_Clear) for [Anonymous Symbol]
    star_adc.o(.ARM.exidx.text.ADC_Get_BusyState) refers to star_adc.o(.text.ADC_Get_BusyState) for [Anonymous Symbol]
    star_adc.o(.ARM.exidx.text.ADC_Active_Set) refers to star_adc.o(.text.ADC_Active_Set) for [Anonymous Symbol]
    star_adc.o(.ARM.exidx.text.ADC_Get_DataBufferEnable_State) refers to star_adc.o(.text.ADC_Get_DataBufferEnable_State) for [Anonymous Symbol]
    star_dma.o(.ARM.exidx.text.DMA_Get_InterruptStatus) refers to star_dma.o(.text.DMA_Get_InterruptStatus) for [Anonymous Symbol]
    star_dma.o(.ARM.exidx.text.DMA_Get_TerminalCountStatus) refers to star_dma.o(.text.DMA_Get_TerminalCountStatus) for [Anonymous Symbol]
    star_dma.o(.ARM.exidx.text.DMA_Clear_TerminalCountInterrupt) refers to star_dma.o(.text.DMA_Clear_TerminalCountInterrupt) for [Anonymous Symbol]
    star_dma.o(.ARM.exidx.text.DMA_Get_InterruptErrorStatus) refers to star_dma.o(.text.DMA_Get_InterruptErrorStatus) for [Anonymous Symbol]
    star_dma.o(.ARM.exidx.text.DMA_Clear_InterruptError) refers to star_dma.o(.text.DMA_Clear_InterruptError) for [Anonymous Symbol]
    star_dma.o(.ARM.exidx.text.DMA_Get_RawInterruptTerminalCountStatus) refers to star_dma.o(.text.DMA_Get_RawInterruptTerminalCountStatus) for [Anonymous Symbol]
    star_dma.o(.ARM.exidx.text.DMA_Get_RawErrorInterruptStatus) refers to star_dma.o(.text.DMA_Get_RawErrorInterruptStatus) for [Anonymous Symbol]
    star_dma.o(.ARM.exidx.text.DMA_Get_EnableChannel) refers to star_dma.o(.text.DMA_Get_EnableChannel) for [Anonymous Symbol]
    star_dma.o(.ARM.exidx.text.DMA_Set_Configuration) refers to star_dma.o(.text.DMA_Set_Configuration) for [Anonymous Symbol]
    star_dma.o(.ARM.exidx.text.DMA_Set_SourceAddress) refers to star_dma.o(.text.DMA_Set_SourceAddress) for [Anonymous Symbol]
    star_dma.o(.ARM.exidx.text.DMA_Set_DestinationAddress) refers to star_dma.o(.text.DMA_Set_DestinationAddress) for [Anonymous Symbol]
    star_dma.o(.ARM.exidx.text.DMA_Set_LLI) refers to star_dma.o(.text.DMA_Set_LLI) for [Anonymous Symbol]
    star_dma.o(.ARM.exidx.text.DMA_Set_Increment) refers to star_dma.o(.text.DMA_Set_Increment) for [Anonymous Symbol]
    star_dma.o(.ARM.exidx.text.DMA_Set_DataWidth) refers to star_dma.o(.text.DMA_Set_DataWidth) for [Anonymous Symbol]
    star_dma.o(.ARM.exidx.text.DMA_Set_TransferSize) refers to star_dma.o(.text.DMA_Set_TransferSize) for [Anonymous Symbol]
    star_dma.o(.ARM.exidx.text.DMA_ChannelConfig) refers to star_dma.o(.text.DMA_ChannelConfig) for [Anonymous Symbol]
    star_dma.o(.ARM.exidx.text.DMA_ChannelConfig_Flow) refers to star_dma.o(.text.DMA_ChannelConfig_Flow) for [Anonymous Symbol]
    star_dma.o(.ARM.exidx.text.DMA_ChannelConfig_Peri) refers to star_dma.o(.text.DMA_ChannelConfig_Peri) for [Anonymous Symbol]
    star_dma.o(.ARM.exidx.text.DMA_LLI_List_Item) refers to star_dma.o(.text.DMA_LLI_List_Item) for [Anonymous Symbol]
    star_dma.o(.ARM.exidx.text.DMA_SoftwareBurstRequest) refers to star_dma.o(.text.DMA_SoftwareBurstRequest) for [Anonymous Symbol]
    star_dma.o(.ARM.exidx.text.DMA_SoftwareSingleRequest) refers to star_dma.o(.text.DMA_SoftwareSingleRequest) for [Anonymous Symbol]
    star_dma.o(.ARM.exidx.text.DMA_SoftwareLastBurstRequest) refers to star_dma.o(.text.DMA_SoftwareLastBurstRequest) for [Anonymous Symbol]
    star_dma.o(.ARM.exidx.text.DMA_SoftwareLastSingleRequest) refers to star_dma.o(.text.DMA_SoftwareLastSingleRequest) for [Anonymous Symbol]
    star_dualtimer.o(.text.DTIM_DeInit) refers to star_rcc.o(.text.RCC_APB1PeriphResetCmd) for RCC_APB1PeriphResetCmd
    star_dualtimer.o(.ARM.exidx.text.DTIM_DeInit) refers to star_dualtimer.o(.text.DTIM_DeInit) for [Anonymous Symbol]
    star_dualtimer.o(.ARM.exidx.text.DTIM_Init) refers to star_dualtimer.o(.text.DTIM_Init) for [Anonymous Symbol]
    star_dualtimer.o(.ARM.exidx.text.DTIM_MODE) refers to star_dualtimer.o(.text.DTIM_MODE) for [Anonymous Symbol]
    star_dualtimer.o(.ARM.exidx.text.DTIM_ENABLE) refers to star_dualtimer.o(.text.DTIM_ENABLE) for [Anonymous Symbol]
    star_dualtimer.o(.ARM.exidx.text.DTIM_SetBGLOAD) refers to star_dualtimer.o(.text.DTIM_SetBGLOAD) for [Anonymous Symbol]
    star_dualtimer.o(.ARM.exidx.text.DTIM_ITConfig) refers to star_dualtimer.o(.text.DTIM_ITConfig) for [Anonymous Symbol]
    star_dualtimer.o(.ARM.exidx.text.DTIM_ClearIT) refers to star_dualtimer.o(.text.DTIM_ClearIT) for [Anonymous Symbol]
    star_dualtimer.o(.ARM.exidx.text.DTIM_Timer0CurrentValue) refers to star_dualtimer.o(.text.DTIM_Timer0CurrentValue) for [Anonymous Symbol]
    star_dualtimer.o(.ARM.exidx.text.DTIM_Timer0RISValue) refers to star_dualtimer.o(.text.DTIM_Timer0RISValue) for [Anonymous Symbol]
    star_dualtimer.o(.ARM.exidx.text.DTIM_Timer0MISValue) refers to star_dualtimer.o(.text.DTIM_Timer0MISValue) for [Anonymous Symbol]
    star_gpio.o(.ARM.exidx.text.GPIO_DeInit) refers to star_gpio.o(.text.GPIO_DeInit) for [Anonymous Symbol]
    star_gpio.o(.ARM.exidx.text.GPIO_ReadInputData) refers to star_gpio.o(.text.GPIO_ReadInputData) for [Anonymous Symbol]
    star_gpio.o(.ARM.exidx.text.GPIO_SetBit) refers to star_gpio.o(.text.GPIO_SetBit) for [Anonymous Symbol]
    star_gpio.o(.ARM.exidx.text.GPIO_ResetBit) refers to star_gpio.o(.text.GPIO_ResetBit) for [Anonymous Symbol]
    star_gpio.o(.ARM.exidx.text.GPIO_WriteBit) refers to star_gpio.o(.text.GPIO_WriteBit) for [Anonymous Symbol]
    star_gpio.o(.ARM.exidx.text.GPIO_TogglePin) refers to star_gpio.o(.text.GPIO_TogglePin) for [Anonymous Symbol]
    star_gpio.o(.ARM.exidx.text.GPIO_PinRemapConfig) refers to star_gpio.o(.text.GPIO_PinRemapConfig) for [Anonymous Symbol]
    star_gpio.o(.ARM.exidx.text.GPIO_PinInterruptTypeConfig) refers to star_gpio.o(.text.GPIO_PinInterruptTypeConfig) for [Anonymous Symbol]
    star_gpio.o(.ARM.exidx.text.GPIO_PinInterruptClearFlag) refers to star_gpio.o(.text.GPIO_PinInterruptClearFlag) for [Anonymous Symbol]
    star_i2c.o(.text.I2C_DeInit) refers to star_rcc.o(.text.RCC_APB1PeriphResetCmd) for RCC_APB1PeriphResetCmd
    star_i2c.o(.ARM.exidx.text.I2C_DeInit) refers to star_i2c.o(.text.I2C_DeInit) for [Anonymous Symbol]
    star_i2c.o(.ARM.exidx.text.I2C_Init) refers to star_i2c.o(.text.I2C_Init) for [Anonymous Symbol]
    star_i2c.o(.ARM.exidx.text.I2C_SlvaddrConfig) refers to star_i2c.o(.text.I2C_SlvaddrConfig) for [Anonymous Symbol]
    star_i2c.o(.ARM.exidx.text.I2C_GenerateSTART) refers to star_i2c.o(.text.I2C_GenerateSTART) for [Anonymous Symbol]
    star_i2c.o(.ARM.exidx.text.I2C_TxEnable) refers to star_i2c.o(.text.I2C_TxEnable) for [Anonymous Symbol]
    star_i2c.o(.ARM.exidx.text.I2C_RxEnable) refers to star_i2c.o(.text.I2C_RxEnable) for [Anonymous Symbol]
    star_i2c.o(.ARM.exidx.text.I2C_GenerateSTOP) refers to star_i2c.o(.text.I2C_GenerateSTOP) for [Anonymous Symbol]
    star_i2c.o(.ARM.exidx.text.I2C_ITConfig) refers to star_i2c.o(.text.I2C_ITConfig) for [Anonymous Symbol]
    star_i2c.o(.ARM.exidx.text.I2C_TxIT_TxbufferLevelConfig) refers to star_i2c.o(.text.I2C_TxIT_TxbufferLevelConfig) for [Anonymous Symbol]
    star_i2c.o(.ARM.exidx.text.I2C_RxIT_RxbufferLevelConfig) refers to star_i2c.o(.text.I2C_RxIT_RxbufferLevelConfig) for [Anonymous Symbol]
    star_i2c.o(.ARM.exidx.text.I2C_TxRxDataNumConfig) refers to star_i2c.o(.text.I2C_TxRxDataNumConfig) for [Anonymous Symbol]
    star_i2c.o(.ARM.exidx.text.I2C_SendData) refers to star_i2c.o(.text.I2C_SendData) for [Anonymous Symbol]
    star_i2c.o(.ARM.exidx.text.I2C_WaitSendDataFinish) refers to star_i2c.o(.text.I2C_WaitSendDataFinish) for [Anonymous Symbol]
    star_i2c.o(.ARM.exidx.text.I2C_WaitReceiveReady) refers to star_i2c.o(.text.I2C_WaitReceiveReady) for [Anonymous Symbol]
    star_i2c.o(.ARM.exidx.text.I2C_ReceiveData) refers to star_i2c.o(.text.I2C_ReceiveData) for [Anonymous Symbol]
    star_i2c.o(.ARM.exidx.text.I2C_GetStatus1Values) refers to star_i2c.o(.text.I2C_GetStatus1Values) for [Anonymous Symbol]
    star_i2c.o(.ARM.exidx.text.I2C_GetStatus2Values) refers to star_i2c.o(.text.I2C_GetStatus2Values) for [Anonymous Symbol]
    star_i2c.o(.ARM.exidx.text.I2C_GetITStatus) refers to star_i2c.o(.text.I2C_GetITStatus) for [Anonymous Symbol]
    star_i2c.o(.ARM.exidx.text.I2C_CheckStatus) refers to star_i2c.o(.text.I2C_CheckStatus) for [Anonymous Symbol]
    star_i2c.o(.ARM.exidx.text.I2C_WaitBusIdle) refers to star_i2c.o(.text.I2C_WaitBusIdle) for [Anonymous Symbol]
    star_i2c.o(.ARM.exidx.text.I2C_WaitTxFIFOIsNotFull) refers to star_i2c.o(.text.I2C_WaitTxFIFOIsNotFull) for [Anonymous Symbol]
    star_i2c.o(.ARM.exidx.text.I2C_CheckACKIsFail) refers to star_i2c.o(.text.I2C_CheckACKIsFail) for [Anonymous Symbol]
    star_i2c.o(.ARM.exidx.text.I2C_SoftwareResetCmd) refers to star_i2c.o(.text.I2C_SoftwareResetCmd) for [Anonymous Symbol]
    star_mpu.o(.ARM.exidx.text.set_region_base) refers to star_mpu.o(.text.set_region_base) for [Anonymous Symbol]
    star_mpu.o(.ARM.exidx.text.set_region_limit) refers to star_mpu.o(.text.set_region_limit) for [Anonymous Symbol]
    star_mpu.o(.ARM.exidx.text.set_mair) refers to star_mpu.o(.text.set_mair) for [Anonymous Symbol]
    star_mpu.o(.ARM.exidx.text.mpu_enable) refers to star_mpu.o(.text.mpu_enable) for [Anonymous Symbol]
    star_rcc.o(.ARM.exidx.text.RCC_APB1PeriphResetCmd) refers to star_rcc.o(.text.RCC_APB1PeriphResetCmd) for [Anonymous Symbol]
    star_retarget.o(.ARM.exidx.text.fputc) refers to star_retarget.o(.text.fputc) for [Anonymous Symbol]
    star_retarget.o(.ARM.exidx.text.UartPutc) refers to star_retarget.o(.text.UartPutc) for [Anonymous Symbol]
    star_retarget.o(.ARM.exidx.text.fgetc) refers to star_retarget.o(.text.fgetc) for [Anonymous Symbol]
    star_retarget.o(.ARM.exidx.text.UartGetc) refers to star_retarget.o(.text.UartGetc) for [Anonymous Symbol]
    star_spi.o(.text.SSP_DeInit) refers to star_rcc.o(.text.RCC_APB1PeriphResetCmd) for RCC_APB1PeriphResetCmd
    star_spi.o(.ARM.exidx.text.SSP_DeInit) refers to star_spi.o(.text.SSP_DeInit) for [Anonymous Symbol]
    star_spi.o(.ARM.exidx.text.SSP_Init) refers to star_spi.o(.text.SSP_Init) for [Anonymous Symbol]
    star_spi.o(.ARM.exidx.text.SSP_Enable) refers to star_spi.o(.text.SSP_Enable) for [Anonymous Symbol]
    star_spi.o(.ARM.exidx.text.SSP_Set_ReceiveDataNum) refers to star_spi.o(.text.SSP_Set_ReceiveDataNum) for [Anonymous Symbol]
    star_spi.o(.ARM.exidx.text.SSP_Set_ITConfig) refers to star_spi.o(.text.SSP_Set_ITConfig) for [Anonymous Symbol]
    star_spi.o(.ARM.exidx.text.SSP_SendData) refers to star_spi.o(.text.SSP_SendData) for [Anonymous Symbol]
    star_spi.o(.ARM.exidx.text.SSP_Wait_SendFinish) refers to star_spi.o(.text.SSP_Wait_SendFinish) for [Anonymous Symbol]
    star_spi.o(.ARM.exidx.text.SSP_Wait_ReceiveReady) refers to star_spi.o(.text.SSP_Wait_ReceiveReady) for [Anonymous Symbol]
    star_spi.o(.ARM.exidx.text.SSP_DMA_Request) refers to star_spi.o(.text.SSP_DMA_Request) for [Anonymous Symbol]
    star_spi.o(.ARM.exidx.text.SSP_ReceiveData) refers to star_spi.o(.text.SSP_ReceiveData) for [Anonymous Symbol]
    star_spi.o(.ARM.exidx.text.SSP_Get_SRValue) refers to star_spi.o(.text.SSP_Get_SRValue) for [Anonymous Symbol]
    star_spi.o(.ARM.exidx.text.SSP_Get_RISValue) refers to star_spi.o(.text.SSP_Get_RISValue) for [Anonymous Symbol]
    star_spi.o(.ARM.exidx.text.SSP_Get_MISValue) refers to star_spi.o(.text.SSP_Get_MISValue) for [Anonymous Symbol]
    star_spi.o(.ARM.exidx.text.SSP_ClearIT) refers to star_spi.o(.text.SSP_ClearIT) for [Anonymous Symbol]
    star_spi.o(.ARM.exidx.text.SSP_Wait_TxFIFOEmpty) refers to star_spi.o(.text.SSP_Wait_TxFIFOEmpty) for [Anonymous Symbol]
    star_spi.o(.ARM.exidx.text.SSP_Wait_TxFIFONotFull) refers to star_spi.o(.text.SSP_Wait_TxFIFONotFull) for [Anonymous Symbol]
    star_spi.o(.ARM.exidx.text.SSP_Wait_RxFIFOEmpty) refers to star_spi.o(.text.SSP_Wait_RxFIFOEmpty) for [Anonymous Symbol]
    star_spi.o(.ARM.exidx.text.SSP_Wait_PrimeCellIdle) refers to star_spi.o(.text.SSP_Wait_PrimeCellIdle) for [Anonymous Symbol]
    star_spi.o(.ARM.exidx.text.SSP_Wait_TxIdle) refers to star_spi.o(.text.SSP_Wait_TxIdle) for [Anonymous Symbol]
    star_spi.o(.ARM.exidx.text.SSP_Tx_FIFO_Is_Full) refers to star_spi.o(.text.SSP_Tx_FIFO_Is_Full) for [Anonymous Symbol]
    star_spi.o(.ARM.exidx.text.SSP_RX_FIFO_Is_Empty) refers to star_spi.o(.text.SSP_RX_FIFO_Is_Empty) for [Anonymous Symbol]
    star_timer.o(.text.TIM_DeInit) refers to star_rcc.o(.text.RCC_APB1PeriphResetCmd) for RCC_APB1PeriphResetCmd
    star_timer.o(.ARM.exidx.text.TIM_DeInit) refers to star_timer.o(.text.TIM_DeInit) for [Anonymous Symbol]
    star_timer.o(.ARM.exidx.text.TIM_TimeBaseStructInit) refers to star_timer.o(.text.TIM_TimeBaseStructInit) for [Anonymous Symbol]
    star_timer.o(.ARM.exidx.text.TIM_TimeBaseInit) refers to star_timer.o(.text.TIM_TimeBaseInit) for [Anonymous Symbol]
    star_timer.o(.ARM.exidx.text.TIM_CtrlCmd) refers to star_timer.o(.text.TIM_CtrlCmd) for [Anonymous Symbol]
    star_timer.o(.ARM.exidx.text.TIM_GetITStatus) refers to star_timer.o(.text.TIM_GetITStatus) for [Anonymous Symbol]
    star_timer.o(.ARM.exidx.text.TIM_ClearIT) refers to star_timer.o(.text.TIM_ClearIT) for [Anonymous Symbol]
    star_uart.o(.text.UART_DeInit) refers to star_rcc.o(.text.RCC_APB1PeriphResetCmd) for RCC_APB1PeriphResetCmd
    star_uart.o(.ARM.exidx.text.UART_DeInit) refers to star_uart.o(.text.UART_DeInit) for [Anonymous Symbol]
    star_uart.o(.text.UART_Init) refers to system_armcm33.o(.data.SystemCoreClock) for SystemCoreClock
    star_uart.o(.ARM.exidx.text.UART_Init) refers to star_uart.o(.text.UART_Init) for [Anonymous Symbol]
    star_uart.o(.ARM.exidx.text.UART_ITConfig) refers to star_uart.o(.text.UART_ITConfig) for [Anonymous Symbol]
    star_uart.o(.ARM.exidx.text.UART_ITCLEAR) refers to star_uart.o(.text.UART_ITCLEAR) for [Anonymous Symbol]
    star_uart.o(.ARM.exidx.text.UART_GetITStatus) refers to star_uart.o(.text.UART_GetITStatus) for [Anonymous Symbol]
    star_uart.o(.ARM.exidx.text.UART_GetFlagStatus) refers to star_uart.o(.text.UART_GetFlagStatus) for [Anonymous Symbol]
    star_uart.o(.ARM.exidx.text.UART_SendData) refers to star_uart.o(.text.UART_SendData) for [Anonymous Symbol]
    star_uart.o(.ARM.exidx.text.UART_ReceiveData) refers to star_uart.o(.text.UART_ReceiveData) for [Anonymous Symbol]
    star_watchdog.o(.ARM.exidx.text.WatchDog_Set_LOAD) refers to star_watchdog.o(.text.WatchDog_Set_LOAD) for [Anonymous Symbol]
    star_watchdog.o(.ARM.exidx.text.WatchDog_LOCK) refers to star_watchdog.o(.text.WatchDog_LOCK) for [Anonymous Symbol]
    star_watchdog.o(.ARM.exidx.text.WatchDog_UNLOCK) refers to star_watchdog.o(.text.WatchDog_UNLOCK) for [Anonymous Symbol]
    star_watchdog.o(.ARM.exidx.text.WatchDog_Set_CTRL) refers to star_watchdog.o(.text.WatchDog_Set_CTRL) for [Anonymous Symbol]
    star_watchdog.o(.ARM.exidx.text.WatchDog_Set_INTCLR) refers to star_watchdog.o(.text.WatchDog_Set_INTCLR) for [Anonymous Symbol]
    star_watchdog.o(.ARM.exidx.text.WatchDog_Get_VALUE) refers to star_watchdog.o(.text.WatchDog_Get_VALUE) for [Anonymous Symbol]
    star_watchdog.o(.ARM.exidx.text.WatchDog_Get_RAWINTSTAT) refers to star_watchdog.o(.text.WatchDog_Get_RAWINTSTAT) for [Anonymous Symbol]
    star_watchdog.o(.ARM.exidx.text.WatchDog_Get_MASKINTSTAT) refers to star_watchdog.o(.text.WatchDog_Get_MASKINTSTAT) for [Anonymous Symbol]
    system_armcm33.o(.text.SystemCoreClockUpdate) refers to system_armcm33.o(.data.SystemCoreClock) for SystemCoreClock
    system_armcm33.o(.ARM.exidx.text.SystemCoreClockUpdate) refers to system_armcm33.o(.text.SystemCoreClockUpdate) for [Anonymous Symbol]
    system_armcm33.o(.text.SystemInit) refers to startup_armcm33.o(RESET) for __Vectors
    system_armcm33.o(.text.SystemInit) refers to system_armcm33.o(.data.SystemCoreClock) for SystemCoreClock
    system_armcm33.o(.ARM.exidx.text.SystemInit) refers to system_armcm33.o(.text.SystemInit) for [Anonymous Symbol]
    startup_armcm33.o(STACK) refers (Special) to heapauxi.o(.text) for __use_two_region_memory
    startup_armcm33.o(HEAP) refers (Special) to heapauxi.o(.text) for __use_two_region_memory
    startup_armcm33.o(RESET) refers (Special) to heapauxi.o(.text) for __use_two_region_memory
    startup_armcm33.o(RESET) refers to startup_armcm33.o(STACK) for __initial_sp
    startup_armcm33.o(RESET) refers to startup_armcm33.o(.text) for Reset_Handler
    startup_armcm33.o(.text) refers (Special) to heapauxi.o(.text) for __use_two_region_memory
    startup_armcm33.o(.text) refers to startup_armcm33.o(STACK) for __stack_limit
    startup_armcm33.o(.text) refers to system_armcm33.o(.text.SystemInit) for SystemInit
    startup_armcm33.o(.text) refers to __main.o(!!!main) for __main
    main.o(.text.main) refers to star_uart.o(.text.UART_DeInit) for UART_DeInit
    main.o(.text.main) refers to star_gpio.o(.text.GPIO_PinRemapConfig) for GPIO_PinRemapConfig
    main.o(.text.main) refers to star_uart.o(.text.UART_Init) for UART_Init
    main.o(.text.main) refers to puts.o(.text) for puts
    main.o(.ARM.exidx.text.main) refers to main.o(.text.main) for [Anonymous Symbol]
    puts.o(.text) refers to star_retarget.o(.text.fputc) for fputc
    puts.o(.text) refers to star_retarget.o(.bss.__stdout) for __stdout
    __main.o(!!!main) refers to __rtentry.o(.ARM.Collect$$rtentry$$00000000) for __rt_entry
    __rtentry.o(.ARM.Collect$$rtentry$$00000000) refers (Special) to __rtentry2.o(.ARM.Collect$$rtentry$$0000000A) for __rt_entry_li
    __rtentry.o(.ARM.Collect$$rtentry$$00000000) refers (Special) to __rtentry2.o(.ARM.Collect$$rtentry$$0000000D) for __rt_entry_main
    __rtentry.o(.ARM.Collect$$rtentry$$00000000) refers (Special) to __rtentry2.o(.ARM.Collect$$rtentry$$0000000C) for __rt_entry_postli_1
    __rtentry.o(.ARM.Collect$$rtentry$$00000000) refers (Special) to __rtentry2.o(.ARM.Collect$$rtentry$$00000009) for __rt_entry_postsh_1
    __rtentry.o(.ARM.Collect$$rtentry$$00000000) refers (Special) to __rtentry2.o(.ARM.Collect$$rtentry$$00000002) for __rt_entry_presh_1
    __rtentry.o(.ARM.Collect$$rtentry$$00000000) refers (Special) to __rtentry5.o(.ARM.Collect$$rtentry$$00000005) for __rt_entry_sh
    __rtentry2.o(.ARM.Collect$$rtentry$$00000008) refers to boardinit2.o(.text) for _platform_post_stackheap_init
    __rtentry2.o(.ARM.Collect$$rtentry$$0000000A) refers to libinit.o(.ARM.Collect$$libinit$$00000000) for __rt_lib_init
    __rtentry2.o(.ARM.Collect$$rtentry$$0000000B) refers to boardinit3.o(.text) for _platform_post_lib_init
    __rtentry2.o(.ARM.Collect$$rtentry$$0000000D) refers to main.o(.text.main) for main
    __rtentry2.o(.ARM.Collect$$rtentry$$0000000D) refers to exit.o(.text) for exit
    __rtentry2.o(.ARM.exidx) refers to __rtentry2.o(.ARM.Collect$$rtentry$$00000001) for .ARM.Collect$$rtentry$$00000001
    __rtentry2.o(.ARM.exidx) refers to __rtentry2.o(.ARM.Collect$$rtentry$$00000008) for .ARM.Collect$$rtentry$$00000008
    __rtentry2.o(.ARM.exidx) refers to __rtentry2.o(.ARM.Collect$$rtentry$$0000000A) for .ARM.Collect$$rtentry$$0000000A
    __rtentry2.o(.ARM.exidx) refers to __rtentry2.o(.ARM.Collect$$rtentry$$0000000B) for .ARM.Collect$$rtentry$$0000000B
    __rtentry2.o(.ARM.exidx) refers to __rtentry2.o(.ARM.Collect$$rtentry$$0000000D) for .ARM.Collect$$rtentry$$0000000D
    __rtentry4.o(.ARM.Collect$$rtentry$$00000004) refers to sys_stackheap_outer.o(.text) for __user_setup_stackheap
    __rtentry4.o(.ARM.exidx) refers to __rtentry4.o(.ARM.Collect$$rtentry$$00000004) for .ARM.Collect$$rtentry$$00000004
    __rtentry5.o(.ARM.Collect$$rtentry$$00000005) refers to __rtentry5.o(.ARM.Collect$$rtentry$$00002716) for __lit__00000000
    __rtentry5.o(.ARM.Collect$$rtentry$$00002716) refers to startup_armcm33.o(STACK) for __initial_sp
    __rtentry5.o(__vectab_stack_and_reset_sym_area) refers to startup_armcm33.o(STACK) for __initial_sp
    __rtentry5.o(__vectab_stack_and_reset_sym_area) refers to __main.o(!!!main) for __main
    __rtentry5.o(.ARM.exidx) refers to __rtentry5.o(.ARM.Collect$$rtentry$$00000005) for .ARM.Collect$$rtentry$$00000005
    __rtentry5.o(.ARM.exidx) refers to __rtentry5.o(.ARM.Collect$$rtentry$$00002716) for .ARM.Collect$$rtentry$$00002716
    sys_stackheap_outer.o(.text) refers to libspace.o(.text) for __user_perproc_libspace
    sys_stackheap_outer.o(.text) refers to sys_stackheap.o(.text) for __user_initial_stackheap
    exit.o(.text) refers to rtexit.o(.ARM.Collect$$rtexit$$00000000) for __rt_exit
    libinit.o(.ARM.Collect$$libinit$$00000000) refers (Special) to libinit2.o(.ARM.Collect$$libinit$$0000002E) for __rt_lib_init_alloca_1
    libinit.o(.ARM.Collect$$libinit$$00000000) refers (Special) to libinit2.o(.ARM.Collect$$libinit$$0000002C) for __rt_lib_init_argv_1
    libinit.o(.ARM.Collect$$libinit$$00000000) refers (Special) to libinit2.o(.ARM.Collect$$libinit$$0000001B) for __rt_lib_init_atexit_1
    libinit.o(.ARM.Collect$$libinit$$00000000) refers (Special) to libinit2.o(.ARM.Collect$$libinit$$00000021) for __rt_lib_init_clock_1
    libinit.o(.ARM.Collect$$libinit$$00000000) refers (Special) to libinit2.o(.ARM.Collect$$libinit$$00000032) for __rt_lib_init_cpp_1
    libinit.o(.ARM.Collect$$libinit$$00000000) refers (Special) to libinit2.o(.ARM.Collect$$libinit$$00000030) for __rt_lib_init_exceptions_1
    libinit.o(.ARM.Collect$$libinit$$00000000) refers (Special) to libinit2.o(.ARM.Collect$$libinit$$00000001) for __rt_lib_init_fp_1
    libinit.o(.ARM.Collect$$libinit$$00000000) refers (Special) to libinit2.o(.ARM.Collect$$libinit$$0000001F) for __rt_lib_init_fp_trap_1
    libinit.o(.ARM.Collect$$libinit$$00000000) refers (Special) to libinit2.o(.ARM.Collect$$libinit$$00000023) for __rt_lib_init_getenv_1
    libinit.o(.ARM.Collect$$libinit$$00000000) refers (Special) to libinit2.o(.ARM.Collect$$libinit$$0000000A) for __rt_lib_init_heap_1
    libinit.o(.ARM.Collect$$libinit$$00000000) refers (Special) to libinit2.o(.ARM.Collect$$libinit$$00000011) for __rt_lib_init_lc_collate_1
    libinit.o(.ARM.Collect$$libinit$$00000000) refers (Special) to libinit2.o(.ARM.Collect$$libinit$$00000013) for __rt_lib_init_lc_ctype_1
    libinit.o(.ARM.Collect$$libinit$$00000000) refers (Special) to libinit2.o(.ARM.Collect$$libinit$$00000015) for __rt_lib_init_lc_monetary_1
    libinit.o(.ARM.Collect$$libinit$$00000000) refers (Special) to libinit2.o(.ARM.Collect$$libinit$$00000017) for __rt_lib_init_lc_numeric_1
    libinit.o(.ARM.Collect$$libinit$$00000000) refers (Special) to libinit2.o(.ARM.Collect$$libinit$$00000019) for __rt_lib_init_lc_time_1
    libinit.o(.ARM.Collect$$libinit$$00000000) refers (Special) to libinit2.o(.ARM.Collect$$libinit$$00000004) for __rt_lib_init_preinit_1
    libinit.o(.ARM.Collect$$libinit$$00000000) refers (Special) to libinit2.o(.ARM.Collect$$libinit$$0000000E) for __rt_lib_init_rand_1
    libinit.o(.ARM.Collect$$libinit$$00000000) refers (Special) to libinit2.o(.ARM.Collect$$libinit$$00000033) for __rt_lib_init_return
    libinit.o(.ARM.Collect$$libinit$$00000000) refers (Special) to libinit2.o(.ARM.Collect$$libinit$$0000001D) for __rt_lib_init_signal_1
    libinit.o(.ARM.Collect$$libinit$$00000000) refers (Special) to libinit2.o(.ARM.Collect$$libinit$$00000025) for __rt_lib_init_stdio_1
    libinit.o(.ARM.Collect$$libinit$$00000000) refers (Special) to libinit2.o(.ARM.Collect$$libinit$$0000000C) for __rt_lib_init_user_alloc_1
    libspace.o(.text) refers to libspace.o(.bss) for __libspace_start
    sys_stackheap.o(.text) refers (Special) to indicate_semi.o(.text) for __semihosting_library_function
    sys_stackheap.o(.text) refers to use_no_semi.o(.text) for __I$use$semihosting
    sys_stackheap_hlt.o(.text) refers (Special) to indicate_semi.o(.text) for __semihosting_library_function
    sys_stackheap_hlt.o(.text) refers to use_no_semi.o(.text) for __I$use$semihosting
    rtexit.o(.ARM.Collect$$rtexit$$00000000) refers (Special) to rtexit2.o(.ARM.Collect$$rtexit$$00000004) for __rt_exit_exit
    rtexit.o(.ARM.Collect$$rtexit$$00000000) refers (Special) to rtexit2.o(.ARM.Collect$$rtexit$$00000003) for __rt_exit_ls
    rtexit.o(.ARM.Collect$$rtexit$$00000000) refers (Special) to rtexit2.o(.ARM.Collect$$rtexit$$00000002) for __rt_exit_prels_1
    rtexit.o(.ARM.exidx) refers (Special) to rtexit2.o(.ARM.Collect$$rtexit$$00000004) for __rt_exit_exit
    rtexit.o(.ARM.exidx) refers (Special) to rtexit2.o(.ARM.Collect$$rtexit$$00000003) for __rt_exit_ls
    rtexit.o(.ARM.exidx) refers (Special) to rtexit2.o(.ARM.Collect$$rtexit$$00000002) for __rt_exit_prels_1
    rtexit.o(.ARM.exidx) refers to rtexit.o(.ARM.Collect$$rtexit$$00000000) for .ARM.Collect$$rtexit$$00000000
    libinit2.o(.ARM.Collect$$libinit$$00000001) refers to fpinit.o(x$fpl$fpinit) for _fp_init
    libinit2.o(.ARM.Collect$$libinit$$00000010) refers to libinit2.o(.ARM.Collect$$libinit$$0000000F) for .ARM.Collect$$libinit$$0000000F
    libinit2.o(.ARM.Collect$$libinit$$00000012) refers to libinit2.o(.ARM.Collect$$libinit$$0000000F) for .ARM.Collect$$libinit$$0000000F
    libinit2.o(.ARM.Collect$$libinit$$00000014) refers to libinit2.o(.ARM.Collect$$libinit$$0000000F) for .ARM.Collect$$libinit$$0000000F
    libinit2.o(.ARM.Collect$$libinit$$00000016) refers to libinit2.o(.ARM.Collect$$libinit$$0000000F) for .ARM.Collect$$libinit$$0000000F
    libinit2.o(.ARM.Collect$$libinit$$00000018) refers to libinit2.o(.ARM.Collect$$libinit$$0000000F) for .ARM.Collect$$libinit$$0000000F
    libinit2.o(.ARM.Collect$$libinit$$00000026) refers to argv_veneer.o(.emb_text) for __ARM_argv_veneer
    libinit2.o(.ARM.Collect$$libinit$$00000027) refers to argv_veneer.o(.emb_text) for __ARM_argv_veneer
    libinit3.o(.ARM.Collect$$libinit$$00000006) refers to libinit3.o(.ARM.Collect$$libinit$$00002717) for __lit__00000000
    libinit3.o(.ARM.Collect$$libinit$$00002717) refers to startup_armcm33.o(HEAP) for __heap_base
    libinit3.o(.ARM.Collect$$libinit$$00000028) refers to libinit3.o(.ARM.Collect$$libinit$$00002739) for __lit__00000002
    libinit3.o(.ARM.Collect$$libinit$$00000028) refers to argv_veneer.o(.emb_text) for __ARM_argv_veneer
    libinit3.o(.ARM.Collect$$libinit$$00002739) refers to startup_armcm33.o(HEAP) for __heap_base
    rtexit2.o(.ARM.Collect$$rtexit$$00000003) refers to libshutdown.o(.ARM.Collect$$libshutdown$$00000000) for __rt_lib_shutdown
    rtexit2.o(.ARM.Collect$$rtexit$$00000004) refers to sys_exit.o(.text) for _sys_exit
    rtexit2.o(.ARM.exidx) refers to rtexit2.o(.ARM.Collect$$rtexit$$00000001) for .ARM.Collect$$rtexit$$00000001
    rtexit2.o(.ARM.exidx) refers to rtexit2.o(.ARM.Collect$$rtexit$$00000003) for .ARM.Collect$$rtexit$$00000003
    rtexit2.o(.ARM.exidx) refers to rtexit2.o(.ARM.Collect$$rtexit$$00000004) for .ARM.Collect$$rtexit$$00000004
    argv_veneer.o(.emb_text) refers to no_argv.o(.text) for __ARM_get_argv
    sys_exit.o(.text) refers (Special) to use_no_semi.o(.text) for __I$use$semihosting
    sys_exit.o(.text) refers (Special) to indicate_semi.o(.text) for __semihosting_library_function
    sys_exit_hlt.o(.text) refers (Special) to use_no_semi.o(.text) for __I$use$semihosting
    sys_exit_hlt.o(.text) refers (Special) to indicate_semi.o(.text) for __semihosting_library_function
    _get_argv_nomalloc.o(.text) refers (Special) to hrguard.o(.text) for __heap_region$guard
    _get_argv_nomalloc.o(.text) refers to defsig_rtmem_outer.o(.text) for __rt_SIGRTMEM
    _get_argv_nomalloc.o(.text) refers to sys_command.o(.text) for _sys_command_string
    libshutdown.o(.ARM.Collect$$libshutdown$$00000000) refers (Special) to libshutdown2.o(.ARM.Collect$$libshutdown$$00000002) for __rt_lib_shutdown_cpp_1
    libshutdown.o(.ARM.Collect$$libshutdown$$00000000) refers (Special) to libshutdown2.o(.ARM.Collect$$libshutdown$$00000007) for __rt_lib_shutdown_fp_trap_1
    libshutdown.o(.ARM.Collect$$libshutdown$$00000000) refers (Special) to libshutdown2.o(.ARM.Collect$$libshutdown$$0000000F) for __rt_lib_shutdown_heap_1
    libshutdown.o(.ARM.Collect$$libshutdown$$00000000) refers (Special) to libshutdown2.o(.ARM.Collect$$libshutdown$$00000010) for __rt_lib_shutdown_return
    libshutdown.o(.ARM.Collect$$libshutdown$$00000000) refers (Special) to libshutdown2.o(.ARM.Collect$$libshutdown$$0000000A) for __rt_lib_shutdown_signal_1
    libshutdown.o(.ARM.Collect$$libshutdown$$00000000) refers (Special) to libshutdown2.o(.ARM.Collect$$libshutdown$$00000004) for __rt_lib_shutdown_stdio_1
    libshutdown.o(.ARM.Collect$$libshutdown$$00000000) refers (Special) to libshutdown2.o(.ARM.Collect$$libshutdown$$0000000C) for __rt_lib_shutdown_user_alloc_1
    sys_command.o(.text) refers (Special) to use_no_semi.o(.text) for __I$use$semihosting
    sys_command.o(.text) refers (Special) to indicate_semi.o(.text) for __semihosting_library_function
    sys_command_hlt.o(.text) refers (Special) to use_no_semi.o(.text) for __I$use$semihosting
    sys_command_hlt.o(.text) refers (Special) to indicate_semi.o(.text) for __semihosting_library_function
    defsig_rtmem_outer.o(.text) refers to defsig_rtmem_inner.o(.text) for __rt_SIGRTMEM_inner
    defsig_rtmem_outer.o(.text) refers to defsig_exit.o(.text) for __sig_exit
    defsig_rtmem_formal.o(.text) refers to rt_raise.o(.text) for __rt_raise
    rt_raise.o(.text) refers to __raise.o(.text) for __raise
    rt_raise.o(.text) refers to sys_exit.o(.text) for _sys_exit
    defsig_exit.o(.text) refers to sys_exit.o(.text) for _sys_exit
    defsig_rtmem_inner.o(.text) refers to defsig_general.o(.text) for __default_signal_display
    __raise.o(.text) refers to defsig.o(CL$$defsig) for __default_signal_handler
    defsig_general.o(.text) refers to sys_wrch.o(.text) for _ttywrch
    sys_wrch.o(.text) refers (Special) to use_no_semi.o(.text) for __I$use$semihosting
    sys_wrch.o(.text) refers (Special) to indicate_semi.o(.text) for __semihosting_library_function
    sys_wrch_hlt.o(.text) refers (Special) to use_no_semi.o(.text) for __I$use$semihosting
    sys_wrch_hlt.o(.text) refers (Special) to indicate_semi.o(.text) for __semihosting_library_function
    defsig.o(CL$$defsig) refers to defsig_rtmem_inner.o(.text) for __rt_SIGRTMEM_inner
    defsig_abrt_inner.o(.text) refers to defsig_general.o(.text) for __default_signal_display
    defsig_fpe_inner.o(.text) refers to defsig_general.o(.text) for __default_signal_display
    defsig_rtred_inner.o(.text) refers to defsig_general.o(.text) for __default_signal_display
    defsig_stak_inner.o(.text) refers to defsig_general.o(.text) for __default_signal_display
    defsig_pvfn_inner.o(.text) refers to defsig_general.o(.text) for __default_signal_display
    defsig_cppl_inner.o(.text) refers to defsig_general.o(.text) for __default_signal_display
    defsig_segv_inner.o(.text) refers to defsig_general.o(.text) for __default_signal_display
    defsig_other.o(.text) refers to defsig_general.o(.text) for __default_signal_display


==============================================================================

Removing Unused input sections from the image.

    Removing star_adc.o(.text), (0 bytes).
    Removing star_adc.o(.text.ADC_DeInit), (56 bytes).
    Removing star_adc.o(.ARM.exidx.text.ADC_DeInit), (8 bytes).
    Removing star_adc.o(.text.ADC_Init), (72 bytes).
    Removing star_adc.o(.ARM.exidx.text.ADC_Init), (8 bytes).
    Removing star_adc.o(.text.ADC_StartConversion), (10 bytes).
    Removing star_adc.o(.ARM.exidx.text.ADC_StartConversion), (8 bytes).
    Removing star_adc.o(.text.ADC_StopConversion), (10 bytes).
    Removing star_adc.o(.ARM.exidx.text.ADC_StopConversion), (8 bytes).
    Removing star_adc.o(.text.ADC_EOCInterrupt_Config), (16 bytes).
    Removing star_adc.o(.ARM.exidx.text.ADC_EOCInterrupt_Config), (8 bytes).
    Removing star_adc.o(.text.ADC_GetValueFromDR), (6 bytes).
    Removing star_adc.o(.ARM.exidx.text.ADC_GetValueFromDR), (8 bytes).
    Removing star_adc.o(.text.ADC_GetValueFromDBR), (36 bytes).
    Removing star_adc.o(.ARM.exidx.text.ADC_GetValueFromDBR), (8 bytes).
    Removing star_adc.o(.text.ADC_ExternalEventTrigConvConfig), (14 bytes).
    Removing star_adc.o(.ARM.exidx.text.ADC_ExternalEventTrigConvConfig), (8 bytes).
    Removing star_adc.o(.text.ADC_InterruptEOCFlag_Clear), (10 bytes).
    Removing star_adc.o(.ARM.exidx.text.ADC_InterruptEOCFlag_Clear), (8 bytes).
    Removing star_adc.o(.text.ADC_Get_BusyState), (6 bytes).
    Removing star_adc.o(.ARM.exidx.text.ADC_Get_BusyState), (8 bytes).
    Removing star_adc.o(.text.ADC_Active_Set), (16 bytes).
    Removing star_adc.o(.ARM.exidx.text.ADC_Active_Set), (8 bytes).
    Removing star_adc.o(.text.ADC_Get_DataBufferEnable_State), (8 bytes).
    Removing star_adc.o(.ARM.exidx.text.ADC_Get_DataBufferEnable_State), (8 bytes).
    Removing star_dma.o(.text), (0 bytes).
    Removing star_dma.o(.text.DMA_Get_InterruptStatus), (4 bytes).
    Removing star_dma.o(.ARM.exidx.text.DMA_Get_InterruptStatus), (8 bytes).
    Removing star_dma.o(.text.DMA_Get_TerminalCountStatus), (4 bytes).
    Removing star_dma.o(.ARM.exidx.text.DMA_Get_TerminalCountStatus), (8 bytes).
    Removing star_dma.o(.text.DMA_Clear_TerminalCountInterrupt), (16 bytes).
    Removing star_dma.o(.ARM.exidx.text.DMA_Clear_TerminalCountInterrupt), (8 bytes).
    Removing star_dma.o(.text.DMA_Get_InterruptErrorStatus), (4 bytes).
    Removing star_dma.o(.ARM.exidx.text.DMA_Get_InterruptErrorStatus), (8 bytes).
    Removing star_dma.o(.text.DMA_Clear_InterruptError), (16 bytes).
    Removing star_dma.o(.ARM.exidx.text.DMA_Clear_InterruptError), (8 bytes).
    Removing star_dma.o(.text.DMA_Get_RawInterruptTerminalCountStatus), (4 bytes).
    Removing star_dma.o(.ARM.exidx.text.DMA_Get_RawInterruptTerminalCountStatus), (8 bytes).
    Removing star_dma.o(.text.DMA_Get_RawErrorInterruptStatus), (4 bytes).
    Removing star_dma.o(.ARM.exidx.text.DMA_Get_RawErrorInterruptStatus), (8 bytes).
    Removing star_dma.o(.text.DMA_Get_EnableChannel), (4 bytes).
    Removing star_dma.o(.ARM.exidx.text.DMA_Get_EnableChannel), (8 bytes).
    Removing star_dma.o(.text.DMA_Set_Configuration), (16 bytes).
    Removing star_dma.o(.ARM.exidx.text.DMA_Set_Configuration), (8 bytes).
    Removing star_dma.o(.text.DMA_Set_SourceAddress), (20 bytes).
    Removing star_dma.o(.ARM.exidx.text.DMA_Set_SourceAddress), (8 bytes).
    Removing star_dma.o(.text.DMA_Set_DestinationAddress), (20 bytes).
    Removing star_dma.o(.ARM.exidx.text.DMA_Set_DestinationAddress), (8 bytes).
    Removing star_dma.o(.text.DMA_Set_LLI), (20 bytes).
    Removing star_dma.o(.ARM.exidx.text.DMA_Set_LLI), (8 bytes).
    Removing star_dma.o(.text.DMA_Set_Increment), (52 bytes).
    Removing star_dma.o(.ARM.exidx.text.DMA_Set_Increment), (8 bytes).
    Removing star_dma.o(.text.DMA_Set_DataWidth), (42 bytes).
    Removing star_dma.o(.ARM.exidx.text.DMA_Set_DataWidth), (8 bytes).
    Removing star_dma.o(.text.DMA_Set_TransferSize), (52 bytes).
    Removing star_dma.o(.ARM.exidx.text.DMA_Set_TransferSize), (8 bytes).
    Removing star_dma.o(.text.DMA_ChannelConfig), (48 bytes).
    Removing star_dma.o(.ARM.exidx.text.DMA_ChannelConfig), (8 bytes).
    Removing star_dma.o(.text.DMA_ChannelConfig_Flow), (30 bytes).
    Removing star_dma.o(.ARM.exidx.text.DMA_ChannelConfig_Flow), (8 bytes).
    Removing star_dma.o(.text.DMA_ChannelConfig_Peri), (54 bytes).
    Removing star_dma.o(.ARM.exidx.text.DMA_ChannelConfig_Peri), (8 bytes).
    Removing star_dma.o(.text.DMA_LLI_List_Item), (22 bytes).
    Removing star_dma.o(.ARM.exidx.text.DMA_LLI_List_Item), (8 bytes).
    Removing star_dma.o(.text.DMA_SoftwareBurstRequest), (4 bytes).
    Removing star_dma.o(.ARM.exidx.text.DMA_SoftwareBurstRequest), (8 bytes).
    Removing star_dma.o(.text.DMA_SoftwareSingleRequest), (4 bytes).
    Removing star_dma.o(.ARM.exidx.text.DMA_SoftwareSingleRequest), (8 bytes).
    Removing star_dma.o(.text.DMA_SoftwareLastBurstRequest), (4 bytes).
    Removing star_dma.o(.ARM.exidx.text.DMA_SoftwareLastBurstRequest), (8 bytes).
    Removing star_dma.o(.text.DMA_SoftwareLastSingleRequest), (4 bytes).
    Removing star_dma.o(.ARM.exidx.text.DMA_SoftwareLastSingleRequest), (8 bytes).
    Removing star_dualtimer.o(.text), (0 bytes).
    Removing star_dualtimer.o(.text.DTIM_DeInit), (56 bytes).
    Removing star_dualtimer.o(.ARM.exidx.text.DTIM_DeInit), (8 bytes).
    Removing star_dualtimer.o(.text.DTIM_Init), (50 bytes).
    Removing star_dualtimer.o(.ARM.exidx.text.DTIM_Init), (8 bytes).
    Removing star_dualtimer.o(.text.DTIM_MODE), (28 bytes).
    Removing star_dualtimer.o(.ARM.exidx.text.DTIM_MODE), (8 bytes).
    Removing star_dualtimer.o(.text.DTIM_ENABLE), (60 bytes).
    Removing star_dualtimer.o(.ARM.exidx.text.DTIM_ENABLE), (8 bytes).
    Removing star_dualtimer.o(.text.DTIM_SetBGLOAD), (24 bytes).
    Removing star_dualtimer.o(.ARM.exidx.text.DTIM_SetBGLOAD), (8 bytes).
    Removing star_dualtimer.o(.text.DTIM_ITConfig), (60 bytes).
    Removing star_dualtimer.o(.ARM.exidx.text.DTIM_ITConfig), (8 bytes).
    Removing star_dualtimer.o(.text.DTIM_ClearIT), (36 bytes).
    Removing star_dualtimer.o(.ARM.exidx.text.DTIM_ClearIT), (8 bytes).
    Removing star_dualtimer.o(.text.DTIM_Timer0CurrentValue), (26 bytes).
    Removing star_dualtimer.o(.ARM.exidx.text.DTIM_Timer0CurrentValue), (8 bytes).
    Removing star_dualtimer.o(.text.DTIM_Timer0RISValue), (26 bytes).
    Removing star_dualtimer.o(.ARM.exidx.text.DTIM_Timer0RISValue), (8 bytes).
    Removing star_dualtimer.o(.text.DTIM_Timer0MISValue), (26 bytes).
    Removing star_dualtimer.o(.ARM.exidx.text.DTIM_Timer0MISValue), (8 bytes).
    Removing star_gpio.o(.text), (0 bytes).
    Removing star_gpio.o(.text.GPIO_DeInit), (34 bytes).
    Removing star_gpio.o(.ARM.exidx.text.GPIO_DeInit), (8 bytes).
    Removing star_gpio.o(.text.GPIO_ReadInputData), (10 bytes).
    Removing star_gpio.o(.ARM.exidx.text.GPIO_ReadInputData), (8 bytes).
    Removing star_gpio.o(.text.GPIO_SetBit), (22 bytes).
    Removing star_gpio.o(.ARM.exidx.text.GPIO_SetBit), (8 bytes).
    Removing star_gpio.o(.text.GPIO_ResetBit), (24 bytes).
    Removing star_gpio.o(.ARM.exidx.text.GPIO_ResetBit), (8 bytes).
    Removing star_gpio.o(.text.GPIO_WriteBit), (30 bytes).
    Removing star_gpio.o(.ARM.exidx.text.GPIO_WriteBit), (8 bytes).
    Removing star_gpio.o(.text.GPIO_TogglePin), (22 bytes).
    Removing star_gpio.o(.ARM.exidx.text.GPIO_TogglePin), (8 bytes).
    Removing star_gpio.o(.ARM.exidx.text.GPIO_PinRemapConfig), (8 bytes).
    Removing star_gpio.o(.text.GPIO_PinInterruptTypeConfig), (72 bytes).
    Removing star_gpio.o(.ARM.exidx.text.GPIO_PinInterruptTypeConfig), (8 bytes).
    Removing star_gpio.o(.text.GPIO_PinInterruptClearFlag), (14 bytes).
    Removing star_gpio.o(.ARM.exidx.text.GPIO_PinInterruptClearFlag), (8 bytes).
    Removing star_i2c.o(.text), (0 bytes).
    Removing star_i2c.o(.text.I2C_DeInit), (36 bytes).
    Removing star_i2c.o(.ARM.exidx.text.I2C_DeInit), (8 bytes).
    Removing star_i2c.o(.text.I2C_Init), (40 bytes).
    Removing star_i2c.o(.ARM.exidx.text.I2C_Init), (8 bytes).
    Removing star_i2c.o(.text.I2C_SlvaddrConfig), (4 bytes).
    Removing star_i2c.o(.ARM.exidx.text.I2C_SlvaddrConfig), (8 bytes).
    Removing star_i2c.o(.text.I2C_GenerateSTART), (16 bytes).
    Removing star_i2c.o(.ARM.exidx.text.I2C_GenerateSTART), (8 bytes).
    Removing star_i2c.o(.text.I2C_TxEnable), (16 bytes).
    Removing star_i2c.o(.ARM.exidx.text.I2C_TxEnable), (8 bytes).
    Removing star_i2c.o(.text.I2C_RxEnable), (18 bytes).
    Removing star_i2c.o(.ARM.exidx.text.I2C_RxEnable), (8 bytes).
    Removing star_i2c.o(.text.I2C_GenerateSTOP), (16 bytes).
    Removing star_i2c.o(.ARM.exidx.text.I2C_GenerateSTOP), (8 bytes).
    Removing star_i2c.o(.text.I2C_ITConfig), (16 bytes).
    Removing star_i2c.o(.ARM.exidx.text.I2C_ITConfig), (8 bytes).
    Removing star_i2c.o(.text.I2C_TxIT_TxbufferLevelConfig), (24 bytes).
    Removing star_i2c.o(.ARM.exidx.text.I2C_TxIT_TxbufferLevelConfig), (8 bytes).
    Removing star_i2c.o(.text.I2C_RxIT_RxbufferLevelConfig), (24 bytes).
    Removing star_i2c.o(.ARM.exidx.text.I2C_RxIT_RxbufferLevelConfig), (8 bytes).
    Removing star_i2c.o(.text.I2C_TxRxDataNumConfig), (18 bytes).
    Removing star_i2c.o(.ARM.exidx.text.I2C_TxRxDataNumConfig), (8 bytes).
    Removing star_i2c.o(.text.I2C_SendData), (4 bytes).
    Removing star_i2c.o(.ARM.exidx.text.I2C_SendData), (8 bytes).
    Removing star_i2c.o(.text.I2C_WaitSendDataFinish), (16 bytes).
    Removing star_i2c.o(.ARM.exidx.text.I2C_WaitSendDataFinish), (8 bytes).
    Removing star_i2c.o(.text.I2C_WaitReceiveReady), (8 bytes).
    Removing star_i2c.o(.ARM.exidx.text.I2C_WaitReceiveReady), (8 bytes).
    Removing star_i2c.o(.text.I2C_ReceiveData), (6 bytes).
    Removing star_i2c.o(.ARM.exidx.text.I2C_ReceiveData), (8 bytes).
    Removing star_i2c.o(.text.I2C_GetStatus1Values), (4 bytes).
    Removing star_i2c.o(.ARM.exidx.text.I2C_GetStatus1Values), (8 bytes).
    Removing star_i2c.o(.text.I2C_GetStatus2Values), (6 bytes).
    Removing star_i2c.o(.ARM.exidx.text.I2C_GetStatus2Values), (8 bytes).
    Removing star_i2c.o(.text.I2C_GetITStatus), (72 bytes).
    Removing star_i2c.o(.ARM.exidx.text.I2C_GetITStatus), (8 bytes).
    Removing star_i2c.o(.text.I2C_CheckStatus), (10 bytes).
    Removing star_i2c.o(.ARM.exidx.text.I2C_CheckStatus), (8 bytes).
    Removing star_i2c.o(.text.I2C_WaitBusIdle), (8 bytes).
    Removing star_i2c.o(.ARM.exidx.text.I2C_WaitBusIdle), (8 bytes).
    Removing star_i2c.o(.text.I2C_WaitTxFIFOIsNotFull), (8 bytes).
    Removing star_i2c.o(.ARM.exidx.text.I2C_WaitTxFIFOIsNotFull), (8 bytes).
    Removing star_i2c.o(.text.I2C_CheckACKIsFail), (8 bytes).
    Removing star_i2c.o(.ARM.exidx.text.I2C_CheckACKIsFail), (8 bytes).
    Removing star_i2c.o(.text.I2C_SoftwareResetCmd), (18 bytes).
    Removing star_i2c.o(.ARM.exidx.text.I2C_SoftwareResetCmd), (8 bytes).
    Removing star_mpu.o(.text), (0 bytes).
    Removing star_mpu.o(.text.set_region_base), (34 bytes).
    Removing star_mpu.o(.ARM.exidx.text.set_region_base), (8 bytes).
    Removing star_mpu.o(.text.set_region_limit), (26 bytes).
    Removing star_mpu.o(.ARM.exidx.text.set_region_limit), (8 bytes).
    Removing star_mpu.o(.text.set_mair), (98 bytes).
    Removing star_mpu.o(.ARM.exidx.text.set_mair), (8 bytes).
    Removing star_mpu.o(.text.mpu_enable), (22 bytes).
    Removing star_mpu.o(.ARM.exidx.text.mpu_enable), (8 bytes).
    Removing star_rcc.o(.text), (0 bytes).
    Removing star_rcc.o(.ARM.exidx.text.RCC_APB1PeriphResetCmd), (8 bytes).
    Removing star_retarget.o(.text), (0 bytes).
    Removing star_retarget.o(.ARM.exidx.text.fputc), (8 bytes).
    Removing star_retarget.o(.text.UartPutc), (22 bytes).
    Removing star_retarget.o(.ARM.exidx.text.UartPutc), (8 bytes).
    Removing star_retarget.o(.text.fgetc), (36 bytes).
    Removing star_retarget.o(.ARM.exidx.text.fgetc), (8 bytes).
    Removing star_retarget.o(.text.UartGetc), (24 bytes).
    Removing star_retarget.o(.ARM.exidx.text.UartGetc), (8 bytes).
    Removing star_retarget.o(.bss.__stdin), (84 bytes).
    Removing star_spi.o(.text), (0 bytes).
    Removing star_spi.o(.text.SSP_DeInit), (58 bytes).
    Removing star_spi.o(.ARM.exidx.text.SSP_DeInit), (8 bytes).
    Removing star_spi.o(.text.SSP_Init), (36 bytes).
    Removing star_spi.o(.ARM.exidx.text.SSP_Init), (8 bytes).
    Removing star_spi.o(.text.SSP_Enable), (16 bytes).
    Removing star_spi.o(.ARM.exidx.text.SSP_Enable), (8 bytes).
    Removing star_spi.o(.text.SSP_Set_ReceiveDataNum), (10 bytes).
    Removing star_spi.o(.ARM.exidx.text.SSP_Set_ReceiveDataNum), (8 bytes).
    Removing star_spi.o(.text.SSP_Set_ITConfig), (16 bytes).
    Removing star_spi.o(.ARM.exidx.text.SSP_Set_ITConfig), (8 bytes).
    Removing star_spi.o(.text.SSP_SendData), (4 bytes).
    Removing star_spi.o(.ARM.exidx.text.SSP_SendData), (8 bytes).
    Removing star_spi.o(.text.SSP_Wait_SendFinish), (8 bytes).
    Removing star_spi.o(.ARM.exidx.text.SSP_Wait_SendFinish), (8 bytes).
    Removing star_spi.o(.text.SSP_Wait_ReceiveReady), (8 bytes).
    Removing star_spi.o(.ARM.exidx.text.SSP_Wait_ReceiveReady), (8 bytes).
    Removing star_spi.o(.text.SSP_DMA_Request), (16 bytes).
    Removing star_spi.o(.ARM.exidx.text.SSP_DMA_Request), (8 bytes).
    Removing star_spi.o(.text.SSP_ReceiveData), (6 bytes).
    Removing star_spi.o(.ARM.exidx.text.SSP_ReceiveData), (8 bytes).
    Removing star_spi.o(.text.SSP_Get_SRValue), (6 bytes).
    Removing star_spi.o(.ARM.exidx.text.SSP_Get_SRValue), (8 bytes).
    Removing star_spi.o(.text.SSP_Get_RISValue), (6 bytes).
    Removing star_spi.o(.ARM.exidx.text.SSP_Get_RISValue), (8 bytes).
    Removing star_spi.o(.text.SSP_Get_MISValue), (6 bytes).
    Removing star_spi.o(.ARM.exidx.text.SSP_Get_MISValue), (8 bytes).
    Removing star_spi.o(.text.SSP_ClearIT), (24 bytes).
    Removing star_spi.o(.ARM.exidx.text.SSP_ClearIT), (8 bytes).
    Removing star_spi.o(.text.SSP_Wait_TxFIFOEmpty), (8 bytes).
    Removing star_spi.o(.ARM.exidx.text.SSP_Wait_TxFIFOEmpty), (8 bytes).
    Removing star_spi.o(.text.SSP_Wait_TxFIFONotFull), (8 bytes).
    Removing star_spi.o(.ARM.exidx.text.SSP_Wait_TxFIFONotFull), (8 bytes).
    Removing star_spi.o(.text.SSP_Wait_RxFIFOEmpty), (8 bytes).
    Removing star_spi.o(.ARM.exidx.text.SSP_Wait_RxFIFOEmpty), (8 bytes).
    Removing star_spi.o(.text.SSP_Wait_PrimeCellIdle), (8 bytes).
    Removing star_spi.o(.ARM.exidx.text.SSP_Wait_PrimeCellIdle), (8 bytes).
    Removing star_spi.o(.text.SSP_Wait_TxIdle), (8 bytes).
    Removing star_spi.o(.ARM.exidx.text.SSP_Wait_TxIdle), (8 bytes).
    Removing star_spi.o(.text.SSP_Tx_FIFO_Is_Full), (10 bytes).
    Removing star_spi.o(.ARM.exidx.text.SSP_Tx_FIFO_Is_Full), (8 bytes).
    Removing star_spi.o(.text.SSP_RX_FIFO_Is_Empty), (10 bytes).
    Removing star_spi.o(.ARM.exidx.text.SSP_RX_FIFO_Is_Empty), (8 bytes).
    Removing star_timer.o(.text), (0 bytes).
    Removing star_timer.o(.text.TIM_DeInit), (48 bytes).
    Removing star_timer.o(.ARM.exidx.text.TIM_DeInit), (8 bytes).
    Removing star_timer.o(.text.TIM_TimeBaseStructInit), (8 bytes).
    Removing star_timer.o(.ARM.exidx.text.TIM_TimeBaseStructInit), (8 bytes).
    Removing star_timer.o(.text.TIM_TimeBaseInit), (10 bytes).
    Removing star_timer.o(.ARM.exidx.text.TIM_TimeBaseInit), (8 bytes).
    Removing star_timer.o(.text.TIM_CtrlCmd), (16 bytes).
    Removing star_timer.o(.ARM.exidx.text.TIM_CtrlCmd), (8 bytes).
    Removing star_timer.o(.text.TIM_GetITStatus), (8 bytes).
    Removing star_timer.o(.ARM.exidx.text.TIM_GetITStatus), (8 bytes).
    Removing star_timer.o(.text.TIM_ClearIT), (10 bytes).
    Removing star_timer.o(.ARM.exidx.text.TIM_ClearIT), (8 bytes).
    Removing star_uart.o(.text), (0 bytes).
    Removing star_uart.o(.ARM.exidx.text.UART_DeInit), (8 bytes).
    Removing star_uart.o(.ARM.exidx.text.UART_Init), (8 bytes).
    Removing star_uart.o(.text.UART_ITConfig), (16 bytes).
    Removing star_uart.o(.ARM.exidx.text.UART_ITConfig), (8 bytes).
    Removing star_uart.o(.text.UART_ITCLEAR), (8 bytes).
    Removing star_uart.o(.ARM.exidx.text.UART_ITCLEAR), (8 bytes).
    Removing star_uart.o(.text.UART_GetITStatus), (14 bytes).
    Removing star_uart.o(.ARM.exidx.text.UART_GetITStatus), (8 bytes).
    Removing star_uart.o(.text.UART_GetFlagStatus), (10 bytes).
    Removing star_uart.o(.ARM.exidx.text.UART_GetFlagStatus), (8 bytes).
    Removing star_uart.o(.text.UART_SendData), (10 bytes).
    Removing star_uart.o(.ARM.exidx.text.UART_SendData), (8 bytes).
    Removing star_uart.o(.text.UART_ReceiveData), (12 bytes).
    Removing star_uart.o(.ARM.exidx.text.UART_ReceiveData), (8 bytes).
    Removing star_watchdog.o(.text), (0 bytes).
    Removing star_watchdog.o(.text.WatchDog_Set_LOAD), (4 bytes).
    Removing star_watchdog.o(.ARM.exidx.text.WatchDog_Set_LOAD), (8 bytes).
    Removing star_watchdog.o(.text.WatchDog_LOCK), (8 bytes).
    Removing star_watchdog.o(.ARM.exidx.text.WatchDog_LOCK), (8 bytes).
    Removing star_watchdog.o(.text.WatchDog_UNLOCK), (14 bytes).
    Removing star_watchdog.o(.ARM.exidx.text.WatchDog_UNLOCK), (8 bytes).
    Removing star_watchdog.o(.text.WatchDog_Set_CTRL), (8 bytes).
    Removing star_watchdog.o(.ARM.exidx.text.WatchDog_Set_CTRL), (8 bytes).
    Removing star_watchdog.o(.text.WatchDog_Set_INTCLR), (24 bytes).
    Removing star_watchdog.o(.ARM.exidx.text.WatchDog_Set_INTCLR), (8 bytes).
    Removing star_watchdog.o(.text.WatchDog_Get_VALUE), (4 bytes).
    Removing star_watchdog.o(.ARM.exidx.text.WatchDog_Get_VALUE), (8 bytes).
    Removing star_watchdog.o(.text.WatchDog_Get_RAWINTSTAT), (4 bytes).
    Removing star_watchdog.o(.ARM.exidx.text.WatchDog_Get_RAWINTSTAT), (8 bytes).
    Removing star_watchdog.o(.text.WatchDog_Get_MASKINTSTAT), (4 bytes).
    Removing star_watchdog.o(.ARM.exidx.text.WatchDog_Get_MASKINTSTAT), (8 bytes).
    Removing system_armcm33.o(.text), (0 bytes).
    Removing system_armcm33.o(.text.SystemCoreClockUpdate), (20 bytes).
    Removing system_armcm33.o(.ARM.exidx.text.SystemCoreClockUpdate), (8 bytes).
    Removing system_armcm33.o(.ARM.exidx.text.SystemInit), (8 bytes).
    Removing startup_armcm33.o(HEAP), (4096 bytes).
    Removing main.o(.text), (0 bytes).
    Removing main.o(.ARM.exidx.text.main), (8 bytes).
    Removing main.o(.ARM.use_no_argv), (4 bytes).

274 unused section(s) (total 7766 bytes) removed from the image.

==============================================================================

Image Symbol Table

    Local Symbols

    Symbol Name                              Value     Ov Type        Size  Object(Section)

    ../clib/angel/boardlib.s                 0x00000000   Number         0  boardinit1.o ABSOLUTE
    ../clib/angel/boardlib.s                 0x00000000   Number         0  boardinit2.o ABSOLUTE
    ../clib/angel/boardlib.s                 0x00000000   Number         0  boardinit3.o ABSOLUTE
    ../clib/angel/boardlib.s                 0x00000000   Number         0  boardshut.o ABSOLUTE
    ../clib/angel/handlers.s                 0x00000000   Number         0  __scatter_copy.o ABSOLUTE
    ../clib/angel/handlers.s                 0x00000000   Number         0  __scatter_zi.o ABSOLUTE
    ../clib/angel/kernel.s                   0x00000000   Number         0  __rtentry.o ABSOLUTE
    ../clib/angel/kernel.s                   0x00000000   Number         0  __rtentry2.o ABSOLUTE
    ../clib/angel/kernel.s                   0x00000000   Number         0  __rtentry4.o ABSOLUTE
    ../clib/angel/kernel.s                   0x00000000   Number         0  __rtentry5.o ABSOLUTE
    ../clib/angel/kernel.s                   0x00000000   Number         0  rtexit.o ABSOLUTE
    ../clib/angel/kernel.s                   0x00000000   Number         0  rtexit2.o ABSOLUTE
    ../clib/angel/rt.s                       0x00000000   Number         0  rt_raise.o ABSOLUTE
    ../clib/angel/scatter.s                  0x00000000   Number         0  __scatter.o ABSOLUTE
    ../clib/angel/startup.s                  0x00000000   Number         0  __main.o ABSOLUTE
    ../clib/angel/sys.s                      0x00000000   Number         0  sys_stackheap_outer.o ABSOLUTE
    ../clib/angel/sys.s                      0x00000000   Number         0  libspace.o ABSOLUTE
    ../clib/angel/sys.s                      0x00000000   Number         0  sys_stackheap.o ABSOLUTE
    ../clib/angel/sys.s                      0x00000000   Number         0  sys_stackheap_hlt.o ABSOLUTE
    ../clib/angel/sys.s                      0x00000000   Number         0  use_no_semi.o ABSOLUTE
    ../clib/angel/sys.s                      0x00000000   Number         0  indicate_semi.o ABSOLUTE
    ../clib/angel/sysapp.c                   0x00000000   Number         0  sys_exit.o ABSOLUTE
    ../clib/angel/sysapp.c                   0x00000000   Number         0  sys_exit_hlt.o ABSOLUTE
    ../clib/angel/sysapp.c                   0x00000000   Number         0  sys_command.o ABSOLUTE
    ../clib/angel/sysapp.c                   0x00000000   Number         0  sys_command_hlt.o ABSOLUTE
    ../clib/angel/sysapp.c                   0x00000000   Number         0  sys_wrch.o ABSOLUTE
    ../clib/angel/sysapp.c                   0x00000000   Number         0  sys_wrch_hlt.o ABSOLUTE
    ../clib/armsys.c                         0x00000000   Number         0  argv_veneer.o ABSOLUTE
    ../clib/armsys.c                         0x00000000   Number         0  argv_veneer.o ABSOLUTE
    ../clib/armsys.c                         0x00000000   Number         0  _get_argv_nomalloc.o ABSOLUTE
    ../clib/armsys.c                         0x00000000   Number         0  no_argv.o ABSOLUTE
    ../clib/heapalloc.c                      0x00000000   Number         0  hrguard.o ABSOLUTE
    ../clib/heapaux.c                        0x00000000   Number         0  heapauxi.o ABSOLUTE
    ../clib/libinit.s                        0x00000000   Number         0  libinit.o ABSOLUTE
    ../clib/libinit.s                        0x00000000   Number         0  libinit2.o ABSOLUTE
    ../clib/libinit.s                        0x00000000   Number         0  libinit3.o ABSOLUTE
    ../clib/libinit.s                        0x00000000   Number         0  libshutdown.o ABSOLUTE
    ../clib/libinit.s                        0x00000000   Number         0  libshutdown2.o ABSOLUTE
    ../clib/signal.c                         0x00000000   Number         0  defsig_rtmem_outer.o ABSOLUTE
    ../clib/signal.c                         0x00000000   Number         0  defsig_rtmem_formal.o ABSOLUTE
    ../clib/signal.c                         0x00000000   Number         0  defsig_exit.o ABSOLUTE
    ../clib/signal.c                         0x00000000   Number         0  defsig_rtmem_inner.o ABSOLUTE
    ../clib/signal.c                         0x00000000   Number         0  __raise.o ABSOLUTE
    ../clib/signal.c                         0x00000000   Number         0  defsig_general.o ABSOLUTE
    ../clib/signal.c                         0x00000000   Number         0  defsig_abrt_inner.o ABSOLUTE
    ../clib/signal.c                         0x00000000   Number         0  defsig_fpe_inner.o ABSOLUTE
    ../clib/signal.c                         0x00000000   Number         0  defsig_rtred_inner.o ABSOLUTE
    ../clib/signal.c                         0x00000000   Number         0  defsig_stak_inner.o ABSOLUTE
    ../clib/signal.c                         0x00000000   Number         0  defsig_pvfn_inner.o ABSOLUTE
    ../clib/signal.c                         0x00000000   Number         0  defsig_cppl_inner.o ABSOLUTE
    ../clib/signal.c                         0x00000000   Number         0  defsig_segv_inner.o ABSOLUTE
    ../clib/signal.c                         0x00000000   Number         0  defsig_other.o ABSOLUTE
    ../clib/signal.s                         0x00000000   Number         0  defsig.o ABSOLUTE
    ../clib/stdio.c                          0x00000000   Number         0  puts.o ABSOLUTE
    ../clib/stdlib.c                         0x00000000   Number         0  exit.o ABSOLUTE
    ../fplib/fpinit.s                        0x00000000   Number         0  fpinit.o ABSOLUTE
    SA5Z50_DEVS/startup_ARMCM33.s            0x00000000   Number         0  startup_armcm33.o ABSOLUTE
    STAR_adc.c                               0x00000000   Number         0  star_adc.o ABSOLUTE
    STAR_dma.c                               0x00000000   Number         0  star_dma.o ABSOLUTE
    STAR_dualtimer.c                         0x00000000   Number         0  star_dualtimer.o ABSOLUTE
    STAR_gpio.c                              0x00000000   Number         0  star_gpio.o ABSOLUTE
    STAR_i2c.c                               0x00000000   Number         0  star_i2c.o ABSOLUTE
    STAR_mpu.c                               0x00000000   Number         0  star_mpu.o ABSOLUTE
    STAR_rcc.c                               0x00000000   Number         0  star_rcc.o ABSOLUTE
    STAR_retarget.c                          0x00000000   Number         0  star_retarget.o ABSOLUTE
    STAR_spi.c                               0x00000000   Number         0  star_spi.o ABSOLUTE
    STAR_timer.c                             0x00000000   Number         0  star_timer.o ABSOLUTE
    STAR_uart.c                              0x00000000   Number         0  star_uart.o ABSOLUTE
    STAR_watchdog.c                          0x00000000   Number         0  star_watchdog.o ABSOLUTE
    dc.s                                     0x00000000   Number         0  dc.o ABSOLUTE
    main.c                                   0x00000000   Number         0  main.o ABSOLUTE
    system_ARMCM33.c                         0x00000000   Number         0  system_armcm33.o ABSOLUTE
    RESET                                    0x00000000   Section     2204  startup_armcm33.o(RESET)
    !!!main                                  0x0000089c   Section        8  __main.o(!!!main)
    !!!scatter                               0x000008a4   Section       52  __scatter.o(!!!scatter)
    !!handler_copy                           0x000008d8   Section       26  __scatter_copy.o(!!handler_copy)
    !!handler_zi                             0x000008f4   Section       28  __scatter_zi.o(!!handler_zi)
    .ARM.Collect$$libinit$$00000000          0x00000910   Section        2  libinit.o(.ARM.Collect$$libinit$$00000000)
    .ARM.Collect$$libinit$$00000001          0x00000912   Section        4  libinit2.o(.ARM.Collect$$libinit$$00000001)
    .ARM.Collect$$libinit$$00000004          0x00000916   Section        0  libinit2.o(.ARM.Collect$$libinit$$00000004)
    .ARM.Collect$$libinit$$0000000A          0x00000916   Section        0  libinit2.o(.ARM.Collect$$libinit$$0000000A)
    .ARM.Collect$$libinit$$0000000C          0x00000916   Section        0  libinit2.o(.ARM.Collect$$libinit$$0000000C)
    .ARM.Collect$$libinit$$0000000E          0x00000916   Section        0  libinit2.o(.ARM.Collect$$libinit$$0000000E)
    .ARM.Collect$$libinit$$00000011          0x00000916   Section        0  libinit2.o(.ARM.Collect$$libinit$$00000011)
    .ARM.Collect$$libinit$$00000013          0x00000916   Section        0  libinit2.o(.ARM.Collect$$libinit$$00000013)
    .ARM.Collect$$libinit$$00000015          0x00000916   Section        0  libinit2.o(.ARM.Collect$$libinit$$00000015)
    .ARM.Collect$$libinit$$00000017          0x00000916   Section        0  libinit2.o(.ARM.Collect$$libinit$$00000017)
    .ARM.Collect$$libinit$$00000019          0x00000916   Section        0  libinit2.o(.ARM.Collect$$libinit$$00000019)
    .ARM.Collect$$libinit$$0000001B          0x00000916   Section        0  libinit2.o(.ARM.Collect$$libinit$$0000001B)
    .ARM.Collect$$libinit$$0000001D          0x00000916   Section        0  libinit2.o(.ARM.Collect$$libinit$$0000001D)
    .ARM.Collect$$libinit$$0000001F          0x00000916   Section        0  libinit2.o(.ARM.Collect$$libinit$$0000001F)
    .ARM.Collect$$libinit$$00000021          0x00000916   Section        0  libinit2.o(.ARM.Collect$$libinit$$00000021)
    .ARM.Collect$$libinit$$00000023          0x00000916   Section        0  libinit2.o(.ARM.Collect$$libinit$$00000023)
    .ARM.Collect$$libinit$$00000025          0x00000916   Section        0  libinit2.o(.ARM.Collect$$libinit$$00000025)
    .ARM.Collect$$libinit$$0000002C          0x00000916   Section        0  libinit2.o(.ARM.Collect$$libinit$$0000002C)
    .ARM.Collect$$libinit$$0000002E          0x00000916   Section        0  libinit2.o(.ARM.Collect$$libinit$$0000002E)
    .ARM.Collect$$libinit$$00000030          0x00000916   Section        0  libinit2.o(.ARM.Collect$$libinit$$00000030)
    .ARM.Collect$$libinit$$00000032          0x00000916   Section        0  libinit2.o(.ARM.Collect$$libinit$$00000032)
    .ARM.Collect$$libinit$$00000033          0x00000916   Section        2  libinit2.o(.ARM.Collect$$libinit$$00000033)
    .ARM.Collect$$libshutdown$$00000000      0x00000918   Section        2  libshutdown.o(.ARM.Collect$$libshutdown$$00000000)
    .ARM.Collect$$libshutdown$$00000002      0x0000091a   Section        0  libshutdown2.o(.ARM.Collect$$libshutdown$$00000002)
    .ARM.Collect$$libshutdown$$00000004      0x0000091a   Section        0  libshutdown2.o(.ARM.Collect$$libshutdown$$00000004)
    .ARM.Collect$$libshutdown$$00000007      0x0000091a   Section        0  libshutdown2.o(.ARM.Collect$$libshutdown$$00000007)
    .ARM.Collect$$libshutdown$$0000000A      0x0000091a   Section        0  libshutdown2.o(.ARM.Collect$$libshutdown$$0000000A)
    .ARM.Collect$$libshutdown$$0000000C      0x0000091a   Section        0  libshutdown2.o(.ARM.Collect$$libshutdown$$0000000C)
    .ARM.Collect$$libshutdown$$0000000F      0x0000091a   Section        0  libshutdown2.o(.ARM.Collect$$libshutdown$$0000000F)
    .ARM.Collect$$libshutdown$$00000010      0x0000091a   Section        2  libshutdown2.o(.ARM.Collect$$libshutdown$$00000010)
    .ARM.Collect$$rtentry$$00000000          0x0000091c   Section        0  __rtentry.o(.ARM.Collect$$rtentry$$00000000)
    .ARM.Collect$$rtentry$$00000002          0x0000091c   Section        0  __rtentry2.o(.ARM.Collect$$rtentry$$00000002)
    .ARM.Collect$$rtentry$$00000005          0x0000091c   Section        4  __rtentry5.o(.ARM.Collect$$rtentry$$00000005)
    .ARM.Collect$$rtentry$$00000009          0x00000920   Section        0  __rtentry2.o(.ARM.Collect$$rtentry$$00000009)
    .ARM.Collect$$rtentry$$0000000A          0x00000920   Section        4  __rtentry2.o(.ARM.Collect$$rtentry$$0000000A)
    .ARM.Collect$$rtentry$$0000000C          0x00000924   Section        0  __rtentry2.o(.ARM.Collect$$rtentry$$0000000C)
    .ARM.Collect$$rtentry$$0000000D          0x00000924   Section        8  __rtentry2.o(.ARM.Collect$$rtentry$$0000000D)
    __lit__00000000                          0x0000092c   Data           4  __rtentry5.o(.ARM.Collect$$rtentry$$00002716)
    .ARM.Collect$$rtentry$$00002716          0x0000092c   Section        4  __rtentry5.o(.ARM.Collect$$rtentry$$00002716)
    .ARM.Collect$$rtexit$$00000000           0x00000930   Section        2  rtexit.o(.ARM.Collect$$rtexit$$00000000)
    .ARM.Collect$$rtexit$$00000002           0x00000932   Section        0  rtexit2.o(.ARM.Collect$$rtexit$$00000002)
    .ARM.Collect$$rtexit$$00000003           0x00000932   Section        4  rtexit2.o(.ARM.Collect$$rtexit$$00000003)
    .ARM.Collect$$rtexit$$00000004           0x00000936   Section        6  rtexit2.o(.ARM.Collect$$rtexit$$00000004)
    $v0                                      0x0000093c   Number         0  startup_armcm33.o(.text)
    .text                                    0x0000093c   Section      208  startup_armcm33.o(.text)
    .text                                    0x00000a0c   Section        0  puts.o(.text)
    .text                                    0x00000a38   Section        0  heapauxi.o(.text)
    .text                                    0x00000a3e   Section        0  exit.o(.text)
    .text                                    0x00000a50   Section        2  use_no_semi.o(.text)
    .text                                    0x00000a52   Section        0  indicate_semi.o(.text)
    .text                                    0x00000a54   Section        0  sys_exit.o(.text)
    [Anonymous Symbol]                       0x00000a60   Section        0  star_gpio.o(.text.GPIO_PinRemapConfig)
    [Anonymous Symbol]                       0x00000a6a   Section        0  star_rcc.o(.text.RCC_APB1PeriphResetCmd)
    [Anonymous Symbol]                       0x00000a82   Section        0  system_armcm33.o(.text.SystemInit)
    [Anonymous Symbol]                       0x00000ab4   Section        0  star_uart.o(.text.UART_DeInit)
    [Anonymous Symbol]                       0x00000af6   Section        0  star_uart.o(.text.UART_Init)
    [Anonymous Symbol]                       0x00000b10   Section        0  star_retarget.o(.text.fputc)
    [Anonymous Symbol]                       0x00000b28   Section        0  main.o(.text.main)
    $v0                                      0x00000bb4   Number         0  fpinit.o(x$fpl$fpinit)
    x$fpl$fpinit                             0x00000bb4   Section       26  fpinit.o(x$fpl$fpinit)
    STACK                                    0x20000060   Section     4096  startup_armcm33.o(STACK)

    Global Symbols

    Symbol Name                              Value     Ov Type        Size  Object(Section)

    BuildAttributes$$THM_ISAv4$E$P$D$K$B$S$7EM$8M$VFPi5$EXTD16$VFPS$VFMA$PE$A:L22UL41UL21$X:L11$S22US41US21$IEEE1$IW$~IW$USESV6$~STKCKD$USESV7$~SHL$OSPACE$ROPI$EBA8$UX$STANDARDLIB$REQ8$PRES8$EABIv2 0x00000000   Number         0  anon$$obj.o ABSOLUTE
    __Vectors                                0x00000000   Data           4  startup_armcm33.o(RESET)
    Image$$ZI$$Limit                          - Undefined Weak Reference
    __ARM_exceptions_init                     - Undefined Weak Reference
    __alloca_initialize                       - Undefined Weak Reference
    __arm_preinit_                            - Undefined Weak Reference
    __cpp_initialize__aeabi_                  - Undefined Weak Reference
    __cxa_finalize                            - Undefined Weak Reference
    __rt_locale                               - Undefined Weak Reference
    __sigvec_lookup                           - Undefined Weak Reference
    _atexit_init                              - Undefined Weak Reference
    _call_atexit_fns                          - Undefined Weak Reference
    _clock_init                               - Undefined Weak Reference
    _fp_trap_init                             - Undefined Weak Reference
    _fp_trap_shutdown                         - Undefined Weak Reference
    _get_lc_collate                           - Undefined Weak Reference
    _get_lc_ctype                             - Undefined Weak Reference
    _get_lc_monetary                          - Undefined Weak Reference
    _get_lc_numeric                           - Undefined Weak Reference
    _get_lc_time                              - Undefined Weak Reference
    _getenv_init                              - Undefined Weak Reference
    _handle_redirection                       - Undefined Weak Reference
    _init_alloc                               - Undefined Weak Reference
    _init_user_alloc                          - Undefined Weak Reference
    _initio                                   - Undefined Weak Reference
    _rand_init                                - Undefined Weak Reference
    _signal_finish                            - Undefined Weak Reference
    _signal_init                              - Undefined Weak Reference
    _terminate_alloc                          - Undefined Weak Reference
    _terminate_user_alloc                     - Undefined Weak Reference
    _terminateio                              - Undefined Weak Reference
    __Vectors_End                            0x0000089c   Data           0  startup_armcm33.o(RESET)
    __Vectors_Size                           0x0000089c   Number         0  startup_armcm33.o ABSOLUTE
    __main                                   0x0000089d   Thumb Code     8  __main.o(!!!main)
    __scatterload                            0x000008a5   Thumb Code     0  __scatter.o(!!!scatter)
    __scatterload_rt2                        0x000008a5   Thumb Code    44  __scatter.o(!!!scatter)
    __scatterload_rt2_thumb_only             0x000008a5   Thumb Code     0  __scatter.o(!!!scatter)
    __scatterload_null                       0x000008b3   Thumb Code     0  __scatter.o(!!!scatter)
    __scatterload_copy                       0x000008d9   Thumb Code    26  __scatter_copy.o(!!handler_copy)
    __scatterload_zeroinit                   0x000008f5   Thumb Code    28  __scatter_zi.o(!!handler_zi)
    __rt_lib_init                            0x00000911   Thumb Code     0  libinit.o(.ARM.Collect$$libinit$$00000000)
    __rt_lib_init_fp_1                       0x00000913   Thumb Code     0  libinit2.o(.ARM.Collect$$libinit$$00000001)
    __rt_lib_init_alloca_1                   0x00000917   Thumb Code     0  libinit2.o(.ARM.Collect$$libinit$$0000002E)
    __rt_lib_init_argv_1                     0x00000917   Thumb Code     0  libinit2.o(.ARM.Collect$$libinit$$0000002C)
    __rt_lib_init_atexit_1                   0x00000917   Thumb Code     0  libinit2.o(.ARM.Collect$$libinit$$0000001B)
    __rt_lib_init_clock_1                    0x00000917   Thumb Code     0  libinit2.o(.ARM.Collect$$libinit$$00000021)
    __rt_lib_init_cpp_1                      0x00000917   Thumb Code     0  libinit2.o(.ARM.Collect$$libinit$$00000032)
    __rt_lib_init_exceptions_1               0x00000917   Thumb Code     0  libinit2.o(.ARM.Collect$$libinit$$00000030)
    __rt_lib_init_fp_trap_1                  0x00000917   Thumb Code     0  libinit2.o(.ARM.Collect$$libinit$$0000001F)
    __rt_lib_init_getenv_1                   0x00000917   Thumb Code     0  libinit2.o(.ARM.Collect$$libinit$$00000023)
    __rt_lib_init_heap_1                     0x00000917   Thumb Code     0  libinit2.o(.ARM.Collect$$libinit$$0000000A)
    __rt_lib_init_lc_collate_1               0x00000917   Thumb Code     0  libinit2.o(.ARM.Collect$$libinit$$00000011)
    __rt_lib_init_lc_ctype_1                 0x00000917   Thumb Code     0  libinit2.o(.ARM.Collect$$libinit$$00000013)
    __rt_lib_init_lc_monetary_1              0x00000917   Thumb Code     0  libinit2.o(.ARM.Collect$$libinit$$00000015)
    __rt_lib_init_lc_numeric_1               0x00000917   Thumb Code     0  libinit2.o(.ARM.Collect$$libinit$$00000017)
    __rt_lib_init_lc_time_1                  0x00000917   Thumb Code     0  libinit2.o(.ARM.Collect$$libinit$$00000019)
    __rt_lib_init_preinit_1                  0x00000917   Thumb Code     0  libinit2.o(.ARM.Collect$$libinit$$00000004)
    __rt_lib_init_rand_1                     0x00000917   Thumb Code     0  libinit2.o(.ARM.Collect$$libinit$$0000000E)
    __rt_lib_init_return                     0x00000917   Thumb Code     0  libinit2.o(.ARM.Collect$$libinit$$00000033)
    __rt_lib_init_signal_1                   0x00000917   Thumb Code     0  libinit2.o(.ARM.Collect$$libinit$$0000001D)
    __rt_lib_init_stdio_1                    0x00000917   Thumb Code     0  libinit2.o(.ARM.Collect$$libinit$$00000025)
    __rt_lib_init_user_alloc_1               0x00000917   Thumb Code     0  libinit2.o(.ARM.Collect$$libinit$$0000000C)
    __rt_lib_shutdown                        0x00000919   Thumb Code     0  libshutdown.o(.ARM.Collect$$libshutdown$$00000000)
    __rt_lib_shutdown_cpp_1                  0x0000091b   Thumb Code     0  libshutdown2.o(.ARM.Collect$$libshutdown$$00000002)
    __rt_lib_shutdown_fp_trap_1              0x0000091b   Thumb Code     0  libshutdown2.o(.ARM.Collect$$libshutdown$$00000007)
    __rt_lib_shutdown_heap_1                 0x0000091b   Thumb Code     0  libshutdown2.o(.ARM.Collect$$libshutdown$$0000000F)
    __rt_lib_shutdown_return                 0x0000091b   Thumb Code     0  libshutdown2.o(.ARM.Collect$$libshutdown$$00000010)
    __rt_lib_shutdown_signal_1               0x0000091b   Thumb Code     0  libshutdown2.o(.ARM.Collect$$libshutdown$$0000000A)
    __rt_lib_shutdown_stdio_1                0x0000091b   Thumb Code     0  libshutdown2.o(.ARM.Collect$$libshutdown$$00000004)
    __rt_lib_shutdown_user_alloc_1           0x0000091b   Thumb Code     0  libshutdown2.o(.ARM.Collect$$libshutdown$$0000000C)
    __rt_entry                               0x0000091d   Thumb Code     0  __rtentry.o(.ARM.Collect$$rtentry$$00000000)
    __rt_entry_presh_1                       0x0000091d   Thumb Code     0  __rtentry2.o(.ARM.Collect$$rtentry$$00000002)
    __rt_entry_sh                            0x0000091d   Thumb Code     0  __rtentry5.o(.ARM.Collect$$rtentry$$00000005)
    __rt_entry_li                            0x00000921   Thumb Code     0  __rtentry2.o(.ARM.Collect$$rtentry$$0000000A)
    __rt_entry_postsh_1                      0x00000921   Thumb Code     0  __rtentry2.o(.ARM.Collect$$rtentry$$00000009)
    __rt_entry_main                          0x00000925   Thumb Code     0  __rtentry2.o(.ARM.Collect$$rtentry$$0000000D)
    __rt_entry_postli_1                      0x00000925   Thumb Code     0  __rtentry2.o(.ARM.Collect$$rtentry$$0000000C)
    __rt_exit                                0x00000931   Thumb Code     0  rtexit.o(.ARM.Collect$$rtexit$$00000000)
    __rt_exit_ls                             0x00000933   Thumb Code     0  rtexit2.o(.ARM.Collect$$rtexit$$00000003)
    __rt_exit_prels_1                        0x00000933   Thumb Code     0  rtexit2.o(.ARM.Collect$$rtexit$$00000002)
    __rt_exit_exit                           0x00000937   Thumb Code     0  rtexit2.o(.ARM.Collect$$rtexit$$00000004)
    Reset_Handler                            0x0000093d   Thumb Code    14  startup_armcm33.o(.text)
    HardFault_Handler                        0x0000094b   Thumb Code     2  startup_armcm33.o(.text)
    NMI_Handler                              0x0000094d   Thumb Code     2  startup_armcm33.o(.text)
    MemManage_Handler                        0x0000094f   Thumb Code     2  startup_armcm33.o(.text)
    BusFault_Handler                         0x00000951   Thumb Code     2  startup_armcm33.o(.text)
    UsageFault_Handler                       0x00000953   Thumb Code     2  startup_armcm33.o(.text)
    SecureFault_Handler                      0x00000955   Thumb Code     2  startup_armcm33.o(.text)
    SVC_Handler                              0x00000957   Thumb Code     2  startup_armcm33.o(.text)
    DebugMon_Handler                         0x00000959   Thumb Code     2  startup_armcm33.o(.text)
    PendSV_Handler                           0x0000095b   Thumb Code     2  startup_armcm33.o(.text)
    SysTick_Handler                          0x0000095d   Thumb Code     2  startup_armcm33.o(.text)
    UART0_Handler                            0x0000095f   Thumb Code     2  startup_armcm33.o(.text)
    ADC_Handler                              0x00000961   Thumb Code     2  startup_armcm33.o(.text)
    UART1_Handler                            0x00000963   Thumb Code     2  startup_armcm33.o(.text)
    DMACINTERR_Handler                       0x00000965   Thumb Code     2  startup_armcm33.o(.text)
    DMACINTTC_Handler                        0x00000967   Thumb Code     2  startup_armcm33.o(.text)
    DMACINTR_Handler                         0x00000969   Thumb Code     2  startup_armcm33.o(.text)
    PORT0_COMB_Handler                       0x0000096b   Thumb Code     2  startup_armcm33.o(.text)
    ADC1_Handler                             0x0000096d   Thumb Code     2  startup_armcm33.o(.text)
    TIMER0_Handler                           0x0000096f   Thumb Code     2  startup_armcm33.o(.text)
    TIMER1_Handler                           0x00000971   Thumb Code     2  startup_armcm33.o(.text)
    DUALTIMER0_Handler                       0x00000973   Thumb Code     2  startup_armcm33.o(.text)
    DUALTIMER1_Handler                       0x00000975   Thumb Code     2  startup_armcm33.o(.text)
    UARTOVF_Handler                          0x00000977   Thumb Code     2  startup_armcm33.o(.text)
    EXT13_IRQn                               0x00000979   Thumb Code     2  startup_armcm33.o(.text)
    EXT14_IRQn                               0x0000097b   Thumb Code     2  startup_armcm33.o(.text)
    EXT15_IRQn                               0x0000097d   Thumb Code     2  startup_armcm33.o(.text)
    PORT0_0_Handler                          0x0000097f   Thumb Code     2  startup_armcm33.o(.text)
    PORT0_1_Handler                          0x00000981   Thumb Code     2  startup_armcm33.o(.text)
    PORT0_2_Handler                          0x00000983   Thumb Code     2  startup_armcm33.o(.text)
    PORT0_3_Handler                          0x00000985   Thumb Code     2  startup_armcm33.o(.text)
    PORT0_4_Handler                          0x00000987   Thumb Code     2  startup_armcm33.o(.text)
    PORT0_5_Handler                          0x00000989   Thumb Code     2  startup_armcm33.o(.text)
    PORT0_6_Handler                          0x0000098b   Thumb Code     2  startup_armcm33.o(.text)
    PORT0_7_Handler                          0x0000098d   Thumb Code     2  startup_armcm33.o(.text)
    PORT0_8_Handler                          0x0000098f   Thumb Code     2  startup_armcm33.o(.text)
    PORT0_9_Handler                          0x00000991   Thumb Code     2  startup_armcm33.o(.text)
    PORT0_10_Handler                         0x00000993   Thumb Code     2  startup_armcm33.o(.text)
    PORT0_11_Handler                         0x00000995   Thumb Code     2  startup_armcm33.o(.text)
    PORT0_12_Handler                         0x00000997   Thumb Code     2  startup_armcm33.o(.text)
    PORT0_13_Handler                         0x00000999   Thumb Code     2  startup_armcm33.o(.text)
    PORT0_14_Handler                         0x0000099b   Thumb Code     2  startup_armcm33.o(.text)
    PORT0_15_Handler                         0x0000099d   Thumb Code     2  startup_armcm33.o(.text)
    PORT0_16_Handler                         0x0000099f   Thumb Code     2  startup_armcm33.o(.text)
    PORT0_17_Handler                         0x000009a1   Thumb Code     2  startup_armcm33.o(.text)
    PORT0_18_Handler                         0x000009a3   Thumb Code     2  startup_armcm33.o(.text)
    PORT0_19_Handler                         0x000009a5   Thumb Code     2  startup_armcm33.o(.text)
    PORT0_20_Handler                         0x000009a7   Thumb Code     2  startup_armcm33.o(.text)
    PORT0_21_Handler                         0x000009a9   Thumb Code     2  startup_armcm33.o(.text)
    PORT0_22_Handler                         0x000009ab   Thumb Code     2  startup_armcm33.o(.text)
    PORT0_23_Handler                         0x000009ad   Thumb Code     2  startup_armcm33.o(.text)
    PORT0_24_Handler                         0x000009af   Thumb Code     2  startup_armcm33.o(.text)
    PORT0_25_Handler                         0x000009b1   Thumb Code     2  startup_armcm33.o(.text)
    PORT0_26_Handler                         0x000009b3   Thumb Code     2  startup_armcm33.o(.text)
    PORT0_27_Handler                         0x000009b5   Thumb Code     2  startup_armcm33.o(.text)
    PORT0_28_Handler                         0x000009b7   Thumb Code     2  startup_armcm33.o(.text)
    PORT0_29_Handler                         0x000009b9   Thumb Code     2  startup_armcm33.o(.text)
    PORT0_30_Handler                         0x000009bb   Thumb Code     2  startup_armcm33.o(.text)
    PORT0_31_Handler                         0x000009bd   Thumb Code     2  startup_armcm33.o(.text)
    I2C_Handler                              0x000009bf   Thumb Code     2  startup_armcm33.o(.text)
    MPS2_SSP0_Handler                        0x000009c1   Thumb Code     2  startup_armcm33.o(.text)
    MPS2_SSP1_Handler                        0x000009c3   Thumb Code     2  startup_armcm33.o(.text)
    Spare51_Handler                          0x000009c5   Thumb Code     2  startup_armcm33.o(.text)
    Spare52_Handler                          0x000009c7   Thumb Code     2  startup_armcm33.o(.text)
    Spare53_Handler                          0x000009c9   Thumb Code     2  startup_armcm33.o(.text)
    Spare54_Handler                          0x000009cb   Thumb Code     2  startup_armcm33.o(.text)
    Spare55_Handler                          0x000009cd   Thumb Code     2  startup_armcm33.o(.text)
    Spare56_Handler                          0x000009cf   Thumb Code     2  startup_armcm33.o(.text)
    Spare57_Handler                          0x000009d1   Thumb Code     2  startup_armcm33.o(.text)
    Spare58_Handler                          0x000009d3   Thumb Code     2  startup_armcm33.o(.text)
    Spare59_Handler                          0x000009d5   Thumb Code     2  startup_armcm33.o(.text)
    Spare60_Handler                          0x000009d7   Thumb Code     2  startup_armcm33.o(.text)
    Spare61_Handler                          0x000009d9   Thumb Code     2  startup_armcm33.o(.text)
    Spare62_Handler                          0x000009db   Thumb Code     2  startup_armcm33.o(.text)
    Spare63_Handler                          0x000009dd   Thumb Code     2  startup_armcm33.o(.text)
    EXT0_Handler                             0x000009df   Thumb Code     2  startup_armcm33.o(.text)
    EXT1_Handler                             0x000009e1   Thumb Code     2  startup_armcm33.o(.text)
    EXT2_Handler                             0x000009e3   Thumb Code     2  startup_armcm33.o(.text)
    EXT3_Handler                             0x000009e5   Thumb Code     2  startup_armcm33.o(.text)
    EXT4_Handler                             0x000009e7   Thumb Code     2  startup_armcm33.o(.text)
    EXT5_Handler                             0x000009e9   Thumb Code     2  startup_armcm33.o(.text)
    EXT6_Handler                             0x000009eb   Thumb Code     2  startup_armcm33.o(.text)
    EXT7_Handler                             0x000009ed   Thumb Code     2  startup_armcm33.o(.text)
    EXT8_Handler                             0x000009ef   Thumb Code     2  startup_armcm33.o(.text)
    EXT9_Handler                             0x000009f1   Thumb Code     2  startup_armcm33.o(.text)
    EXT10_Handler                            0x000009f3   Thumb Code     2  startup_armcm33.o(.text)
    EXT11_Handler                            0x000009f5   Thumb Code     2  startup_armcm33.o(.text)
    EXT12_Handler                            0x000009f7   Thumb Code     2  startup_armcm33.o(.text)
    EXT13_Handler                            0x000009f9   Thumb Code     2  startup_armcm33.o(.text)
    EXT14_Handler                            0x000009fb   Thumb Code     2  startup_armcm33.o(.text)
    EXT15_Handler                            0x000009fd   Thumb Code     2  startup_armcm33.o(.text)
    UART2_Handler                            0x000009ff   Thumb Code     2  startup_armcm33.o(.text)
    puts                                     0x00000a0d   Thumb Code    40  puts.o(.text)
    __use_two_region_memory                  0x00000a39   Thumb Code     2  heapauxi.o(.text)
    __rt_heap_escrow$2region                 0x00000a3b   Thumb Code     2  heapauxi.o(.text)
    __rt_heap_expand$2region                 0x00000a3d   Thumb Code     2  heapauxi.o(.text)
    exit                                     0x00000a3f   Thumb Code    18  exit.o(.text)
    __I$use$semihosting                      0x00000a51   Thumb Code     0  use_no_semi.o(.text)
    __use_no_semihosting_swi                 0x00000a51   Thumb Code     2  use_no_semi.o(.text)
    __semihosting_library_function           0x00000a53   Thumb Code     0  indicate_semi.o(.text)
    _sys_exit                                0x00000a55   Thumb Code     8  sys_exit.o(.text)
    GPIO_PinRemapConfig                      0x00000a61   Thumb Code    10  star_gpio.o(.text.GPIO_PinRemapConfig)
    RCC_APB1PeriphResetCmd                   0x00000a6b   Thumb Code    24  star_rcc.o(.text.RCC_APB1PeriphResetCmd)
    SystemInit                               0x00000a83   Thumb Code    50  system_armcm33.o(.text.SystemInit)
    UART_DeInit                              0x00000ab5   Thumb Code    66  star_uart.o(.text.UART_DeInit)
    UART_Init                                0x00000af7   Thumb Code    24  star_uart.o(.text.UART_Init)
    fputc                                    0x00000b11   Thumb Code    24  star_retarget.o(.text.fputc)
    main                                     0x00000b29   Thumb Code   120  main.o(.text.main)
    _fp_init                                 0x00000bb5   Thumb Code    26  fpinit.o(x$fpl$fpinit)
    __fplib_config_fpu_vfp                   0x00000bcd   Thumb Code     0  fpinit.o(x$fpl$fpinit)
    __fplib_config_pureend_doubles           0x00000bcd   Thumb Code     0  fpinit.o(x$fpl$fpinit)
    Region$$Table$$Base                      0x00000bd0   Number         0  anon$$obj.o(Region$$Table)
    Region$$Table$$Limit                     0x00000bf0   Number         0  anon$$obj.o(Region$$Table)
    SystemCoreClock                          0x20000000   Data           4  system_armcm33.o(.data.SystemCoreClock)
    __stdout                                 0x20000008   Data          84  star_retarget.o(.bss.__stdout)
    __stack_limit                            0x20000060   Data           0  startup_armcm33.o(STACK)
    __initial_sp                             0x20001060   Data           0  startup_armcm33.o(STACK)



==============================================================================

Memory Map of the image

  Image Entry point : 0x0000089d

  Load Region LR_IROM1 (Base: 0x00000000, Size: 0x00000bf8, Max: 0x00040000, ABSOLUTE)

    Execution Region ER_IROM1 (Exec base: 0x00000000, Load base: 0x00000000, Size: 0x00000bf0, Max: 0x00040000, ABSOLUTE)

    Exec Addr    Load Addr    Size         Type   Attr      Idx    E Section Name        Object

    0x00000000   0x00000000   0x0000089c   Data   RO          370    RESET               startup_armcm33.o
    0x0000089c   0x0000089c   0x00000008   Code   RO          393  * !!!main             c_w.l(__main.o)
    0x000008a4   0x000008a4   0x00000034   Code   RO          569    !!!scatter          c_w.l(__scatter.o)
    0x000008d8   0x000008d8   0x0000001a   Code   RO          571    !!handler_copy      c_w.l(__scatter_copy.o)
    0x000008f2   0x000008f2   0x00000002   PAD
    0x000008f4   0x000008f4   0x0000001c   Code   RO          573    !!handler_zi        c_w.l(__scatter_zi.o)
    0x00000910   0x00000910   0x00000002   Code   RO          425    .ARM.Collect$$libinit$$00000000  c_w.l(libinit.o)
    0x00000912   0x00000912   0x00000004   Code   RO          435    .ARM.Collect$$libinit$$00000001  c_w.l(libinit2.o)
    0x00000916   0x00000916   0x00000000   Code   RO          438    .ARM.Collect$$libinit$$00000004  c_w.l(libinit2.o)
    0x00000916   0x00000916   0x00000000   Code   RO          441    .ARM.Collect$$libinit$$0000000A  c_w.l(libinit2.o)
    0x00000916   0x00000916   0x00000000   Code   RO          443    .ARM.Collect$$libinit$$0000000C  c_w.l(libinit2.o)
    0x00000916   0x00000916   0x00000000   Code   RO          445    .ARM.Collect$$libinit$$0000000E  c_w.l(libinit2.o)
    0x00000916   0x00000916   0x00000000   Code   RO          448    .ARM.Collect$$libinit$$00000011  c_w.l(libinit2.o)
    0x00000916   0x00000916   0x00000000   Code   RO          450    .ARM.Collect$$libinit$$00000013  c_w.l(libinit2.o)
    0x00000916   0x00000916   0x00000000   Code   RO          452    .ARM.Collect$$libinit$$00000015  c_w.l(libinit2.o)
    0x00000916   0x00000916   0x00000000   Code   RO          454    .ARM.Collect$$libinit$$00000017  c_w.l(libinit2.o)
    0x00000916   0x00000916   0x00000000   Code   RO          456    .ARM.Collect$$libinit$$00000019  c_w.l(libinit2.o)
    0x00000916   0x00000916   0x00000000   Code   RO          458    .ARM.Collect$$libinit$$0000001B  c_w.l(libinit2.o)
    0x00000916   0x00000916   0x00000000   Code   RO          460    .ARM.Collect$$libinit$$0000001D  c_w.l(libinit2.o)
    0x00000916   0x00000916   0x00000000   Code   RO          462    .ARM.Collect$$libinit$$0000001F  c_w.l(libinit2.o)
    0x00000916   0x00000916   0x00000000   Code   RO          464    .ARM.Collect$$libinit$$00000021  c_w.l(libinit2.o)
    0x00000916   0x00000916   0x00000000   Code   RO          466    .ARM.Collect$$libinit$$00000023  c_w.l(libinit2.o)
    0x00000916   0x00000916   0x00000000   Code   RO          468    .ARM.Collect$$libinit$$00000025  c_w.l(libinit2.o)
    0x00000916   0x00000916   0x00000000   Code   RO          472    .ARM.Collect$$libinit$$0000002C  c_w.l(libinit2.o)
    0x00000916   0x00000916   0x00000000   Code   RO          474    .ARM.Collect$$libinit$$0000002E  c_w.l(libinit2.o)
    0x00000916   0x00000916   0x00000000   Code   RO          476    .ARM.Collect$$libinit$$00000030  c_w.l(libinit2.o)
    0x00000916   0x00000916   0x00000000   Code   RO          478    .ARM.Collect$$libinit$$00000032  c_w.l(libinit2.o)
    0x00000916   0x00000916   0x00000002   Code   RO          479    .ARM.Collect$$libinit$$00000033  c_w.l(libinit2.o)
    0x00000918   0x00000918   0x00000002   Code   RO          508    .ARM.Collect$$libshutdown$$00000000  c_w.l(libshutdown.o)
    0x0000091a   0x0000091a   0x00000000   Code   RO          520    .ARM.Collect$$libshutdown$$00000002  c_w.l(libshutdown2.o)
    0x0000091a   0x0000091a   0x00000000   Code   RO          522    .ARM.Collect$$libshutdown$$00000004  c_w.l(libshutdown2.o)
    0x0000091a   0x0000091a   0x00000000   Code   RO          525    .ARM.Collect$$libshutdown$$00000007  c_w.l(libshutdown2.o)
    0x0000091a   0x0000091a   0x00000000   Code   RO          528    .ARM.Collect$$libshutdown$$0000000A  c_w.l(libshutdown2.o)
    0x0000091a   0x0000091a   0x00000000   Code   RO          530    .ARM.Collect$$libshutdown$$0000000C  c_w.l(libshutdown2.o)
    0x0000091a   0x0000091a   0x00000000   Code   RO          533    .ARM.Collect$$libshutdown$$0000000F  c_w.l(libshutdown2.o)
    0x0000091a   0x0000091a   0x00000002   Code   RO          534    .ARM.Collect$$libshutdown$$00000010  c_w.l(libshutdown2.o)
    0x0000091c   0x0000091c   0x00000000   Code   RO          395    .ARM.Collect$$rtentry$$00000000  c_w.l(__rtentry.o)
    0x0000091c   0x0000091c   0x00000000   Code   RO          397    .ARM.Collect$$rtentry$$00000002  c_w.l(__rtentry2.o)
    0x0000091c   0x0000091c   0x00000004   Code   RO          411    .ARM.Collect$$rtentry$$00000005  c_w.l(__rtentry5.o)
    0x00000920   0x00000920   0x00000000   Code   RO          399    .ARM.Collect$$rtentry$$00000009  c_w.l(__rtentry2.o)
    0x00000920   0x00000920   0x00000004   Code   RO          400    .ARM.Collect$$rtentry$$0000000A  c_w.l(__rtentry2.o)
    0x00000924   0x00000924   0x00000000   Code   RO          402    .ARM.Collect$$rtentry$$0000000C  c_w.l(__rtentry2.o)
    0x00000924   0x00000924   0x00000008   Code   RO          403    .ARM.Collect$$rtentry$$0000000D  c_w.l(__rtentry2.o)
    0x0000092c   0x0000092c   0x00000004   Code   RO          412    .ARM.Collect$$rtentry$$00002716  c_w.l(__rtentry5.o)
    0x00000930   0x00000930   0x00000002   Code   RO          433    .ARM.Collect$$rtexit$$00000000  c_w.l(rtexit.o)
    0x00000932   0x00000932   0x00000000   Code   RO          488    .ARM.Collect$$rtexit$$00000002  c_w.l(rtexit2.o)
    0x00000932   0x00000932   0x00000004   Code   RO          489    .ARM.Collect$$rtexit$$00000003  c_w.l(rtexit2.o)
    0x00000936   0x00000936   0x00000006   Code   RO          490    .ARM.Collect$$rtexit$$00000004  c_w.l(rtexit2.o)
    0x0000093c   0x0000093c   0x000000d0   Code   RO          371    .text               startup_armcm33.o
    0x00000a0c   0x00000a0c   0x0000002c   Code   RO          389    .text               c_w.l(puts.o)
    0x00000a38   0x00000a38   0x00000006   Code   RO          391    .text               c_w.l(heapauxi.o)
    0x00000a3e   0x00000a3e   0x00000012   Code   RO          418    .text               c_w.l(exit.o)
    0x00000a50   0x00000a50   0x00000002   Code   RO          484    .text               c_w.l(use_no_semi.o)
    0x00000a52   0x00000a52   0x00000000   Code   RO          486    .text               c_w.l(indicate_semi.o)
    0x00000a52   0x00000a52   0x00000002   PAD
    0x00000a54   0x00000a54   0x0000000c   Code   RO          498    .text               c_w.l(sys_exit.o)
    0x00000a60   0x00000a60   0x0000000a   Code   RO          128    .text.GPIO_PinRemapConfig  star_gpio.o
    0x00000a6a   0x00000a6a   0x00000018   Code   RO          212    .text.RCC_APB1PeriphResetCmd  star_rcc.o
    0x00000a82   0x00000a82   0x00000032   Code   RO          359    .text.SystemInit    system_armcm33.o
    0x00000ab4   0x00000ab4   0x00000042   Code   RO          309    .text.UART_DeInit   star_uart.o
    0x00000af6   0x00000af6   0x00000018   Code   RO          311    .text.UART_Init     star_uart.o
    0x00000b0e   0x00000b0e   0x00000002   PAD
    0x00000b10   0x00000b10   0x00000018   Code   RO          221    .text.fputc         star_retarget.o
    0x00000b28   0x00000b28   0x0000008c   Code   RO          378    .text.main          main.o
    0x00000bb4   0x00000bb4   0x0000001a   Code   RO          496    x$fpl$fpinit        fz_wm.l(fpinit.o)
    0x00000bce   0x00000bce   0x00000002   PAD
    0x00000bd0   0x00000bd0   0x00000020   Data   RO          568    Region$$Table       anon$$obj.o


    Execution Region RW_IRAM1 (Exec base: 0x20000000, Load base: 0x00000bf0, Size: 0x00001060, Max: 0x00030000, ABSOLUTE)

    Exec Addr    Load Addr    Size         Type   Attr      Idx    E Section Name        Object

    0x20000000   0x00000bf0   0x00000004   Data   RW          361    .data.SystemCoreClock  system_armcm33.o
    0x20000004   0x00000bf4   0x00000004   PAD
    0x20000008        -       0x00000054   Zero   RW          229    .bss.__stdout       star_retarget.o
    0x2000005c   0x00000bf4   0x00000004   PAD
    0x20000060        -       0x00001000   Zero   RW          368    STACK               startup_armcm33.o


==============================================================================

Image component sizes


      Code (inc. data)   RO Data    RW Data    ZI Data      Debug   Object Name

       140         20          0          0          0       2019   main.o
        10          0          0          0          0       3583   star_gpio.o
        24          0          0          0          0        905   star_rcc.o
        24          0          0          0         84       1922   star_retarget.o
        90          0          0          0          0       2753   star_uart.o
       208         12       2204          0       4096       4108   startup_armcm33.o
        50          0          0          4          0       1894   system_armcm33.o

    ----------------------------------------------------------------------
       548         32       2236          4       4188      17184   Object Totals
         0          0         32          0          0          0   (incl. Generated)
         2          0          0          0          8          0   (incl. Padding)

    ----------------------------------------------------------------------

      Code (inc. data)   RO Data    RW Data    ZI Data      Debug   Library Member Name

         8          0          0          0          0         68   __main.o
         0          0          0          0          0          0   __rtentry.o
        12          0          0          0          0          0   __rtentry2.o
         8          4          0          0          0          0   __rtentry5.o
        52          8          0          0          0          0   __scatter.o
        26          0          0          0          0          0   __scatter_copy.o
        28          0          0          0          0          0   __scatter_zi.o
        18          0          0          0          0         80   exit.o
         6          0          0          0          0        152   heapauxi.o
         0          0          0          0          0          0   indicate_semi.o
         2          0          0          0          0          0   libinit.o
         6          0          0          0          0          0   libinit2.o
         2          0          0          0          0          0   libshutdown.o
         2          0          0          0          0          0   libshutdown2.o
        44          4          0          0          0         84   puts.o
         2          0          0          0          0          0   rtexit.o
        10          0          0          0          0          0   rtexit2.o
        12          4          0          0          0         68   sys_exit.o
         2          0          0          0          0         68   use_no_semi.o
        26          0          0          0          0        116   fpinit.o

    ----------------------------------------------------------------------
       272         20          0          0          0        636   Library Totals
         6          0          0          0          0          0   (incl. Padding)

    ----------------------------------------------------------------------

      Code (inc. data)   RO Data    RW Data    ZI Data      Debug   Library Name

       240         20          0          0          0        520   c_w.l
        26          0          0          0          0        116   fz_wm.l

    ----------------------------------------------------------------------
       272         20          0          0          0        636   Library Totals

    ----------------------------------------------------------------------

==============================================================================


      Code (inc. data)   RO Data    RW Data    ZI Data      Debug   

       820         52       2236          4       4188      17616   Grand Totals
       820         52       2236          4       4188      17616   ELF Image Totals
       820         52       2236          4          0          0   ROM Totals

==============================================================================

    Total RO  Size (Code + RO Data)                 3056 (   2.98kB)
    Total RW  Size (RW Data + ZI Data)              4192 (   4.09kB)
    Total ROM Size (Code + RO Data + RW Data)       3060 (   2.99kB)

==============================================================================

