Component: ARM Compiler 6.16 Tool: armlink [5dfeaa00]

==============================================================================

Section Cross References

    star_adc.o(.text.ADC_DeInit) refers to star_rcc.o(.text.RCC_APB1PeriphResetCmd) for RCC_APB1PeriphResetCmd
    star_adc.o(.ARM.exidx.text.ADC_DeInit) refers to star_adc.o(.text.ADC_DeInit) for [Anonymous Symbol]
    star_adc.o(.ARM.exidx.text.ADC_Init) refers to star_adc.o(.text.ADC_Init) for [Anonymous Symbol]
    star_adc.o(.ARM.exidx.text.ADC_StartConversion) refers to star_adc.o(.text.ADC_StartConversion) for [Anonymous Symbol]
    star_adc.o(.ARM.exidx.text.ADC_StopConversion) refers to star_adc.o(.text.ADC_StopConversion) for [Anonymous Symbol]
    star_adc.o(.ARM.exidx.text.ADC_EOCInterrupt_Config) refers to star_adc.o(.text.ADC_EOCInterrupt_Config) for [Anonymous Symbol]
    star_adc.o(.ARM.exidx.text.ADC_GetValueFromDR) refers to star_adc.o(.text.ADC_GetValueFromDR) for [Anonymous Symbol]
    star_adc.o(.ARM.exidx.text.ADC_GetValueFromDBR) refers to star_adc.o(.text.ADC_GetValueFromDBR) for [Anonymous Symbol]
    star_adc.o(.ARM.exidx.text.ADC_ExternalEventTrigConvConfig) refers to star_adc.o(.text.ADC_ExternalEventTrigConvConfig) for [Anonymous Symbol]
    star_adc.o(.ARM.exidx.text.ADC_InterruptEOCFlag_Clear) refers to star_adc.o(.text.ADC_InterruptEOCFlag_Clear) for [Anonymous Symbol]
    star_adc.o(.ARM.exidx.text.ADC_Get_BusyState) refers to star_adc.o(.text.ADC_Get_BusyState) for [Anonymous Symbol]
    star_adc.o(.ARM.exidx.text.ADC_Active_Set) refers to star_adc.o(.text.ADC_Active_Set) for [Anonymous Symbol]
    star_adc.o(.ARM.exidx.text.ADC_Get_DataBufferEnable_State) refers to star_adc.o(.text.ADC_Get_DataBufferEnable_State) for [Anonymous Symbol]
    star_dma.o(.ARM.exidx.text.DMA_Get_InterruptStatus) refers to star_dma.o(.text.DMA_Get_InterruptStatus) for [Anonymous Symbol]
    star_dma.o(.ARM.exidx.text.DMA_Get_TerminalCountStatus) refers to star_dma.o(.text.DMA_Get_TerminalCountStatus) for [Anonymous Symbol]
    star_dma.o(.ARM.exidx.text.DMA_Clear_TerminalCountInterrupt) refers to star_dma.o(.text.DMA_Clear_TerminalCountInterrupt) for [Anonymous Symbol]
    star_dma.o(.ARM.exidx.text.DMA_Get_InterruptErrorStatus) refers to star_dma.o(.text.DMA_Get_InterruptErrorStatus) for [Anonymous Symbol]
    star_dma.o(.ARM.exidx.text.DMA_Clear_InterruptError) refers to star_dma.o(.text.DMA_Clear_InterruptError) for [Anonymous Symbol]
    star_dma.o(.ARM.exidx.text.DMA_Get_RawInterruptTerminalCountStatus) refers to star_dma.o(.text.DMA_Get_RawInterruptTerminalCountStatus) for [Anonymous Symbol]
    star_dma.o(.ARM.exidx.text.DMA_Get_RawErrorInterruptStatus) refers to star_dma.o(.text.DMA_Get_RawErrorInterruptStatus) for [Anonymous Symbol]
    star_dma.o(.ARM.exidx.text.DMA_Get_EnableChannel) refers to star_dma.o(.text.DMA_Get_EnableChannel) for [Anonymous Symbol]
    star_dma.o(.ARM.exidx.text.DMA_Set_Configuration) refers to star_dma.o(.text.DMA_Set_Configuration) for [Anonymous Symbol]
    star_dma.o(.ARM.exidx.text.DMA_Set_SourceAddress) refers to star_dma.o(.text.DMA_Set_SourceAddress) for [Anonymous Symbol]
    star_dma.o(.ARM.exidx.text.DMA_Set_DestinationAddress) refers to star_dma.o(.text.DMA_Set_DestinationAddress) for [Anonymous Symbol]
    star_dma.o(.ARM.exidx.text.DMA_Set_LLI) refers to star_dma.o(.text.DMA_Set_LLI) for [Anonymous Symbol]
    star_dma.o(.ARM.exidx.text.DMA_Set_Increment) refers to star_dma.o(.text.DMA_Set_Increment) for [Anonymous Symbol]
    star_dma.o(.ARM.exidx.text.DMA_Set_DataWidth) refers to star_dma.o(.text.DMA_Set_DataWidth) for [Anonymous Symbol]
    star_dma.o(.ARM.exidx.text.DMA_Set_TransferSize) refers to star_dma.o(.text.DMA_Set_TransferSize) for [Anonymous Symbol]
    star_dma.o(.ARM.exidx.text.DMA_ChannelConfig) refers to star_dma.o(.text.DMA_ChannelConfig) for [Anonymous Symbol]
    star_dma.o(.ARM.exidx.text.DMA_ChannelConfig_Flow) refers to star_dma.o(.text.DMA_ChannelConfig_Flow) for [Anonymous Symbol]
    star_dma.o(.ARM.exidx.text.DMA_ChannelConfig_Peri) refers to star_dma.o(.text.DMA_ChannelConfig_Peri) for [Anonymous Symbol]
    star_dma.o(.ARM.exidx.text.DMA_LLI_List_Item) refers to star_dma.o(.text.DMA_LLI_List_Item) for [Anonymous Symbol]
    star_dma.o(.ARM.exidx.text.DMA_SoftwareBurstRequest) refers to star_dma.o(.text.DMA_SoftwareBurstRequest) for [Anonymous Symbol]
    star_dma.o(.ARM.exidx.text.DMA_SoftwareSingleRequest) refers to star_dma.o(.text.DMA_SoftwareSingleRequest) for [Anonymous Symbol]
    star_dma.o(.ARM.exidx.text.DMA_SoftwareLastBurstRequest) refers to star_dma.o(.text.DMA_SoftwareLastBurstRequest) for [Anonymous Symbol]
    star_dma.o(.ARM.exidx.text.DMA_SoftwareLastSingleRequest) refers to star_dma.o(.text.DMA_SoftwareLastSingleRequest) for [Anonymous Symbol]
    star_dualtimer.o(.text.DTIM_DeInit) refers to star_rcc.o(.text.RCC_APB1PeriphResetCmd) for RCC_APB1PeriphResetCmd
[...]
    libinit2.o(.ARM.Collect$$libinit$$00000026) refers to argv_veneer.o(.emb_text) for __ARM_argv_veneer
    libinit2.o(.ARM.Collect$$libinit$$00000027) refers to argv_veneer.o(.emb_text) for __ARM_argv_veneer
    libinit3.o(.ARM.Collect$$libinit$$00000006) refers to libinit3.o(.ARM.Collect$$libinit$$00002717) for __lit__00000000
    libinit3.o(.ARM.Collect$$libinit$$00002717) refers to startup_armcm33.o(HEAP) for __heap_base
    libinit3.o(.ARM.Collect$$libinit$$00000028) refers to libinit3.o(.ARM.Collect$$libinit$$00002739) for __lit__00000002
    libinit3.o(.ARM.Collect$$libinit$$00000028) refers to argv_veneer.o(.emb_text) for __ARM_argv_veneer
    libinit3.o(.ARM.Collect$$libinit$$00002739) refers to startup_armcm33.o(HEAP) for __heap_base
    rtexit2.o(.ARM.Collect$$rtexit$$00000003) refers to libshutdown.o(.ARM.Collect$$libshutdown$$00000000) for __rt_lib_shutdown
    rtexit2.o(.ARM.Collect$$rtexit$$00000004) refers to sys_exit.o(.text) for _sys_exit
    rtexit2.o(.ARM.exidx) refers to rtexit2.o(.ARM.Collect$$rtexit$$00000001) for .ARM.Collect$$rtexit$$00000001
    rtexit2.o(.ARM.exidx) refers to rtexit2.o(.ARM.Collect$$rtexit$$00000003) for .ARM.Collect$$rtexit$$00000003
    rtexit2.o(.ARM.exidx) refers to rtexit2.o(.ARM.Collect$$rtexit$$00000004) for .ARM.Collect$$rtexit$$00000004
    argv_veneer.o(.emb_text) refers to no_argv.o(.text) for __ARM_get_argv
    sys_exit.o(.text) refers (Special) to use_no_semi.o(.text) for __I$use$semihosting
    sys_exit.o(.text) refers (Special) to indicate_semi.o(.text) for __semihosting_library_function
    sys_exit_hlt.o(.text) refers (Special) to use_no_semi.o(.text) for __I$use$semihosting
    sys_exit_hlt.o(.text) refers (Special) to indicate_semi.o(.text) for __semihosting_library_function
    _get_argv_nomalloc.o(.text) refers (Special) to hrguard.o(.text) for __heap_region$guard
    _get_argv_nomalloc.o(.text) refers to defsig_rtmem_outer.o(.text) for __rt_SIGRTMEM
    _get_argv_nomalloc.o(.text) refers to sys_command.o(.text) for _sys_command_string
    libshutdown.o(.ARM.Collect$$libshutdown$$00000000) refers (Special) to libshutdown2.o(.ARM.Collect$$libshutdown$$00000002) for __rt_lib_shutdown_cpp_1
    libshutdown.o(.ARM.Collect$$libshutdown$$00000000) refers (Special) to libshutdown2.o(.ARM.Collect$$libshutdown$$00000007) for __rt_lib_shutdown_fp_trap_1
    libshutdown.o(.ARM.Collect$$libshutdown$$00000000) refers (Special) to libshutdown2.o(.ARM.Collect$$libshutdown$$0000000F) for __rt_lib_shutdown_heap_1
    libshutdown.o(.ARM.Collect$$libshutdown$$00000000) refers (Special) to libshutdown2.o(.ARM.Collect$$libshutdown$$00000010) for __rt_lib_shutdown_return
    libshutdown.o(.ARM.Collect$$libshutdown$$00000000) refers (Special) to libshutdown2.o(.ARM.Collect$$libshutdown$$0000000A) for __rt_lib_shutdown_signal_1
    libshutdown.o(.ARM.Collect$$libshutdown$$00000000) refers (Special) to libshutdown2.o(.ARM.Collect$$libshutdown$$00000004) for __rt_lib_shutdown_stdio_1
    libshutdown.o(.ARM.Collect$$libshutdown$$00000000) refers (Special) to libshutdown2.o(.ARM.Collect$$libshutdown$$0000000C) for __rt_lib_shutdown_user_alloc_1
    sys_command.o(.text) refers (Special) to use_no_semi.o(.text) for __I$use$semihosting
    sys_command.o(.text) refers (Special) to indicate_semi.o(.text) for __semihosting_library_function
    sys_command_hlt.o(.text) refers (Special) to use_no_semi.o(.text) for __I$use$semihosting
    sys_command_hlt.o(.text) refers (Special) to indicate_semi.o(.text) for __semihosting_library_function
    defsig_rtmem_outer.o(.text) refers to defsig_rtmem_inner.o(.text) for __rt_SIGRTMEM_inner
    defsig_rtmem_outer.o(.text) refers to defsig_exit.o(.text) for __sig_exit
    defsig_rtmem_formal.o(.text) refers to rt_raise.o(.text) for __rt_raise
    rt_raise.o(.text) refers to __raise.o(.text) for __raise
    rt_raise.o(.text) refers to sys_exit.o(.text) for _sys_exit
    defsig_exit.o(.text) refers to sys_exit.o(.text) for _sys_exit
    defsig_rtmem_inner.o(.text) refers to defsig_general.o(.text) for __default_signal_display
    __raise.o(.text) refers to defsig.o(CL$$defsig) for __default_signal_handler
    defsig_general.o(.text) refers to sys_wrch.o(.text) for _ttywrch
    sys_wrch.o(.text) refers (Special) to use_no_semi.o(.text) for __I$use$semihosting
    sys_wrch.o(.text) refers (Special) to indicate_semi.o(.text) for __semihosting_library_function
    sys_wrch_hlt.o(.text) refers (Special) to use_no_semi.o(.text) for __I$use$semihosting
    sys_wrch_hlt.o(.text) refers (Special) to indicate_semi.o(.text) for __semihosting_library_function
    defsig.o(CL$$defsig) refers to defsig_rtmem_inner.o(.text) for __rt_SIGRTMEM_inner
    defsig_abrt_inner.o(.text) refers to defsig_general.o(.text) for __default_signal_display
    defsig_fpe_inner.o(.text) refers to defsig_general.o(.text) for __default_signal_display
    defsig_rtred_inner.o(.text) refers to defsig_general.o(.text) for __default_signal_display
    defsig_stak_inner.o(.text) refers to defsig_general.o(.text) for __default_signal_display
    defsig_pvfn_inner.o(.text) refers to defsig_general.o(.text) for __default_signal_display
    defsig_cppl_inner.o(.text) refers to defsig_general.o(.text) for __default_signal_display
    defsig_segv_inner.o(.text) refers to defsig_general.o(.text) for __default_signal_display
    defsig_other.o(.text) refers to defsig_general.o(.text) for __default_signal_display


==============================================================================

Removing Unused input sections from the image.

    Removing star_adc.o(.text), (0 bytes).
    Removing star_adc.o(.text.ADC_DeInit), (56 bytes).
    Removing star_adc.o(.ARM.exidx.text.ADC_DeInit), (8 bytes).
    Removing star_adc.o(.text.ADC_Init), (72 bytes).
    Removing star_adc.o(.ARM.exidx.text.ADC_Init), (8 bytes).
    Removing star_adc.o(.text.ADC_StartConversion), (10 bytes).
    Removing star_adc.o(.ARM.exidx.text.ADC_StartConversion), (8 bytes).
    Removing star_adc.o(.text.ADC_StopConversion), (10 bytes).
    Removing star_adc.o(.ARM.exidx.text.ADC_StopConversion), (8 bytes).
    Removing star_adc.o(.text.ADC_EOCInterrupt_Config), (16 bytes).
    Removing star_adc.o(.ARM.exidx.text.ADC_EOCInterrupt_Config), (8 bytes).
    Removing star_adc.o(.text.ADC_GetValueFromDR), (6 bytes).
    Removing star_adc.o(.ARM.exidx.text.ADC_GetValueFromDR), (8 bytes).
    Removing star_adc.o(.text.ADC_GetValueFromDBR), (36 bytes).
    Removing star_adc.o(.ARM.exidx.text.ADC_GetValueFromDBR), (8 bytes).
    Removing star_adc.o(.text.ADC_ExternalEventTrigConvConfig), (14 bytes).
    Removing star_adc.o(.ARM.exidx.text.ADC_ExternalEventTrigConvConfig), (8 bytes).
    Removing star_adc.o(.text.ADC_InterruptEOCFlag_Clear), (10 bytes).
    Removing star_adc.o(.ARM.exidx.text.ADC_InterruptEOCFlag_Clear), (8 bytes).
    Removing star_adc.o(.text.ADC_Get_BusyState), (6 bytes).
    Removing star_adc.o(.ARM.exidx.text.ADC_Get_BusyState), (8 bytes).
    Removing star_adc.o(.text.ADC_Active_Set), (16 bytes).
    Removing star_adc.o(.ARM.exidx.text.ADC_Active_Set), (8 bytes).
    Removing star_adc.o(.text.ADC_Get_DataBufferEnable_State), (8 bytes).
    Removing star_adc.o(.ARM.exidx.text.ADC_Get_DataBufferEnable_State), (8 bytes).
    Removing star_dma.o(.text), (0 bytes).
    Removing star_dma.o(.text.DMA_Get_InterruptStatus), (4 bytes).
    Removing star_dma.o(.ARM.exidx.text.DMA_Get_InterruptStatus), (8 bytes).
    Removing star_dma.o(.text.DMA_Get_TerminalCountStatus), (4 bytes).
    Removing star_dma.o(.ARM.exidx.text.DMA_Get_TerminalCountStatus), (8 bytes).
    Removing star_dma.o(.text.DMA_Clear_TerminalCountInterrupt), (16 bytes).
    Removing star_dma.o(.ARM.exidx.text.DMA_Clear_TerminalCountInterrupt), (8 bytes).
    Removing star_dma.o(.text.DMA_Get_InterruptErrorStatus), (4 bytes).
    Removing star_dma.o(.ARM.exidx.text.DMA_Get_InterruptErrorStatus), (8 bytes).
    Removing star_dma.o(.text.DMA_Clear_InterruptError), (16 bytes).
    Removing star_dma.o(.ARM.exidx.text.DMA_Clear_InterruptError), (8 bytes).
    Removing star_dma.o(.text.DMA_Get_RawInterruptTerminalCountStatus), (4 bytes).
    Removing star_dma.o(.ARM.exidx.text.DMA_Get_RawInterruptTerminalCountStatus), (8 bytes).
    Removing star_dma.o(.text.DMA_Get_RawErrorInterruptStatus), (4 bytes).
    Removing star_dma.o(.ARM.exidx.text.DMA_Get_RawErrorInterruptStatus), (8 bytes).
    Removing star_dma.o(.text.DMA_Get_EnableChannel), (4 bytes).
    Removing star_dma.o(.ARM.exidx.text.DMA_Get_EnableChannel), (8 bytes).
    Removing star_dma.o(.text.DMA_Set_Configuration), (16 bytes).
    Removing star_dma.o(.ARM.exidx.text.DMA_Set_Configuration), (8 bytes).
    Removing star_dma.o(.text.DMA_Set_SourceAddress), (20 bytes).
    Removing star_dma.o(.ARM.exidx.text.DMA_Set_SourceAddress), (8 bytes).
    Removing star_dma.o(.text.DMA_Set_DestinationAddress), (20 bytes).
    Removing star_dma.o(.ARM.exidx.text.DMA_Set_DestinationAddress), (8 bytes).
    Removing star_dma.o(.text.DMA_Set_LLI), (20 bytes).
    Removing star_dma.o(.ARM.exidx.text.DMA_Set_LLI), (8 bytes).
    Removing star_dma.o(.text.DMA_Set_Increment), (52 bytes).
    Removing star_dma.o(.ARM.exidx.text.DMA_Set_Increment), (8 bytes).
    Removing star_dma.o(.text.DMA_Set_DataWidth), (42 bytes).
    Removing star_dma.o(.ARM.exidx.text.DMA_Set_DataWidth), (8 bytes).
    Removing star_dma.o(.text.DMA_Set_TransferSize), (52 bytes).
    Removing star_dma.o(.ARM.exidx.text.DMA_Set_TransferSize), (8 bytes).
    Removing star_dma.o(.text.DMA_ChannelConfig), (48 bytes).
    Removing star_dma.o(.ARM.exidx.text.DMA_ChannelConfig), (8 bytes).
    Removing star_dma.o(.text.DMA_ChannelConfig_Flow), (30 bytes).
    Removing star_dma.o(.ARM.exidx.text.DMA_ChannelConfig_Flow), (8 bytes).
    Removing star_dma.o(.text.DMA_ChannelConfig_Peri), (54 bytes).
    Removing star_dma.o(.ARM.exidx.text.DMA_ChannelConfig_Peri), (8 bytes).
    Removing star_dma.o(.text.DMA_LLI_List_Item), (22 bytes).
    Removing star_dma.o(.ARM.exidx.text.DMA_LLI_List_Item), (8 bytes).
    Removing star_dma.o(.text.DMA_SoftwareBurstRequest), (4 bytes).
    Removing star_dma.o(.ARM.exidx.text.DMA_SoftwareBurstRequest), (8 bytes).
    Removing star_dma.o(.text.DMA_SoftwareSingleRequest), (4 bytes).
    Removing star_dma.o(.ARM.exidx.text.DMA_SoftwareSingleRequest), (8 bytes).
    Removing star_dma.o(.text.DMA_SoftwareLastBurstRequest), (4 bytes).
    Removing star_dma.o(.ARM.exidx.text.DMA_SoftwareLastBurstRequest), (8 bytes).
    Removing star_dma.o(.text.DMA_SoftwareLastSingleRequest), (4 bytes).
    Removing star_dma.o(.ARM.exidx.text.DMA_SoftwareLastSingleRequest), (8 bytes).
    Removing star_dualtimer.o(.text), (0 bytes).
    Removing star_dualtimer.o(.text.DTIM_DeInit), (56 bytes).
    Removing star_dualtimer.o(.ARM.exidx.text.DTIM_DeInit), (8 bytes).
    Removing star_dualtimer.o(.text.DTIM_Init), (50 bytes).
    Removing star_dualtimer.o(.ARM.exidx.text.DTIM_Init), (8 bytes).
    Removing star_dualtimer.o(.text.DTIM_MODE), (28 bytes).
    Removing star_dualtimer.o(.ARM.exidx.text.DTIM_MODE), (8 bytes).
    Removing star_dualtimer.o(.text.DTIM_ENABLE), (60 bytes).
    Removing star_dualtimer.o(.ARM.exidx.text.DTIM_ENABLE), (8 bytes).
    Removing star_dualtimer.o(.text.DTIM_SetBGLOAD), (24 bytes).
    Removing star_dualtimer.o(.ARM.exidx.text.DTIM_SetBGLOAD), (8 bytes).
    Removing star_dualtimer.o(.text.DTIM_ITConfig), (60 bytes).
    Removing star_dualtimer.o(.ARM.exidx.text.DTIM_ITConfig), (8 bytes).
    Removing star_dualtimer.o(.text.DTIM_ClearIT), (36 bytes).
    Removing star_dualtimer.o(.ARM.exidx.text.DTIM_ClearIT), (8 bytes).
    Removing star_dualtimer.o(.text.DTIM_Timer0CurrentValue), (26 bytes).
    Removing star_dualtimer.o(.ARM.exidx.text.DTIM_Timer0CurrentValue), (8 bytes).
    Removing star_dualtimer.o(.text.DTIM_Timer0RISValue), (26 bytes).
    Removing star_dualtimer.o(.ARM.exidx.text.DTIM_Timer0RISValue), (8 bytes).
    Removing star_dualtimer.o(.text.DTIM_Timer0MISValue), (26 bytes).
    Removing star_dualtimer.o(.ARM.exidx.text.DTIM_Timer0MISValue), (8 bytes).
    Removing star_gpio.o(.text), (0 bytes).
    Removing star_gpio.o(.ARM.exidx.text.GPIO_DeInit), (8 bytes).
    Removing star_gpio.o(.text.GPIO_ReadInputData), (10 bytes).
    Removing star_gpio.o(.ARM.exidx.text.GPIO_ReadInputData), (8 bytes).
    Removing star_gpio.o(.ARM.exidx.text.GPIO_SetBit), (8 bytes).
    Removing star_gpio.o(.ARM.exidx.text.GPIO_ResetBit), (8 bytes).
    Removing star_gpio.o(.text.GPIO_WriteBit), (30 bytes).
    Removing star_gpio.o(.ARM.exidx.text.GPIO_WriteBit), (8 bytes).
    Removing star_gpio.o(.text.GPIO_TogglePin), (22 bytes).
    Removing star_gpio.o(.ARM.exidx.text.GPIO_TogglePin), (8 bytes).
    Removing star_gpio.o(.ARM.exidx.text.GPIO_PinRemapConfig), (8 bytes).
    Removing star_gpio.o(.text.GPIO_PinInterruptTypeConfig), (72 bytes).
    Removing star_gpio.o(.ARM.exidx.text.GPIO_PinInterruptTypeConfig), (8 bytes).
    Removing star_gpio.o(.text.GPIO_PinInterruptClearFlag), (14 bytes).
    Removing star_gpio.o(.ARM.exidx.text.GPIO_PinInterruptClearFlag), (8 bytes).
    Removing star_i2c.o(.text), (0 bytes).
    Removing star_i2c.o(.text.I2C_DeInit), (36 bytes).
    Removing star_i2c.o(.ARM.exidx.text.I2C_DeInit), (8 bytes).
    Removing star_i2c.o(.text.I2C_Init), (40 bytes).
    Removing star_i2c.o(.ARM.exidx.text.I2C_Init), (8 bytes).
    Removing star_i2c.o(.text.I2C_SlvaddrConfig), (4 bytes).
    Removing star_i2c.o(.ARM.exidx.text.I2C_SlvaddrConfig), (8 bytes).
    Removing star_i2c.o(.text.I2C_GenerateSTART), (16 bytes).
    Removing star_i2c.o(.ARM.exidx.text.I2C_GenerateSTART), (8 bytes).
    Removing star_i2c.o(.text.I2C_TxEnable), (16 bytes).
    Removing star_i2c.o(.ARM.exidx.text.I2C_TxEnable), (8 bytes).
    Removing star_i2c.o(.text.I2C_RxEnable), (18 bytes).
    Removing star_i2c.o(.ARM.exidx.text.I2C_RxEnable), (8 bytes).
    Removing star_i2c.o(.text.I2C_GenerateSTOP), (16 bytes).
    Removing star_i2c.o(.ARM.exidx.text.I2C_GenerateSTOP), (8 bytes).
    Removing star_i2c.o(.text.I2C_ITConfig), (16 bytes).
    Removing star_i2c.o(.ARM.exidx.text.I2C_ITConfig), (8 bytes).
    Removing star_i2c.o(.text.I2C_TxIT_TxbufferLevelConfig), (24 bytes).
    Removing star_i2c.o(.ARM.exidx.text.I2C_TxIT_TxbufferLevelConfig), (8 bytes).
    Removing star_i2c.o(.text.I2C_RxIT_RxbufferLevelConfig), (24 bytes).
    Removing star_i2c.o(.ARM.exidx.text.I2C_RxIT_RxbufferLevelConfig), (8 bytes).
    Removing star_i2c.o(.text.I2C_TxRxDataNumConfig), (18 bytes).
    Removing star_i2c.o(.ARM.exidx.text.I2C_TxRxDataNumConfig), (8 bytes).
    Removing star_i2c.o(.text.I2C_SendData), (4 bytes).
    Removing star_i2c.o(.ARM.exidx.text.I2C_SendData), (8 bytes).
    Removing star_i2c.o(.text.I2C_WaitSendDataFinish), (16 bytes).
    Removing star_i2c.o(.ARM.exidx.text.I2C_WaitSendDataFinish), (8 bytes).
    Removing star_i2c.o(.text.I2C_WaitReceiveReady), (8 bytes).
    Removing star_i2c.o(.ARM.exidx.text.I2C_WaitReceiveReady), (8 bytes).
    Removing star_i2c.o(.text.I2C_ReceiveData), (6 bytes).
    Removing star_i2c.o(.ARM.exidx.text.I2C_ReceiveData), (8 bytes).
    Removing star_i2c.o(.text.I2C_GetStatus1Values), (4 bytes).
    Removing star_i2c.o(.ARM.exidx.text.I2C_GetStatus1Values), (8 bytes).
    Removing star_i2c.o(.text.I2C_GetStatus2Values), (6 bytes).
    Removing star_i2c.o(.ARM.exidx.text.I2C_GetStatus2Values), (8 bytes).
    Removing star_i2c.o(.text.I2C_GetITStatus), (72 bytes).
    Removing star_i2c.o(.ARM.exidx.text.I2C_GetITStatus), (8 bytes).
    Removing star_i2c.o(.text.I2C_CheckStatus), (10 bytes).
    Removing star_i2c.o(.ARM.exidx.text.I2C_CheckStatus), (8 bytes).
    Removing star_i2c.o(.text.I2C_WaitBusIdle), (8 bytes).
    Removing star_i2c.o(.ARM.exidx.text.I2C_WaitBusIdle), (8 bytes).
    Removing star_i2c.o(.text.I2C_WaitTxFIFOIsNotFull), (8 bytes).
    Removing star_i2c.o(.ARM.exidx.text.I2C_WaitTxFIFOIsNotFull), (8 bytes).
    Removing star_i2c.o(.text.I2C_CheckACKIsFail), (8 bytes).
    Removing star_i2c.o(.ARM.exidx.text.I2C_CheckACKIsFail), (8 bytes).
    Removing star_i2c.o(.text.I2C_SoftwareResetCmd), (18 bytes).
    Removing star_i2c.o(.ARM.exidx.text.I2C_SoftwareResetCmd), (8 bytes).
    Removing star_mpu.o(.text), (0 bytes).
    Removing star_mpu.o(.text.set_region_base), (34 bytes).
    Removing star_mpu.o(.ARM.exidx.text.set_region_base), (8 bytes).
    Removing star_mpu.o(.text.set_region_limit), (26 bytes).
    Removing star_mpu.o(.ARM.exidx.text.set_region_limit), (8 bytes).
    Removing star_mpu.o(.text.set_mair), (98 bytes).
    Removing star_mpu.o(.ARM.exidx.text.set_mair), (8 bytes).
    Removing star_mpu.o(.text.mpu_enable), (22 bytes).
    Removing star_mpu.o(.ARM.exidx.text.mpu_enable), (8 bytes).
    Removing star_rcc.o(.text), (0 bytes).
    Removing star_rcc.o(.ARM.exidx.text.RCC_APB1PeriphResetCmd), (8 bytes).
    Removing star_retarget.o(.text), (0 bytes).
    Removing star_retarget.o(.ARM.exidx.text.fputc), (8 bytes).
    Removing star_retarget.o(.text.UartPutc), (18 bytes).
    Removing star_retarget.o(.ARM.exidx.text.UartPutc), (8 bytes).
    Removing star_retarget.o(.text.fgetc), (28 bytes).
    Removing star_retarget.o(.ARM.exidx.text.fgetc), (8 bytes).
    Removing star_retarget.o(.text.UartGetc), (20 bytes).
    Removing star_retarget.o(.ARM.exidx.text.UartGetc), (8 bytes).
    Removing star_retarget.o(.bss.__stdin), (84 bytes).
    Removing star_spi.o(.text), (0 bytes).
    Removing star_spi.o(.text.SSP_DeInit), (58 bytes).
    Removing star_spi.o(.ARM.exidx.text.SSP_DeInit), (8 bytes).
    Removing star_spi.o(.text.SSP_Init), (36 bytes).
    Removing star_spi.o(.ARM.exidx.text.SSP_Init), (8 bytes).
    Removing star_spi.o(.text.SSP_Enable), (16 bytes).
    Removing star_spi.o(.ARM.exidx.text.SSP_Enable), (8 bytes).
    Removing star_spi.o(.text.SSP_Set_ReceiveDataNum), (10 bytes).
    Removing star_spi.o(.ARM.exidx.text.SSP_Set_ReceiveDataNum), (8 bytes).
    Removing star_spi.o(.text.SSP_Set_ITConfig), (16 bytes).
    Removing star_spi.o(.ARM.exidx.text.SSP_Set_ITConfig), (8 bytes).
    Removing star_spi.o(.text.SSP_SendData), (4 bytes).
    Removing star_spi.o(.ARM.exidx.text.SSP_SendData), (8 bytes).
    Removing star_spi.o(.text.SSP_Wait_SendFinish), (8 bytes).
    Removing star_spi.o(.ARM.exidx.text.SSP_Wait_SendFinish), (8 bytes).
    Removing star_spi.o(.text.SSP_Wait_ReceiveReady), (8 bytes).
    Removing star_spi.o(.ARM.exidx.text.SSP_Wait_ReceiveReady), (8 bytes).
    Removing star_spi.o(.text.SSP_DMA_Request), (16 bytes).
    Removing star_spi.o(.ARM.exidx.text.SSP_DMA_Request), (8 bytes).
    Removing star_spi.o(.text.SSP_ReceiveData), (6 bytes).
    Removing star_spi.o(.ARM.exidx.text.SSP_ReceiveData), (8 bytes).
    Removing star_spi.o(.text.SSP_Get_SRValue), (6 bytes).
    Removing star_spi.o(.ARM.exidx.text.SSP_Get_SRValue), (8 bytes).
    Removing star_spi.o(.text.SSP_Get_RISValue), (6 bytes).
    Removing star_spi.o(.ARM.exidx.text.SSP_Get_RISValue), (8 bytes).
    Removing star_spi.o(.text.SSP_Get_MISValue), (6 bytes).
    Removing star_spi.o(.ARM.exidx.text.SSP_Get_MISValue), (8 bytes).
    Removing star_spi.o(.text.SSP_ClearIT), (24 bytes).
    Removing star_spi.o(.ARM.exidx.text.SSP_ClearIT), (8 bytes).
    Removing star_spi.o(.text.SSP_Wait_TxFIFOEmpty), (8 bytes).
    Removing star_spi.o(.ARM.exidx.text.SSP_Wait_TxFIFOEmpty), (8 bytes).
    Removing star_spi.o(.text.SSP_Wait_TxFIFONotFull), (8 bytes).
    Removing star_spi.o(.ARM.exidx.text.SSP_Wait_TxFIFONotFull), (8 bytes).
    Removing star_spi.o(.text.SSP_Wait_RxFIFOEmpty), (8 bytes).
    Removing star_spi.o(.ARM.exidx.text.SSP_Wait_RxFIFOEmpty), (8 bytes).
    Removing star_spi.o(.text.SSP_Wait_PrimeCellIdle), (8 bytes).
    Removing star_spi.o(.ARM.exidx.text.SSP_Wait_PrimeCellIdle), (8 bytes).
    Removing star_spi.o(.text.SSP_Wait_TxIdle), (8 bytes).
    Removing star_spi.o(.ARM.exidx.text.SSP_Wait_TxIdle), (8 bytes).
    Removing star_spi.o(.text.SSP_Tx_FIFO_Is_Full), (10 bytes).
    Removing star_spi.o(.ARM.exidx.text.SSP_Tx_FIFO_Is_Full), (8 bytes).
    Removing star_spi.o(.text.SSP_RX_FIFO_Is_Empty), (10 bytes).
    Removing star_spi.o(.ARM.exidx.text.SSP_RX_FIFO_Is_Empty), (8 bytes).
    Removing star_timer.o(.text), (0 bytes).
    Removing star_timer.o(.text.TIM_DeInit), (48 bytes).
    Removing star_timer.o(.ARM.exidx.text.TIM_DeInit), (8 bytes).
    Removing star_timer.o(.text.TIM_TimeBaseStructInit), (8 bytes).
    Removing star_timer.o(.ARM.exidx.text.TIM_TimeBaseStructInit), (8 bytes).
    Removing star_timer.o(.text.TIM_TimeBaseInit), (10 bytes).
    Removing star_timer.o(.ARM.exidx.text.TIM_TimeBaseInit), (8 bytes).
    Removing star_timer.o(.text.TIM_CtrlCmd), (16 bytes).
    Removing star_timer.o(.ARM.exidx.text.TIM_CtrlCmd), (8 bytes).
    Removing star_timer.o(.text.TIM_GetITStatus), (8 bytes).
    Removing star_timer.o(.ARM.exidx.text.TIM_GetITStatus), (8 bytes).
    Removing star_timer.o(.text.TIM_ClearIT), (10 bytes).
    Removing star_timer.o(.ARM.exidx.text.TIM_ClearIT), (8 bytes).
    Removing star_uart.o(.text), (0 bytes).
    Removing star_uart.o(.ARM.exidx.text.UART_DeInit), (8 bytes).
    Removing star_uart.o(.ARM.exidx.text.UART_Init), (8 bytes).
    Removing star_uart.o(.text.UART_ITConfig), (16 bytes).
    Removing star_uart.o(.ARM.exidx.text.UART_ITConfig), (8 bytes).
    Removing star_uart.o(.text.UART_ITCLEAR), (8 bytes).
    Removing star_uart.o(.ARM.exidx.text.UART_ITCLEAR), (8 bytes).
    Removing star_uart.o(.text.UART_GetITStatus), (14 bytes).
    Removing star_uart.o(.ARM.exidx.text.UART_GetITStatus), (8 bytes).
    Removing star_uart.o(.text.UART_GetFlagStatus), (10 bytes).
    Removing star_uart.o(.ARM.exidx.text.UART_GetFlagStatus), (8 bytes).
    Removing star_uart.o(.text.UART_SendData), (10 bytes).
    Removing star_uart.o(.ARM.exidx.text.UART_SendData), (8 bytes).
    Removing star_uart.o(.text.UART_ReceiveData), (12 bytes).
    Removing star_uart.o(.ARM.exidx.text.UART_ReceiveData), (8 bytes).
    Removing star_watchdog.o(.text), (0 bytes).
    Removing star_watchdog.o(.text.WatchDog_Set_LOAD), (4 bytes).
    Removing star_watchdog.o(.ARM.exidx.text.WatchDog_Set_LOAD), (8 bytes).
    Removing star_watchdog.o(.text.WatchDog_LOCK), (8 bytes).
    Removing star_watchdog.o(.ARM.exidx.text.WatchDog_LOCK), (8 bytes).
    Removing star_watchdog.o(.text.WatchDog_UNLOCK), (14 bytes).
    Removing star_watchdog.o(.ARM.exidx.text.WatchDog_UNLOCK), (8 bytes).
    Removing star_watchdog.o(.text.WatchDog_Set_CTRL), (8 bytes).
    Removing star_watchdog.o(.ARM.exidx.text.WatchDog_Set_CTRL), (8 bytes).
    Removing star_watchdog.o(.text.WatchDog_Set_INTCLR), (24 bytes).
    Removing star_watchdog.o(.ARM.exidx.text.WatchDog_Set_INTCLR), (8 bytes).
    Removing star_watchdog.o(.text.WatchDog_Get_VALUE), (4 bytes).
    Removing star_watchdog.o(.ARM.exidx.text.WatchDog_Get_VALUE), (8 bytes).
    Removing star_watchdog.o(.text.WatchDog_Get_RAWINTSTAT), (4 bytes).
    Removing star_watchdog.o(.ARM.exidx.text.WatchDog_Get_RAWINTSTAT), (8 bytes).
    Removing star_watchdog.o(.text.WatchDog_Get_MASKINTSTAT), (4 bytes).
    Removing star_watchdog.o(.ARM.exidx.text.WatchDog_Get_MASKINTSTAT), (8 bytes).
    Removing system_armcm33.o(.text), (0 bytes).
    Removing system_armcm33.o(.text.SystemCoreClockUpdate), (20 bytes).
    Removing system_armcm33.o(.ARM.exidx.text.SystemCoreClockUpdate), (8 bytes).
    Removing system_armcm33.o(.ARM.exidx.text.SystemInit), (8 bytes).
    Removing startup_armcm33.o(HEAP), (4096 bytes).
    Removing delay.o(.text), (0 bytes).
    Removing delay.o(.ARM.exidx.text.delay_ms), (8 bytes).
    Removing scd.o(.text), (0 bytes).
    Removing scd.o(.ARM.exidx.text.SCD_Rev1Byte), (8 bytes).
    Removing scd.o(.ARM.exidx.text.scd_send1Byte), (8 bytes).
    Removing scd.o(.text.scd_print), (44 bytes).
    Removing scd.o(.ARM.exidx.text.scd_print), (8 bytes).
    Removing scd.o(.ARM.exidx.text.SCD_CMD_SET), (8 bytes).
    Removing scd.o(.ARM.exidx.text.SCD_CMD_CONF), (8 bytes).
    Removing scd.o(.ARM.exidx.text.SCD_CMD_CHG), (8 bytes).
    Removing scd.o(.ARM.exidx.text.SCD_CMD_DUMP), (8 bytes).
    Removing scd.o(.ARM.exidx.text.SCD_CMD_CALL), (8 bytes).
    Removing scd.o(.ARM.exidx.text._cz_strtoxl), (8 bytes).
    Removing scd.o(.ARM.exidx.text.SCO_get), (8 bytes).
    Removing scd.o(.ARM.exidx.text.SCO_VAR), (8 bytes).
    Removing scd.o(.ARM.exidx.text.SCO_DEBUG), (8 bytes).
    Removing scd.o(.ARM.exidx.text.SCO_DUMP), (8 bytes).
    Removing scd.o(.ARM.exidx.text.SCO_PRINT), (8 bytes).
    Removing lcd.o(.text), (0 bytes).
    Removing lcd.o(.text.LCD_Scan_Dir), (104 bytes).
    Removing lcd.o(.ARM.exidx.text.LCD_Scan_Dir), (8 bytes).
    Removing lcd.o(.text.LCD_Set_Window), (64 bytes).
    Removing lcd.o(.ARM.exidx.text.LCD_Set_Window), (8 bytes).
    Removing lcd.o(.text.LCD_DrawPoint_color), (74 bytes).
    Removing lcd.o(.ARM.exidx.text.LCD_DrawPoint_color), (8 bytes).
    Removing lcd.o(.ARM.exidx.text.LCD_Init), (8 bytes).
    Removing lcd.o(.ARM.exidx.text.LCD_Clear), (8 bytes).
    Removing lcd.o(.text.LCD_DrawLine), (236 bytes).
    Removing lcd.o(.ARM.exidx.text.LCD_DrawLine), (8 bytes).
    Removing lcd.o(.text.LCD_DrawRectangle), (60 bytes).
    Removing lcd.o(.ARM.exidx.text.LCD_DrawRectangle), (8 bytes).
    Removing lcd.o(.ARM.exidx.text.LCD_Draw_Circle), (8 bytes).
    Removing lcd.o(.text.LCD_ShowChar), (216 bytes).
    Removing lcd.o(.ARM.exidx.text.LCD_ShowChar), (8 bytes).
    Removing lcd.o(.text.LCD_ShowNum), (160 bytes).
    Removing lcd.o(.ARM.exidx.text.LCD_ShowNum), (8 bytes).
    Removing lcd.o(.text.LCD_ShowxNum), (186 bytes).
    Removing lcd.o(.ARM.exidx.text.LCD_ShowxNum), (8 bytes).
    Removing lcd.o(.text.LCD_ShowString), (92 bytes).
    Removing lcd.o(.ARM.exidx.text.LCD_ShowString), (8 bytes).
    Removing lcd.o(.data.BACK_COLOR), (4 bytes).
    Removing lcd.o(.rodata.asc2_1608), (1520 bytes).
    Removing main.o(.text), (0 bytes).
    Removing main.o(.ARM.exidx.text.main), (8 bytes).
    Removing main.o(.ARM.use_no_argv), (4 bytes).
    Removing nvic_it.o(.text), (0 bytes).
    Removing nvic_it.o(.ARM.exidx.text.SysTick_Handler), (8 bytes).
    Removing scd_reg.o(.text), (0 bytes).
    Removing scd_reg.o(.ARM.exidx.text.scd_init_1), (8 bytes).

317 unused section(s) (total 10662 bytes) removed from the image.

==============================================================================

Image Symbol Table

    Local Symbols

    Symbol Name                              Value     Ov Type        Size  Object(Section)

    ../clib/angel/boardlib.s                 0x00000000   Number         0  boardinit1.o ABSOLUTE
    ../clib/angel/boardlib.s                 0x00000000   Number         0  boardinit2.o ABSOLUTE
    ../clib/angel/boardlib.s                 0x00000000   Number         0  boardinit3.o ABSOLUTE
    ../clib/angel/boardlib.s                 0x00000000   Number         0  boardshut.o ABSOLUTE
    ../clib/angel/handlers.s                 0x00000000   Number         0  __scatter_copy.o ABSOLUTE
    ../clib/angel/handlers.s                 0x00000000   Number         0  __scatter_zi.o ABSOLUTE
    ../clib/angel/kernel.s                   0x00000000   Number         0  __rtentry.o ABSOLUTE
    ../clib/angel/kernel.s                   0x00000000   Number         0  __rtentry2.o ABSOLUTE
    ../clib/angel/kernel.s                   0x00000000   Number         0  __rtentry4.o ABSOLUTE
    ../clib/angel/kernel.s                   0x00000000   Number         0  __rtentry5.o ABSOLUTE
    ../clib/angel/kernel.s                   0x00000000   Number         0  rtexit.o ABSOLUTE
    ../clib/angel/kernel.s                   0x00000000   Number         0  rtexit2.o ABSOLUTE
    ../clib/angel/rt.s                       0x00000000   Number         0  rt_raise.o ABSOLUTE
    ../clib/angel/scatter.s                  0x00000000   Number         0  __scatter.o ABSOLUTE
    ../clib/angel/startup.s                  0x00000000   Number         0  __main.o ABSOLUTE
    ../clib/angel/sys.s                      0x00000000   Number         0  sys_stackheap_outer.o ABSOLUTE
    ../clib/angel/sys.s                      0x00000000   Number         0  libspace.o ABSOLUTE
    ../clib/angel/sys.s                      0x00000000   Number         0  sys_stackheap.o ABSOLUTE
    ../clib/angel/sys.s                      0x00000000   Number         0  sys_stackheap_hlt.o ABSOLUTE
    ../clib/angel/sys.s                      0x00000000   Number         0  use_no_semi.o ABSOLUTE
    ../clib/angel/sys.s                      0x00000000   Number         0  indicate_semi.o ABSOLUTE
    ../clib/angel/sysapp.c                   0x00000000   Number         0  sys_exit.o ABSOLUTE
    ../clib/angel/sysapp.c                   0x00000000   Number         0  sys_exit_hlt.o ABSOLUTE
    ../clib/angel/sysapp.c                   0x00000000   Number         0  sys_command.o ABSOLUTE
    ../clib/angel/sysapp.c                   0x00000000   Number         0  sys_command_hlt.o ABSOLUTE
    ../clib/angel/sysapp.c                   0x00000000   Number         0  sys_wrch.o ABSOLUTE
    ../clib/angel/sysapp.c                   0x00000000   Number         0  sys_wrch_hlt.o ABSOLUTE
    ../clib/armsys.c                         0x00000000   Number         0  argv_veneer.o ABSOLUTE
    ../clib/armsys.c                         0x00000000   Number         0  argv_veneer.o ABSOLUTE
    ../clib/armsys.c                         0x00000000   Number         0  _get_argv_nomalloc.o ABSOLUTE
    ../clib/armsys.c                         0x00000000   Number         0  no_argv.o ABSOLUTE
    ../clib/heapalloc.c                      0x00000000   Number         0  hrguard.o ABSOLUTE
    ../clib/heapaux.c                        0x00000000   Number         0  heapauxi.o ABSOLUTE
    ../clib/libinit.s                        0x00000000   Number         0  libinit.o ABSOLUTE
    ../clib/libinit.s                        0x00000000   Number         0  libinit2.o ABSOLUTE
    ../clib/libinit.s                        0x00000000   Number         0  libinit3.o ABSOLUTE
    ../clib/libinit.s                        0x00000000   Number         0  libshutdown.o ABSOLUTE
    ../clib/libinit.s                        0x00000000   Number         0  libshutdown2.o ABSOLUTE
    ../clib/printf.c                         0x00000000   Number         0  __2printf.o ABSOLUTE
    ../clib/printf.c                         0x00000000   Number         0  noretval__2printf.o ABSOLUTE
    ../clib/printf.c                         0x00000000   Number         0  __printf.o ABSOLUTE
    ../clib/printf.c                         0x00000000   Number         0  _printf_hex_ll.o ABSOLUTE
    ../clib/printf.c                         0x00000000   Number         0  _printf_hex_int.o ABSOLUTE
    ../clib/printf.c                         0x00000000   Number         0  _printf_hex_int_ll.o ABSOLUTE
    ../clib/printf.c                         0x00000000   Number         0  _printf_hex_ptr.o ABSOLUTE
    ../clib/printf.c                         0x00000000   Number         0  _printf_hex_int_ptr.o ABSOLUTE
    ../clib/printf.c                         0x00000000   Number         0  _printf_hex_ll_ptr.o ABSOLUTE
    ../clib/printf.c                         0x00000000   Number         0  _printf_hex_int_ll_ptr.o ABSOLUTE
    ../clib/printf.c                         0x00000000   Number         0  __printf_flags.o ABSOLUTE
    ../clib/printf.c                         0x00000000   Number         0  __printf_ss.o ABSOLUTE
    ../clib/printf.c                         0x00000000   Number         0  __printf_flags_ss.o ABSOLUTE
    ../clib/printf.c                         0x00000000   Number         0  __printf_wp.o ABSOLUTE
    ../clib/printf.c                         0x00000000   Number         0  __printf_flags_wp.o ABSOLUTE
    ../clib/printf.c                         0x00000000   Number         0  __printf_ss_wp.o ABSOLUTE
    ../clib/printf.c                         0x00000000   Number         0  __printf_flags_ss_wp.o ABSOLUTE
    ../clib/printf.c                         0x00000000   Number         0  _printf_intcommon.o ABSOLUTE
    ../clib/printf.c                         0x00000000   Number         0  _printf_char_file.o ABSOLUTE
    ../clib/printf.c                         0x00000000   Number         0  _printf_char_common.o ABSOLUTE
    ../clib/printf.c                         0x00000000   Number         0  __printf_nopercent.o ABSOLUTE
    ../clib/printf_percent.s                 0x00000000   Number         0  _printf_x.o ABSOLUTE
    ../clib/printf_percent.s                 0x00000000   Number         0  _printf_percent.o ABSOLUTE
    ../clib/printf_percent.s                 0x00000000   Number         0  _printf_percent_end.o ABSOLUTE
    ../clib/signal.c                         0x00000000   Number         0  defsig_rtmem_outer.o ABSOLUTE
    ../clib/signal.c                         0x00000000   Number         0  defsig_rtmem_formal.o ABSOLUTE
    ../clib/signal.c                         0x00000000   Number         0  defsig_exit.o ABSOLUTE
    ../clib/signal.c                         0x00000000   Number         0  defsig_rtmem_inner.o ABSOLUTE
    ../clib/signal.c                         0x00000000   Number         0  __raise.o ABSOLUTE
    ../clib/signal.c                         0x00000000   Number         0  defsig_general.o ABSOLUTE
    ../clib/signal.c                         0x00000000   Number         0  defsig_abrt_inner.o ABSOLUTE
    ../clib/signal.c                         0x00000000   Number         0  defsig_fpe_inner.o ABSOLUTE
    ../clib/signal.c                         0x00000000   Number         0  defsig_rtred_inner.o ABSOLUTE
    ../clib/signal.c                         0x00000000   Number         0  defsig_stak_inner.o ABSOLUTE
    ../clib/signal.c                         0x00000000   Number         0  defsig_pvfn_inner.o ABSOLUTE
    ../clib/signal.c                         0x00000000   Number         0  defsig_cppl_inner.o ABSOLUTE
    ../clib/signal.c                         0x00000000   Number         0  defsig_segv_inner.o ABSOLUTE
    ../clib/signal.c                         0x00000000   Number         0  defsig_other.o ABSOLUTE
    ../clib/signal.s                         0x00000000   Number         0  defsig.o ABSOLUTE
    ../clib/stdio.c                          0x00000000   Number         0  puts.o ABSOLUTE
    ../clib/stdio.c                          0x00000000   Number         0  ferror.o ABSOLUTE
    ../clib/stdio.c                          0x00000000   Number         0  ferror_locked.o ABSOLUTE
    ../clib/stdlib.c                         0x00000000   Number         0  exit.o ABSOLUTE
    ../fplib/fpinit.s                        0x00000000   Number         0  fpinit.o ABSOLUTE
    NVIC_it.c                                0x00000000   Number         0  nvic_it.o ABSOLUTE
    SA5Z50_DEVS/startup_ARMCM33.s            0x00000000   Number         0  startup_armcm33.o ABSOLUTE
    STAR_adc.c                               0x00000000   Number         0  star_adc.o ABSOLUTE
    STAR_dma.c                               0x00000000   Number         0  star_dma.o ABSOLUTE
    STAR_dualtimer.c                         0x00000000   Number         0  star_dualtimer.o ABSOLUTE
    STAR_gpio.c                              0x00000000   Number         0  star_gpio.o ABSOLUTE
    STAR_i2c.c                               0x00000000   Number         0  star_i2c.o ABSOLUTE
    STAR_mpu.c                               0x00000000   Number         0  star_mpu.o ABSOLUTE
    STAR_rcc.c                               0x00000000   Number         0  star_rcc.o ABSOLUTE
    STAR_retarget.c                          0x00000000   Number         0  star_retarget.o ABSOLUTE
    STAR_spi.c                               0x00000000   Number         0  star_spi.o ABSOLUTE
    STAR_timer.c                             0x00000000   Number         0  star_timer.o ABSOLUTE
    STAR_uart.c                              0x00000000   Number         0  star_uart.o ABSOLUTE
    STAR_watchdog.c                          0x00000000   Number         0  star_watchdog.o ABSOLUTE
    dc.s                                     0x00000000   Number         0  dc.o ABSOLUTE
    delay.c                                  0x00000000   Number         0  delay.o ABSOLUTE
    lcd.c                                    0x00000000   Number         0  lcd.o ABSOLUTE
    main.c                                   0x00000000   Number         0  main.o ABSOLUTE
    scd.c                                    0x00000000   Number         0  scd.o ABSOLUTE
    scd_reg.c                                0x00000000   Number         0  scd_reg.o ABSOLUTE
    system_ARMCM33.c                         0x00000000   Number         0  system_armcm33.o ABSOLUTE
    RESET                                    0x00000000   Section     2204  startup_armcm33.o(RESET)
    !!!main                                  0x0000089c   Section        8  __main.o(!!!main)
    !!!scatter                               0x000008a4   Section       52  __scatter.o(!!!scatter)
    !!handler_copy                           0x000008d8   Section       26  __scatter_copy.o(!!handler_copy)
    !!handler_zi                             0x000008f4   Section       28  __scatter_zi.o(!!handler_zi)
    .ARM.Collect$$_printf_percent$$00000000  0x00000910   Section        0  _printf_percent.o(.ARM.Collect$$_printf_percent$$00000000)
    .ARM.Collect$$_printf_percent$$0000000C  0x00000910   Section        6  _printf_x.o(.ARM.Collect$$_printf_percent$$0000000C)
    .ARM.Collect$$_printf_percent$$00000017  0x00000916   Section        4  _printf_percent_end.o(.ARM.Collect$$_printf_percent$$00000017)
    .ARM.Collect$$libinit$$00000000          0x0000091a   Section        2  libinit.o(.ARM.Collect$$libinit$$00000000)
    .ARM.Collect$$libinit$$00000001          0x0000091c   Section        4  libinit2.o(.ARM.Collect$$libinit$$00000001)
    .ARM.Collect$$libinit$$00000004          0x00000920   Section        0  libinit2.o(.ARM.Collect$$libinit$$00000004)
    .ARM.Collect$$libinit$$0000000A          0x00000920   Section        0  libinit2.o(.ARM.Collect$$libinit$$0000000A)
    .ARM.Collect$$libinit$$0000000C          0x00000920   Section        0  libinit2.o(.ARM.Collect$$libinit$$0000000C)
    .ARM.Collect$$libinit$$0000000E          0x00000920   Section        0  libinit2.o(.ARM.Collect$$libinit$$0000000E)
    .ARM.Collect$$libinit$$00000011          0x00000920   Section        0  libinit2.o(.ARM.Collect$$libinit$$00000011)
    .ARM.Collect$$libinit$$00000013          0x00000920   Section        0  libinit2.o(.ARM.Collect$$libinit$$00000013)
    .ARM.Collect$$libinit$$00000015          0x00000920   Section        0  libinit2.o(.ARM.Collect$$libinit$$00000015)
    .ARM.Collect$$libinit$$00000017          0x00000920   Section        0  libinit2.o(.ARM.Collect$$libinit$$00000017)
    .ARM.Collect$$libinit$$00000019          0x00000920   Section        0  libinit2.o(.ARM.Collect$$libinit$$00000019)
    .ARM.Collect$$libinit$$0000001B          0x00000920   Section        0  libinit2.o(.ARM.Collect$$libinit$$0000001B)
    .ARM.Collect$$libinit$$0000001D          0x00000920   Section        0  libinit2.o(.ARM.Collect$$libinit$$0000001D)
    .ARM.Collect$$libinit$$0000001F          0x00000920   Section        0  libinit2.o(.ARM.Collect$$libinit$$0000001F)
    .ARM.Collect$$libinit$$00000021          0x00000920   Section        0  libinit2.o(.ARM.Collect$$libinit$$00000021)
    .ARM.Collect$$libinit$$00000023          0x00000920   Section        0  libinit2.o(.ARM.Collect$$libinit$$00000023)
    .ARM.Collect$$libinit$$00000025          0x00000920   Section        0  libinit2.o(.ARM.Collect$$libinit$$00000025)
    .ARM.Collect$$libinit$$0000002C          0x00000920   Section        0  libinit2.o(.ARM.Collect$$libinit$$0000002C)
    .ARM.Collect$$libinit$$0000002E          0x00000920   Section        0  libinit2.o(.ARM.Collect$$libinit$$0000002E)
    .ARM.Collect$$libinit$$00000030          0x00000920   Section        0  libinit2.o(.ARM.Collect$$libinit$$00000030)
    .ARM.Collect$$libinit$$00000032          0x00000920   Section        0  libinit2.o(.ARM.Collect$$libinit$$00000032)
    .ARM.Collect$$libinit$$00000033          0x00000920   Section        2  libinit2.o(.ARM.Collect$$libinit$$00000033)
    .ARM.Collect$$libshutdown$$00000000      0x00000922   Section        2  libshutdown.o(.ARM.Collect$$libshutdown$$00000000)
    .ARM.Collect$$libshutdown$$00000002      0x00000924   Section        0  libshutdown2.o(.ARM.Collect$$libshutdown$$00000002)
    .ARM.Collect$$libshutdown$$00000004      0x00000924   Section        0  libshutdown2.o(.ARM.Collect$$libshutdown$$00000004)
    .ARM.Collect$$libshutdown$$00000007      0x00000924   Section        0  libshutdown2.o(.ARM.Collect$$libshutdown$$00000007)
    .ARM.Collect$$libshutdown$$0000000A      0x00000924   Section        0  libshutdown2.o(.ARM.Collect$$libshutdown$$0000000A)
    .ARM.Collect$$libshutdown$$0000000C      0x00000924   Section        0  libshutdown2.o(.ARM.Collect$$libshutdown$$0000000C)
    .ARM.Collect$$libshutdown$$0000000F      0x00000924   Section        0  libshutdown2.o(.ARM.Collect$$libshutdown$$0000000F)
    .ARM.Collect$$libshutdown$$00000010      0x00000924   Section        2  libshutdown2.o(.ARM.Collect$$libshutdown$$00000010)
    .ARM.Collect$$rtentry$$00000000          0x00000926   Section        0  __rtentry.o(.ARM.Collect$$rtentry$$00000000)
    .ARM.Collect$$rtentry$$00000002          0x00000926   Section        0  __rtentry2.o(.ARM.Collect$$rtentry$$00000002)
    .ARM.Collect$$rtentry$$00000005          0x00000926   Section        4  __rtentry5.o(.ARM.Collect$$rtentry$$00000005)
    .ARM.Collect$$rtentry$$00000009          0x0000092a   Section        0  __rtentry2.o(.ARM.Collect$$rtentry$$00000009)
    .ARM.Collect$$rtentry$$0000000A          0x0000092a   Section        4  __rtentry2.o(.ARM.Collect$$rtentry$$0000000A)
    .ARM.Collect$$rtentry$$0000000C          0x0000092e   Section        0  __rtentry2.o(.ARM.Collect$$rtentry$$0000000C)
    .ARM.Collect$$rtentry$$0000000D          0x0000092e   Section        8  __rtentry2.o(.ARM.Collect$$rtentry$$0000000D)
    __lit__00000000                          0x00000938   Data           4  __rtentry5.o(.ARM.Collect$$rtentry$$00002716)
    .ARM.Collect$$rtentry$$00002716          0x00000938   Section        4  __rtentry5.o(.ARM.Collect$$rtentry$$00002716)
    .ARM.Collect$$rtexit$$00000000           0x0000093c   Section        2  rtexit.o(.ARM.Collect$$rtexit$$00000000)
    .ARM.Collect$$rtexit$$00000002           0x0000093e   Section        0  rtexit2.o(.ARM.Collect$$rtexit$$00000002)
    .ARM.Collect$$rtexit$$00000003           0x0000093e   Section        4  rtexit2.o(.ARM.Collect$$rtexit$$00000003)
    .ARM.Collect$$rtexit$$00000004           0x00000942   Section        6  rtexit2.o(.ARM.Collect$$rtexit$$00000004)
    $v0                                      0x00000948   Number         0  startup_armcm33.o(.text)
    .text                                    0x00000948   Section      208  startup_armcm33.o(.text)
    .text                                    0x00000a18   Section        0  noretval__2printf.o(.text)
    .text                                    0x00000a30   Section        0  __printf.o(.text)
    .text                                    0x00000a98   Section        0  _printf_hex_int.o(.text)
    .text                                    0x00000af0   Section        0  puts.o(.text)
    .text                                    0x00000b1c   Section        0  heapauxi.o(.text)
    .text                                    0x00000b22   Section        0  _printf_intcommon.o(.text)
    .text                                    0x00000bd4   Section        0  _printf_char_file.o(.text)
    _printf_input_char                       0x00000bf9   Thumb Code    10  _printf_char_common.o(.text)
    .text                                    0x00000bf8   Section        0  _printf_char_common.o(.text)
    .text                                    0x00000c28   Section        0  ferror.o(.text)
    .text                                    0x00000c30   Section        0  exit.o(.text)
    .text                                    0x00000c42   Section        2  use_no_semi.o(.text)
    .text                                    0x00000c44   Section        0  indicate_semi.o(.text)
    .text                                    0x00000c44   Section        0  sys_exit.o(.text)
    [Anonymous Symbol]                       0x00000c50   Section        0  star_gpio.o(.text.GPIO_DeInit)
    [Anonymous Symbol]                       0x00000c72   Section        0  star_gpio.o(.text.GPIO_PinRemapConfig)
    [Anonymous Symbol]                       0x00000c7c   Section        0  star_gpio.o(.text.GPIO_ResetBit)
    [Anonymous Symbol]                       0x00000c94   Section        0  star_gpio.o(.text.GPIO_SetBit)
    [Anonymous Symbol]                       0x00000cac   Section        0  lcd.o(.text.LCD_Clear)
    [Anonymous Symbol]                       0x00000cf4   Section        0  lcd.o(.text.LCD_Draw_Circle)
    [Anonymous Symbol]                       0x00000f78   Section        0  lcd.o(.text.LCD_Init)
    [Anonymous Symbol]                       0x00001178   Section        0  star_rcc.o(.text.RCC_APB1PeriphResetCmd)
    SCD_CMD_CALL                             0x00001191   Thumb Code    40  scd.o(.text.SCD_CMD_CALL)
    [Anonymous Symbol]                       0x00001190   Section        0  scd.o(.text.SCD_CMD_CALL)
    SCD_CMD_CHG                              0x000011b9   Thumb Code    22  scd.o(.text.SCD_CMD_CHG)
    [Anonymous Symbol]                       0x000011b8   Section        0  scd.o(.text.SCD_CMD_CHG)
    SCD_CMD_CONF                             0x000011cf   Thumb Code    26  scd.o(.text.SCD_CMD_CONF)
    [Anonymous Symbol]                       0x000011ce   Section        0  scd.o(.text.SCD_CMD_CONF)
    SCD_CMD_DUMP                             0x000011e9   Thumb Code    38  scd.o(.text.SCD_CMD_DUMP)
    [Anonymous Symbol]                       0x000011e8   Section        0  scd.o(.text.SCD_CMD_DUMP)
    SCD_CMD_SET                              0x00001211   Thumb Code   384  scd.o(.text.SCD_CMD_SET)
    [Anonymous Symbol]                       0x00001210   Section        0  scd.o(.text.SCD_CMD_SET)
    [Anonymous Symbol]                       0x00001390   Section        0  scd.o(.text.SCD_Rev1Byte)
    SCD_CMD_TAB                              0x00001518   Number         0  scd.o(.text.SCD_Rev1Byte)
    SCD_CMD_FCNS                             0x0000152c   Number         0  scd.o(.text.SCD_Rev1Byte)
    SCO_DEBUG                                0x00001541   Thumb Code    14  scd.o(.text.SCO_DEBUG)
    [Anonymous Symbol]                       0x00001540   Section        0  scd.o(.text.SCO_DEBUG)
    SCO_DUMP                                 0x00001551   Thumb Code   460  scd.o(.text.SCO_DUMP)
    [Anonymous Symbol]                       0x00001550   Section        0  scd.o(.text.SCO_DUMP)
    SCO_PRINT                                0x0000171d   Thumb Code   116  scd.o(.text.SCO_PRINT)
    [Anonymous Symbol]                       0x0000171c   Section        0  scd.o(.text.SCO_PRINT)
    SCO_VAR                                  0x00001791   Thumb Code   320  scd.o(.text.SCO_VAR)
    [Anonymous Symbol]                       0x00001790   Section        0  scd.o(.text.SCO_VAR)
    SCO_get                                  0x000018d1   Thumb Code   268  scd.o(.text.SCO_get)
    [Anonymous Symbol]                       0x000018d0   Section        0  scd.o(.text.SCO_get)
    [Anonymous Symbol]                       0x000019e4   Section        0  nvic_it.o(.text.SysTick_Handler)
    [Anonymous Symbol]                       0x000019f4   Section        0  system_armcm33.o(.text.SystemInit)
    [Anonymous Symbol]                       0x00001a26   Section        0  star_uart.o(.text.UART_DeInit)
    [Anonymous Symbol]                       0x00001a68   Section        0  star_uart.o(.text.UART_Init)
    _cz_strtoxl                              0x00001a81   Thumb Code   250  scd.o(.text._cz_strtoxl)
    [Anonymous Symbol]                       0x00001a80   Section        0  scd.o(.text._cz_strtoxl)
    [Anonymous Symbol]                       0x00001b7c   Section        0  delay.o(.text.delay_ms)
    [Anonymous Symbol]                       0x00001b98   Section        0  star_retarget.o(.text.fputc)
    [Anonymous Symbol]                       0x00001bac   Section        0  main.o(.text.main)
    [Anonymous Symbol]                       0x00001dac   Section        0  scd_reg.o(.text.scd_init_1)
    [Anonymous Symbol]                       0x00001e48   Section        0  scd.o(.text.scd_send1Byte)
    $v0                                      0x00001e88   Number         0  fpinit.o(x$fpl$fpinit)
    x$fpl$fpinit                             0x00001e88   Section       26  fpinit.o(x$fpl$fpinit)
    uc_hextab                                0x00001ea2   Data          20  _printf_hex_int.o(.constdata)
    .constdata                               0x00001ea2   Section       40  _printf_hex_int.o(.constdata)
    lc_hextab                                0x00001eb6   Data          20  _printf_hex_int.o(.constdata)
    SCD_PROTOCOL_FCNS                        0x00001ecc   Data          20  scd.o(.rodata.SCD_PROTOCOL_FCNS)
    [Anonymous Symbol]                       0x00001ecc   Section        0  scd.o(.rodata.SCD_PROTOCOL_FCNS)
    [Anonymous Symbol]                       0x000022e0   Section        0  scd.o(.rodata.str1.1)
    SCO_DUMP.checkUint16Sum                  0x20000018   Data           2  scd.o(.bss.SCO_DUMP.checkUint16Sum)
    [Anonymous Symbol]                       0x20000018   Section        0  scd.o(.bss.SCO_DUMP.checkUint16Sum)
    SCO_VAR.checkUint16Sum                   0x2000001a   Data           2  scd.o(.bss.SCO_VAR.checkUint16Sum)
    [Anonymous Symbol]                       0x2000001a   Section        0  scd.o(.bss.SCO_VAR.checkUint16Sum)
    STACK                                    0x20000168   Section     4096  startup_armcm33.o(STACK)

    Global Symbols

    Symbol Name                              Value     Ov Type        Size  Object(Section)

    BuildAttributes$$THM_ISAv4$E$P$D$K$B$S$7EM$8M$VFPi5$EXTD16$VFPS$VFMA$PE$A:L22UL41UL21$X:L11$S22US41US21$IEEE1$IW$~IW$USESV6$~STKCKD$USESV7$~SHL$OSPACE$ROPI$EBA8$UX$STANDARDLIB$REQ8$PRES8$EABIv2 0x00000000   Number         0  anon$$obj.o ABSOLUTE
    __Vectors                                0x00000000   Data           4  startup_armcm33.o(RESET)
    Image$$ZI$$Limit                          - Undefined Weak Reference
    __ARM_exceptions_init                     - Undefined Weak Reference
    __alloca_initialize                       - Undefined Weak Reference
    __arm_preinit_                            - Undefined Weak Reference
    __cpp_initialize__aeabi_                  - Undefined Weak Reference
    __cxa_finalize                            - Undefined Weak Reference
    __rt_locale                               - Undefined Weak Reference
    __sigvec_lookup                           - Undefined Weak Reference
    _atexit_init                              - Undefined Weak Reference
    _call_atexit_fns                          - Undefined Weak Reference
    _clock_init                               - Undefined Weak Reference
    _fp_trap_init                             - Undefined Weak Reference
    _fp_trap_shutdown                         - Undefined Weak Reference
    _get_lc_collate                           - Undefined Weak Reference
    _get_lc_ctype                             - Undefined Weak Reference
    _get_lc_monetary                          - Undefined Weak Reference
    _get_lc_numeric                           - Undefined Weak Reference
    _get_lc_time                              - Undefined Weak Reference
    _getenv_init                              - Undefined Weak Reference
    _handle_redirection                       - Undefined Weak Reference
    _init_alloc                               - Undefined Weak Reference
    _init_user_alloc                          - Undefined Weak Reference
    _initio                                   - Undefined Weak Reference
    _mutex_acquire                            - Undefined Weak Reference
    _mutex_release                            - Undefined Weak Reference
    _printf_post_padding                      - Undefined Weak Reference
    _printf_pre_padding                       - Undefined Weak Reference
    _printf_truncate_unsigned                 - Undefined Weak Reference
    _rand_init                                - Undefined Weak Reference
    _signal_finish                            - Undefined Weak Reference
    _signal_init                              - Undefined Weak Reference
    _terminate_alloc                          - Undefined Weak Reference
    _terminate_user_alloc                     - Undefined Weak Reference
    _terminateio                              - Undefined Weak Reference
    __Vectors_End                            0x0000089c   Data           0  startup_armcm33.o(RESET)
    __Vectors_Size                           0x0000089c   Number         0  startup_armcm33.o ABSOLUTE
    __main                                   0x0000089d   Thumb Code     8  __main.o(!!!main)
    __scatterload                            0x000008a5   Thumb Code     0  __scatter.o(!!!scatter)
    __scatterload_rt2                        0x000008a5   Thumb Code    44  __scatter.o(!!!scatter)
    __scatterload_rt2_thumb_only             0x000008a5   Thumb Code     0  __scatter.o(!!!scatter)
    __scatterload_null                       0x000008b3   Thumb Code     0  __scatter.o(!!!scatter)
    __scatterload_copy                       0x000008d9   Thumb Code    26  __scatter_copy.o(!!handler_copy)
    __scatterload_zeroinit                   0x000008f5   Thumb Code    28  __scatter_zi.o(!!handler_zi)
    _printf_percent                          0x00000911   Thumb Code     0  _printf_percent.o(.ARM.Collect$$_printf_percent$$00000000)
    _printf_x                                0x00000911   Thumb Code     0  _printf_x.o(.ARM.Collect$$_printf_percent$$0000000C)
    _printf_percent_end                      0x00000917   Thumb Code     0  _printf_percent_end.o(.ARM.Collect$$_printf_percent$$00000017)
    __rt_lib_init                            0x0000091b   Thumb Code     0  libinit.o(.ARM.Collect$$libinit$$00000000)
    __rt_lib_init_fp_1                       0x0000091d   Thumb Code     0  libinit2.o(.ARM.Collect$$libinit$$00000001)
    __rt_lib_init_alloca_1                   0x00000921   Thumb Code     0  libinit2.o(.ARM.Collect$$libinit$$0000002E)
    __rt_lib_init_argv_1                     0x00000921   Thumb Code     0  libinit2.o(.ARM.Collect$$libinit$$0000002C)
    __rt_lib_init_atexit_1                   0x00000921   Thumb Code     0  libinit2.o(.ARM.Collect$$libinit$$0000001B)
    __rt_lib_init_clock_1                    0x00000921   Thumb Code     0  libinit2.o(.ARM.Collect$$libinit$$00000021)
    __rt_lib_init_cpp_1                      0x00000921   Thumb Code     0  libinit2.o(.ARM.Collect$$libinit$$00000032)
    __rt_lib_init_exceptions_1               0x00000921   Thumb Code     0  libinit2.o(.ARM.Collect$$libinit$$00000030)
    __rt_lib_init_fp_trap_1                  0x00000921   Thumb Code     0  libinit2.o(.ARM.Collect$$libinit$$0000001F)
    __rt_lib_init_getenv_1                   0x00000921   Thumb Code     0  libinit2.o(.ARM.Collect$$libinit$$00000023)
    __rt_lib_init_heap_1                     0x00000921   Thumb Code     0  libinit2.o(.ARM.Collect$$libinit$$0000000A)
    __rt_lib_init_lc_collate_1               0x00000921   Thumb Code     0  libinit2.o(.ARM.Collect$$libinit$$00000011)
    __rt_lib_init_lc_ctype_1                 0x00000921   Thumb Code     0  libinit2.o(.ARM.Collect$$libinit$$00000013)
    __rt_lib_init_lc_monetary_1              0x00000921   Thumb Code     0  libinit2.o(.ARM.Collect$$libinit$$00000015)
    __rt_lib_init_lc_numeric_1               0x00000921   Thumb Code     0  libinit2.o(.ARM.Collect$$libinit$$00000017)
    __rt_lib_init_lc_time_1                  0x00000921   Thumb Code     0  libinit2.o(.ARM.Collect$$libinit$$00000019)
    __rt_lib_init_preinit_1                  0x00000921   Thumb Code     0  libinit2.o(.ARM.Collect$$libinit$$00000004)
    __rt_lib_init_rand_1                     0x00000921   Thumb Code     0  libinit2.o(.ARM.Collect$$libinit$$0000000E)
    __rt_lib_init_return                     0x00000921   Thumb Code     0  libinit2.o(.ARM.Collect$$libinit$$00000033)
    __rt_lib_init_signal_1                   0x00000921   Thumb Code     0  libinit2.o(.ARM.Collect$$libinit$$0000001D)
    __rt_lib_init_stdio_1                    0x00000921   Thumb Code     0  libinit2.o(.ARM.Collect$$libinit$$00000025)
    __rt_lib_init_user_alloc_1               0x00000921   Thumb Code     0  libinit2.o(.ARM.Collect$$libinit$$0000000C)
    __rt_lib_shutdown                        0x00000923   Thumb Code     0  libshutdown.o(.ARM.Collect$$libshutdown$$00000000)
    __rt_lib_shutdown_cpp_1                  0x00000925   Thumb Code     0  libshutdown2.o(.ARM.Collect$$libshutdown$$00000002)
    __rt_lib_shutdown_fp_trap_1              0x00000925   Thumb Code     0  libshutdown2.o(.ARM.Collect$$libshutdown$$00000007)
    __rt_lib_shutdown_heap_1                 0x00000925   Thumb Code     0  libshutdown2.o(.ARM.Collect$$libshutdown$$0000000F)
    __rt_lib_shutdown_return                 0x00000925   Thumb Code     0  libshutdown2.o(.ARM.Collect$$libshutdown$$00000010)
    __rt_lib_shutdown_signal_1               0x00000925   Thumb Code     0  libshutdown2.o(.ARM.Collect$$libshutdown$$0000000A)
    __rt_lib_shutdown_stdio_1                0x00000925   Thumb Code     0  libshutdown2.o(.ARM.Collect$$libshutdown$$00000004)
    __rt_lib_shutdown_user_alloc_1           0x00000925   Thumb Code     0  libshutdown2.o(.ARM.Collect$$libshutdown$$0000000C)
    __rt_entry                               0x00000927   Thumb Code     0  __rtentry.o(.ARM.Collect$$rtentry$$00000000)
    __rt_entry_presh_1                       0x00000927   Thumb Code     0  __rtentry2.o(.ARM.Collect$$rtentry$$00000002)
    __rt_entry_sh                            0x00000927   Thumb Code     0  __rtentry5.o(.ARM.Collect$$rtentry$$00000005)
    __rt_entry_li                            0x0000092b   Thumb Code     0  __rtentry2.o(.ARM.Collect$$rtentry$$0000000A)
    __rt_entry_postsh_1                      0x0000092b   Thumb Code     0  __rtentry2.o(.ARM.Collect$$rtentry$$00000009)
    __rt_entry_main                          0x0000092f   Thumb Code     0  __rtentry2.o(.ARM.Collect$$rtentry$$0000000D)
    __rt_entry_postli_1                      0x0000092f   Thumb Code     0  __rtentry2.o(.ARM.Collect$$rtentry$$0000000C)
    __rt_exit                                0x0000093d   Thumb Code     0  rtexit.o(.ARM.Collect$$rtexit$$00000000)
    __rt_exit_ls                             0x0000093f   Thumb Code     0  rtexit2.o(.ARM.Collect$$rtexit$$00000003)
    __rt_exit_prels_1                        0x0000093f   Thumb Code     0  rtexit2.o(.ARM.Collect$$rtexit$$00000002)
    __rt_exit_exit                           0x00000943   Thumb Code     0  rtexit2.o(.ARM.Collect$$rtexit$$00000004)
    Reset_Handler                            0x00000949   Thumb Code    14  startup_armcm33.o(.text)
    HardFault_Handler                        0x00000957   Thumb Code     2  startup_armcm33.o(.text)
    NMI_Handler                              0x00000959   Thumb Code     2  startup_armcm33.o(.text)
    MemManage_Handler                        0x0000095b   Thumb Code     2  startup_armcm33.o(.text)
    BusFault_Handler                         0x0000095d   Thumb Code     2  startup_armcm33.o(.text)
    UsageFault_Handler                       0x0000095f   Thumb Code     2  startup_armcm33.o(.text)
    SecureFault_Handler                      0x00000961   Thumb Code     2  startup_armcm33.o(.text)
    SVC_Handler                              0x00000963   Thumb Code     2  startup_armcm33.o(.text)
    DebugMon_Handler                         0x00000965   Thumb Code     2  startup_armcm33.o(.text)
    PendSV_Handler                           0x00000967   Thumb Code     2  startup_armcm33.o(.text)
    UART0_Handler                            0x0000096b   Thumb Code     2  startup_armcm33.o(.text)
    ADC_Handler                              0x0000096d   Thumb Code     2  startup_armcm33.o(.text)
    UART1_Handler                            0x0000096f   Thumb Code     2  startup_armcm33.o(.text)
    DMACINTERR_Handler                       0x00000971   Thumb Code     2  startup_armcm33.o(.text)
    DMACINTTC_Handler                        0x00000973   Thumb Code     2  startup_armcm33.o(.text)
    DMACINTR_Handler                         0x00000975   Thumb Code     2  startup_armcm33.o(.text)
    PORT0_COMB_Handler                       0x00000977   Thumb Code     2  startup_armcm33.o(.text)
    ADC1_Handler                             0x00000979   Thumb Code     2  startup_armcm33.o(.text)
    TIMER0_Handler                           0x0000097b   Thumb Code     2  startup_armcm33.o(.text)
    TIMER1_Handler                           0x0000097d   Thumb Code     2  startup_armcm33.o(.text)
    DUALTIMER0_Handler                       0x0000097f   Thumb Code     2  startup_armcm33.o(.text)
    DUALTIMER1_Handler                       0x00000981   Thumb Code     2  startup_armcm33.o(.text)
    UARTOVF_Handler                          0x00000983   Thumb Code     2  startup_armcm33.o(.text)
    EXT13_IRQn                               0x00000985   Thumb Code     2  startup_armcm33.o(.text)
    EXT14_IRQn                               0x00000987   Thumb Code     2  startup_armcm33.o(.text)
    EXT15_IRQn                               0x00000989   Thumb Code     2  startup_armcm33.o(.text)
    PORT0_0_Handler                          0x0000098b   Thumb Code     2  startup_armcm33.o(.text)
    PORT0_1_Handler                          0x0000098d   Thumb Code     2  startup_armcm33.o(.text)
    PORT0_2_Handler                          0x0000098f   Thumb Code     2  startup_armcm33.o(.text)
    PORT0_3_Handler                          0x00000991   Thumb Code     2  startup_armcm33.o(.text)
    PORT0_4_Handler                          0x00000993   Thumb Code     2  startup_armcm33.o(.text)
    PORT0_5_Handler                          0x00000995   Thumb Code     2  startup_armcm33.o(.text)
    PORT0_6_Handler                          0x00000997   Thumb Code     2  startup_armcm33.o(.text)
    PORT0_7_Handler                          0x00000999   Thumb Code     2  startup_armcm33.o(.text)
    PORT0_8_Handler                          0x0000099b   Thumb Code     2  startup_armcm33.o(.text)
    PORT0_9_Handler                          0x0000099d   Thumb Code     2  startup_armcm33.o(.text)
    PORT0_10_Handler                         0x0000099f   Thumb Code     2  startup_armcm33.o(.text)
    PORT0_11_Handler                         0x000009a1   Thumb Code     2  startup_armcm33.o(.text)
    PORT0_12_Handler                         0x000009a3   Thumb Code     2  startup_armcm33.o(.text)
    PORT0_13_Handler                         0x000009a5   Thumb Code     2  startup_armcm33.o(.text)
    PORT0_14_Handler                         0x000009a7   Thumb Code     2  startup_armcm33.o(.text)
    PORT0_15_Handler                         0x000009a9   Thumb Code     2  startup_armcm33.o(.text)
    PORT0_16_Handler                         0x000009ab   Thumb Code     2  startup_armcm33.o(.text)
    PORT0_17_Handler                         0x000009ad   Thumb Code     2  startup_armcm33.o(.text)
    PORT0_18_Handler                         0x000009af   Thumb Code     2  startup_armcm33.o(.text)
    PORT0_19_Handler                         0x000009b1   Thumb Code     2  startup_armcm33.o(.text)
    PORT0_20_Handler                         0x000009b3   Thumb Code     2  startup_armcm33.o(.text)
    PORT0_21_Handler                         0x000009b5   Thumb Code     2  startup_armcm33.o(.text)
    PORT0_22_Handler                         0x000009b7   Thumb Code     2  startup_armcm33.o(.text)
    PORT0_23_Handler                         0x000009b9   Thumb Code     2  startup_armcm33.o(.text)
    PORT0_24_Handler                         0x000009bb   Thumb Code     2  startup_armcm33.o(.text)
    PORT0_25_Handler                         0x000009bd   Thumb Code     2  startup_armcm33.o(.text)
    PORT0_26_Handler                         0x000009bf   Thumb Code     2  startup_armcm33.o(.text)
    PORT0_27_Handler                         0x000009c1   Thumb Code     2  startup_armcm33.o(.text)
    PORT0_28_Handler                         0x000009c3   Thumb Code     2  startup_armcm33.o(.text)
    PORT0_29_Handler                         0x000009c5   Thumb Code     2  startup_armcm33.o(.text)
    PORT0_30_Handler                         0x000009c7   Thumb Code     2  startup_armcm33.o(.text)
    PORT0_31_Handler                         0x000009c9   Thumb Code     2  startup_armcm33.o(.text)
    I2C_Handler                              0x000009cb   Thumb Code     2  startup_armcm33.o(.text)
    MPS2_SSP0_Handler                        0x000009cd   Thumb Code     2  startup_armcm33.o(.text)
    MPS2_SSP1_Handler                        0x000009cf   Thumb Code     2  startup_armcm33.o(.text)
    Spare51_Handler                          0x000009d1   Thumb Code     2  startup_armcm33.o(.text)
    Spare52_Handler                          0x000009d3   Thumb Code     2  startup_armcm33.o(.text)
    Spare53_Handler                          0x000009d5   Thumb Code     2  startup_armcm33.o(.text)
    Spare54_Handler                          0x000009d7   Thumb Code     2  startup_armcm33.o(.text)
    Spare55_Handler                          0x000009d9   Thumb Code     2  startup_armcm33.o(.text)
    Spare56_Handler                          0x000009db   Thumb Code     2  startup_armcm33.o(.text)
    Spare57_Handler                          0x000009dd   Thumb Code     2  startup_armcm33.o(.text)
    Spare58_Handler                          0x000009df   Thumb Code     2  startup_armcm33.o(.text)
    Spare59_Handler                          0x000009e1   Thumb Code     2  startup_armcm33.o(.text)
    Spare60_Handler                          0x000009e3   Thumb Code     2  startup_armcm33.o(.text)
    Spare61_Handler                          0x000009e5   Thumb Code     2  startup_armcm33.o(.text)
    Spare62_Handler                          0x000009e7   Thumb Code     2  startup_armcm33.o(.text)
    Spare63_Handler                          0x000009e9   Thumb Code     2  startup_armcm33.o(.text)
    EXT0_Handler                             0x000009eb   Thumb Code     2  startup_armcm33.o(.text)
    EXT1_Handler                             0x000009ed   Thumb Code     2  startup_armcm33.o(.text)
    EXT2_Handler                             0x000009ef   Thumb Code     2  startup_armcm33.o(.text)
    EXT3_Handler                             0x000009f1   Thumb Code     2  startup_armcm33.o(.text)
    EXT4_Handler                             0x000009f3   Thumb Code     2  startup_armcm33.o(.text)
    EXT5_Handler                             0x000009f5   Thumb Code     2  startup_armcm33.o(.text)
    EXT6_Handler                             0x000009f7   Thumb Code     2  startup_armcm33.o(.text)
    EXT7_Handler                             0x000009f9   Thumb Code     2  startup_armcm33.o(.text)
    EXT8_Handler                             0x000009fb   Thumb Code     2  startup_armcm33.o(.text)
    EXT9_Handler                             0x000009fd   Thumb Code     2  startup_armcm33.o(.text)
    EXT10_Handler                            0x000009ff   Thumb Code     2  startup_armcm33.o(.text)
    EXT11_Handler                            0x00000a01   Thumb Code     2  startup_armcm33.o(.text)
    EXT12_Handler                            0x00000a03   Thumb Code     2  startup_armcm33.o(.text)
    EXT13_Handler                            0x00000a05   Thumb Code     2  startup_armcm33.o(.text)
    EXT14_Handler                            0x00000a07   Thumb Code     2  startup_armcm33.o(.text)
    EXT15_Handler                            0x00000a09   Thumb Code     2  startup_armcm33.o(.text)
    UART2_Handler                            0x00000a0b   Thumb Code     2  startup_armcm33.o(.text)
    __2printf                                0x00000a19   Thumb Code    20  noretval__2printf.o(.text)
    __printf                                 0x00000a31   Thumb Code   104  __printf.o(.text)
    _printf_int_hex                          0x00000a99   Thumb Code    84  _printf_hex_int.o(.text)
    _printf_longlong_hex                     0x00000a99   Thumb Code     0  _printf_hex_int.o(.text)
    puts                                     0x00000af1   Thumb Code    40  puts.o(.text)
    __use_two_region_memory                  0x00000b1d   Thumb Code     2  heapauxi.o(.text)
    __rt_heap_escrow$2region                 0x00000b1f   Thumb Code     2  heapauxi.o(.text)
    __rt_heap_expand$2region                 0x00000b21   Thumb Code     2  heapauxi.o(.text)
    _printf_int_common                       0x00000b23   Thumb Code   178  _printf_intcommon.o(.text)
    _printf_char_file                        0x00000bd5   Thumb Code    32  _printf_char_file.o(.text)
    _printf_char_common                      0x00000c03   Thumb Code    32  _printf_char_common.o(.text)
    ferror                                   0x00000c29   Thumb Code     8  ferror.o(.text)
    exit                                     0x00000c31   Thumb Code    18  exit.o(.text)
    __I$use$semihosting                      0x00000c43   Thumb Code     0  use_no_semi.o(.text)
    __use_no_semihosting_swi                 0x00000c43   Thumb Code     2  use_no_semi.o(.text)
    __semihosting_library_function           0x00000c45   Thumb Code     0  indicate_semi.o(.text)
    _sys_exit                                0x00000c45   Thumb Code     8  sys_exit.o(.text)
    GPIO_DeInit                              0x00000c51   Thumb Code    34  star_gpio.o(.text.GPIO_DeInit)
    GPIO_PinRemapConfig                      0x00000c73   Thumb Code    10  star_gpio.o(.text.GPIO_PinRemapConfig)
    GPIO_ResetBit                            0x00000c7d   Thumb Code    24  star_gpio.o(.text.GPIO_ResetBit)
    GPIO_SetBit                              0x00000c95   Thumb Code    22  star_gpio.o(.text.GPIO_SetBit)
    LCD_Clear                                0x00000cad   Thumb Code    72  lcd.o(.text.LCD_Clear)
    LCD_Draw_Circle                          0x00000cf5   Thumb Code   642  lcd.o(.text.LCD_Draw_Circle)
    LCD_Init                                 0x00000f79   Thumb Code   496  lcd.o(.text.LCD_Init)
    RCC_APB1PeriphResetCmd                   0x00001179   Thumb Code    24  star_rcc.o(.text.RCC_APB1PeriphResetCmd)
    SCD_Rev1Byte                             0x00001391   Thumb Code   392  scd.o(.text.SCD_Rev1Byte)
    SysTick_Handler                          0x000019e5   Thumb Code    16  nvic_it.o(.text.SysTick_Handler)
    SystemInit                               0x000019f5   Thumb Code    50  system_armcm33.o(.text.SystemInit)
    UART_DeInit                              0x00001a27   Thumb Code    66  star_uart.o(.text.UART_DeInit)
    UART_Init                                0x00001a69   Thumb Code    24  star_uart.o(.text.UART_Init)
    delay_ms                                 0x00001b7d   Thumb Code    26  delay.o(.text.delay_ms)
    fputc                                    0x00001b99   Thumb Code    20  star_retarget.o(.text.fputc)
    main                                     0x00001bad   Thumb Code   492  main.o(.text.main)
    scd_init_1                               0x00001dad   Thumb Code   156  scd_reg.o(.text.scd_init_1)
    scd_send1Byte                            0x00001e49   Thumb Code    64  scd.o(.text.scd_send1Byte)
    _fp_init                                 0x00001e89   Thumb Code    26  fpinit.o(x$fpl$fpinit)
    __fplib_config_fpu_vfp                   0x00001ea1   Thumb Code     0  fpinit.o(x$fpl$fpinit)
    __fplib_config_pureend_doubles           0x00001ea1   Thumb Code     0  fpinit.o(x$fpl$fpinit)
    cz_ctype                                 0x00001ee0   Data        1024  scd.o(.rodata.cz_ctype)
    tyj_unit_struct_1                        0x000022f8   Data          72  scd_reg.o(.rodata.tyj_unit_struct_1)
    Region$$Table$$Base                      0x00002340   Number         0  anon$$obj.o(Region$$Table)
    Region$$Table$$Limit                     0x00002360   Number         0  anon$$obj.o(Region$$Table)
    POINT_COLOR                              0x20000000   Data           4  lcd.o(.data.POINT_COLOR)
    SystemCoreClock                          0x20000004   Data           4  system_armcm33.o(.data.SystemCoreClock)
    endBuff1_1                               0x20000008   Data           4  scd_reg.o(.data.endBuff1_1)
    endBuff2_1                               0x2000000c   Data           8  scd_reg.o(.data.endBuff2_1)
    endBuff3_1                               0x20000014   Data           4  scd_reg.o(.data.endBuff3_1)
    __stdout                                 0x2000001c   Data          84  star_retarget.o(.bss.__stdout)
    millisCnt                                0x20000070   Data           4  main.o(.bss.millisCnt)
    printBuff_1                              0x20000074   Data          40  scd_reg.o(.bss.printBuff_1)
    recBuff_1                                0x2000009c   Data          80  scd_reg.o(.bss.recBuff_1)
    scd_1                                    0x200000ec   Data         104  scd_reg.o(.bss.scd_1)
    test1                                    0x20000154   Data           2  main.o(.bss.test1)
    test1r                                   0x20000156   Data           2  main.o(.bss.test1r)
    test2                                    0x20000158   Data           2  main.o(.bss.test2)
    test2r                                   0x2000015a   Data           2  main.o(.bss.test2r)
    test3                                    0x2000015c   Data           2  main.o(.bss.test3)
    test3r                                   0x2000015e   Data           2  main.o(.bss.test3r)
    test4                                    0x20000160   Data           2  main.o(.bss.test4)
    test4r                                   0x20000162   Data           2  main.o(.bss.test4r)
    __stack_limit                            0x20000168   Data           0  startup_armcm33.o(STACK)
    __initial_sp                             0x20001168   Data           0  startup_armcm33.o(STACK)



==============================================================================

Memory Map of the image

  Image Entry point : 0x0000089d

  Load Region LR_IROM1 (Base: 0x00000000, Size: 0x00002378, Max: 0x00040000, ABSOLUTE)

    Execution Region ER_IROM1 (Exec base: 0x00000000, Load base: 0x00000000, Size: 0x00002360, Max: 0x00040000, ABSOLUTE)

    Exec Addr    Load Addr    Size         Type   Attr      Idx    E Section Name        Object

    0x00000000   0x00000000   0x0000089c   Data   RO          370    RESET               startup_armcm33.o
    0x0000089c   0x0000089c   0x00000008   Code   RO          559  * !!!main             c_w.l(__main.o)
    0x000008a4   0x000008a4   0x00000034   Code   RO          748    !!!scatter          c_w.l(__scatter.o)
    0x000008d8   0x000008d8   0x0000001a   Code   RO          750    !!handler_copy      c_w.l(__scatter_copy.o)
    0x000008f2   0x000008f2   0x00000002   PAD
    0x000008f4   0x000008f4   0x0000001c   Code   RO          752    !!handler_zi        c_w.l(__scatter_zi.o)
    0x00000910   0x00000910   0x00000000   Code   RO          554    .ARM.Collect$$_printf_percent$$00000000  c_w.l(_printf_percent.o)
    0x00000910   0x00000910   0x00000006   Code   RO          553    .ARM.Collect$$_printf_percent$$0000000C  c_w.l(_printf_x.o)
    0x00000916   0x00000916   0x00000004   Code   RO          566    .ARM.Collect$$_printf_percent$$00000017  c_w.l(_printf_percent_end.o)
    0x0000091a   0x0000091a   0x00000002   Code   RO          604    .ARM.Collect$$libinit$$00000000  c_w.l(libinit.o)
    0x0000091c   0x0000091c   0x00000004   Code   RO          614    .ARM.Collect$$libinit$$00000001  c_w.l(libinit2.o)
    0x00000920   0x00000920   0x00000000   Code   RO          617    .ARM.Collect$$libinit$$00000004  c_w.l(libinit2.o)
    0x00000920   0x00000920   0x00000000   Code   RO          620    .ARM.Collect$$libinit$$0000000A  c_w.l(libinit2.o)
    0x00000920   0x00000920   0x00000000   Code   RO          622    .ARM.Collect$$libinit$$0000000C  c_w.l(libinit2.o)
    0x00000920   0x00000920   0x00000000   Code   RO          624    .ARM.Collect$$libinit$$0000000E  c_w.l(libinit2.o)
    0x00000920   0x00000920   0x00000000   Code   RO          627    .ARM.Collect$$libinit$$00000011  c_w.l(libinit2.o)
    0x00000920   0x00000920   0x00000000   Code   RO          629    .ARM.Collect$$libinit$$00000013  c_w.l(libinit2.o)
    0x00000920   0x00000920   0x00000000   Code   RO          631    .ARM.Collect$$libinit$$00000015  c_w.l(libinit2.o)
    0x00000920   0x00000920   0x00000000   Code   RO          633    .ARM.Collect$$libinit$$00000017  c_w.l(libinit2.o)
    0x00000920   0x00000920   0x00000000   Code   RO          635    .ARM.Collect$$libinit$$00000019  c_w.l(libinit2.o)
    0x00000920   0x00000920   0x00000000   Code   RO          637    .ARM.Collect$$libinit$$0000001B  c_w.l(libinit2.o)
    0x00000920   0x00000920   0x00000000   Code   RO          639    .ARM.Collect$$libinit$$0000001D  c_w.l(libinit2.o)
    0x00000920   0x00000920   0x00000000   Code   RO          641    .ARM.Collect$$libinit$$0000001F  c_w.l(libinit2.o)
    0x00000920   0x00000920   0x00000000   Code   RO          643    .ARM.Collect$$libinit$$00000021  c_w.l(libinit2.o)
    0x00000920   0x00000920   0x00000000   Code   RO          645    .ARM.Collect$$libinit$$00000023  c_w.l(libinit2.o)
    0x00000920   0x00000920   0x00000000   Code   RO          647    .ARM.Collect$$libinit$$00000025  c_w.l(libinit2.o)
    0x00000920   0x00000920   0x00000000   Code   RO          651    .ARM.Collect$$libinit$$0000002C  c_w.l(libinit2.o)
    0x00000920   0x00000920   0x00000000   Code   RO          653    .ARM.Collect$$libinit$$0000002E  c_w.l(libinit2.o)
    0x00000920   0x00000920   0x00000000   Code   RO          655    .ARM.Collect$$libinit$$00000030  c_w.l(libinit2.o)
    0x00000920   0x00000920   0x00000000   Code   RO          657    .ARM.Collect$$libinit$$00000032  c_w.l(libinit2.o)
    0x00000920   0x00000920   0x00000002   Code   RO          658    .ARM.Collect$$libinit$$00000033  c_w.l(libinit2.o)
    0x00000922   0x00000922   0x00000002   Code   RO          687    .ARM.Collect$$libshutdown$$00000000  c_w.l(libshutdown.o)
    0x00000924   0x00000924   0x00000000   Code   RO          699    .ARM.Collect$$libshutdown$$00000002  c_w.l(libshutdown2.o)
    0x00000924   0x00000924   0x00000000   Code   RO          701    .ARM.Collect$$libshutdown$$00000004  c_w.l(libshutdown2.o)
    0x00000924   0x00000924   0x00000000   Code   RO          704    .ARM.Collect$$libshutdown$$00000007  c_w.l(libshutdown2.o)
    0x00000924   0x00000924   0x00000000   Code   RO          707    .ARM.Collect$$libshutdown$$0000000A  c_w.l(libshutdown2.o)
    0x00000924   0x00000924   0x00000000   Code   RO          709    .ARM.Collect$$libshutdown$$0000000C  c_w.l(libshutdown2.o)
    0x00000924   0x00000924   0x00000000   Code   RO          712    .ARM.Collect$$libshutdown$$0000000F  c_w.l(libshutdown2.o)
    0x00000924   0x00000924   0x00000002   Code   RO          713    .ARM.Collect$$libshutdown$$00000010  c_w.l(libshutdown2.o)
    0x00000926   0x00000926   0x00000000   Code   RO          561    .ARM.Collect$$rtentry$$00000000  c_w.l(__rtentry.o)
    0x00000926   0x00000926   0x00000000   Code   RO          568    .ARM.Collect$$rtentry$$00000002  c_w.l(__rtentry2.o)
    0x00000926   0x00000926   0x00000004   Code   RO          582    .ARM.Collect$$rtentry$$00000005  c_w.l(__rtentry5.o)
    0x0000092a   0x0000092a   0x00000000   Code   RO          570    .ARM.Collect$$rtentry$$00000009  c_w.l(__rtentry2.o)
    0x0000092a   0x0000092a   0x00000004   Code   RO          571    .ARM.Collect$$rtentry$$0000000A  c_w.l(__rtentry2.o)
    0x0000092e   0x0000092e   0x00000000   Code   RO          573    .ARM.Collect$$rtentry$$0000000C  c_w.l(__rtentry2.o)
    0x0000092e   0x0000092e   0x00000008   Code   RO          574    .ARM.Collect$$rtentry$$0000000D  c_w.l(__rtentry2.o)
    0x00000936   0x00000936   0x00000002   PAD
    0x00000938   0x00000938   0x00000004   Code   RO          583    .ARM.Collect$$rtentry$$00002716  c_w.l(__rtentry5.o)
    0x0000093c   0x0000093c   0x00000002   Code   RO          612    .ARM.Collect$$rtexit$$00000000  c_w.l(rtexit.o)
    0x0000093e   0x0000093e   0x00000000   Code   RO          667    .ARM.Collect$$rtexit$$00000002  c_w.l(rtexit2.o)
    0x0000093e   0x0000093e   0x00000004   Code   RO          668    .ARM.Collect$$rtexit$$00000003  c_w.l(rtexit2.o)
    0x00000942   0x00000942   0x00000006   Code   RO          669    .ARM.Collect$$rtexit$$00000004  c_w.l(rtexit2.o)
    0x00000948   0x00000948   0x000000d0   Code   RO          371    .text               startup_armcm33.o
    0x00000a18   0x00000a18   0x00000018   Code   RO          508    .text               c_w.l(noretval__2printf.o)
    0x00000a30   0x00000a30   0x00000068   Code   RO          510    .text               c_w.l(__printf.o)
    0x00000a98   0x00000a98   0x00000058   Code   RO          515    .text               c_w.l(_printf_hex_int.o)
    0x00000af0   0x00000af0   0x0000002c   Code   RO          555    .text               c_w.l(puts.o)
    0x00000b1c   0x00000b1c   0x00000006   Code   RO          557    .text               c_w.l(heapauxi.o)
    0x00000b22   0x00000b22   0x000000b2   Code   RO          562    .text               c_w.l(_printf_intcommon.o)
    0x00000bd4   0x00000bd4   0x00000024   Code   RO          564    .text               c_w.l(_printf_char_file.o)
    0x00000bf8   0x00000bf8   0x00000030   Code   RO          587    .text               c_w.l(_printf_char_common.o)
    0x00000c28   0x00000c28   0x00000008   Code   RO          589    .text               c_w.l(ferror.o)
    0x00000c30   0x00000c30   0x00000012   Code   RO          597    .text               c_w.l(exit.o)
    0x00000c42   0x00000c42   0x00000002   Code   RO          663    .text               c_w.l(use_no_semi.o)
    0x00000c44   0x00000c44   0x00000000   Code   RO          665    .text               c_w.l(indicate_semi.o)
    0x00000c44   0x00000c44   0x0000000c   Code   RO          677    .text               c_w.l(sys_exit.o)
    0x00000c50   0x00000c50   0x00000022   Code   RO          116    .text.GPIO_DeInit   star_gpio.o
    0x00000c72   0x00000c72   0x0000000a   Code   RO          128    .text.GPIO_PinRemapConfig  star_gpio.o
    0x00000c7c   0x00000c7c   0x00000018   Code   RO          122    .text.GPIO_ResetBit  star_gpio.o
    0x00000c94   0x00000c94   0x00000016   Code   RO          120    .text.GPIO_SetBit   star_gpio.o
    0x00000caa   0x00000caa   0x00000002   PAD
    0x00000cac   0x00000cac   0x00000048   Code   RO          436    .text.LCD_Clear     lcd.o
    0x00000cf4   0x00000cf4   0x00000282   Code   RO          442    .text.LCD_Draw_Circle  lcd.o
    0x00000f76   0x00000f76   0x00000002   PAD
    0x00000f78   0x00000f78   0x00000200   Code   RO          434    .text.LCD_Init      lcd.o
    0x00001178   0x00001178   0x00000018   Code   RO          212    .text.RCC_APB1PeriphResetCmd  star_rcc.o
    0x00001190   0x00001190   0x00000028   Code   RO          401    .text.SCD_CMD_CALL  scd.o
    0x000011b8   0x000011b8   0x00000016   Code   RO          397    .text.SCD_CMD_CHG   scd.o
    0x000011ce   0x000011ce   0x0000001a   Code   RO          395    .text.SCD_CMD_CONF  scd.o
    0x000011e8   0x000011e8   0x00000026   Code   RO          399    .text.SCD_CMD_DUMP  scd.o
    0x0000120e   0x0000120e   0x00000002   PAD
    0x00001210   0x00001210   0x00000180   Code   RO          393    .text.SCD_CMD_SET   scd.o
    0x00001390   0x00001390   0x000001b0   Code   RO          387    .text.SCD_Rev1Byte  scd.o
    0x00001540   0x00001540   0x0000000e   Code   RO          409    .text.SCO_DEBUG     scd.o
    0x0000154e   0x0000154e   0x00000002   PAD
    0x00001550   0x00001550   0x000001cc   Code   RO          411    .text.SCO_DUMP      scd.o
    0x0000171c   0x0000171c   0x00000074   Code   RO          413    .text.SCO_PRINT     scd.o
    0x00001790   0x00001790   0x00000140   Code   RO          407    .text.SCO_VAR       scd.o
    0x000018d0   0x000018d0   0x00000114   Code   RO          405    .text.SCO_get       scd.o
    0x000019e4   0x000019e4   0x00000010   Code   RO          482    .text.SysTick_Handler  nvic_it.o
    0x000019f4   0x000019f4   0x00000032   Code   RO          359    .text.SystemInit    system_armcm33.o
    0x00001a26   0x00001a26   0x00000042   Code   RO          309    .text.UART_DeInit   star_uart.o
    0x00001a68   0x00001a68   0x00000018   Code   RO          311    .text.UART_Init     star_uart.o
    0x00001a80   0x00001a80   0x000000fa   Code   RO          403    .text._cz_strtoxl   scd.o
    0x00001b7a   0x00001b7a   0x00000002   PAD
    0x00001b7c   0x00001b7c   0x0000001a   Code   RO          378    .text.delay_ms      delay.o
    0x00001b96   0x00001b96   0x00000002   PAD
    0x00001b98   0x00001b98   0x00000014   Code   RO          221    .text.fputc         star_retarget.o
    0x00001bac   0x00001bac   0x00000200   Code   RO          463    .text.main          main.o
    0x00001dac   0x00001dac   0x0000009c   Code   RO          490    .text.scd_init_1    scd_reg.o
    0x00001e48   0x00001e48   0x00000040   Code   RO          389    .text.scd_send1Byte  scd.o
    0x00001e88   0x00001e88   0x0000001a   Code   RO          675    x$fpl$fpinit        fz_wm.l(fpinit.o)
    0x00001ea2   0x00001ea2   0x00000028   Data   RO          516    .constdata          c_w.l(_printf_hex_int.o)
    0x00001eca   0x00001eca   0x00000002   PAD
    0x00001ecc   0x00001ecc   0x00000014   Data   RO          416    .rodata.SCD_PROTOCOL_FCNS  scd.o
    0x00001ee0   0x00001ee0   0x00000400   Data   RO          415    .rodata.cz_ctype    scd.o
    0x000022e0   0x000022e0   0x00000017   Data   RO          417    .rodata.str1.1      scd.o
    0x000022f7   0x000022f7   0x00000001   PAD
    0x000022f8   0x000022f8   0x00000048   Data   RO          495    .rodata.tyj_unit_struct_1  scd_reg.o
    0x00002340   0x00002340   0x00000020   Data   RO          747    Region$$Table       anon$$obj.o


    Execution Region RW_IRAM1 (Exec base: 0x20000000, Load base: 0x00002360, Size: 0x00001168, Max: 0x00030000, ABSOLUTE)

    Exec Addr    Load Addr    Size         Type   Attr      Idx    E Section Name        Object

    0x20000000   0x00002360   0x00000004   Data   RW          452    .data.POINT_COLOR   lcd.o
    0x20000004   0x00002364   0x00000004   Data   RW          361    .data.SystemCoreClock  system_armcm33.o
    0x20000008   0x00002368   0x00000004   Data   RW          492    .data.endBuff1_1    scd_reg.o
    0x2000000c   0x0000236c   0x00000008   Data   RW          493    .data.endBuff2_1    scd_reg.o
    0x20000014   0x00002374   0x00000004   Data   RW          494    .data.endBuff3_1    scd_reg.o
    0x20000018        -       0x00000002   Zero   RW          419    .bss.SCO_DUMP.checkUint16Sum  scd.o
    0x2000001a        -       0x00000002   Zero   RW          418    .bss.SCO_VAR.checkUint16Sum  scd.o
    0x2000001c        -       0x00000054   Zero   RW          229    .bss.__stdout       star_retarget.o
    0x20000070        -       0x00000004   Zero   RW          473    .bss.millisCnt      main.o
    0x20000074        -       0x00000028   Zero   RW          498    .bss.printBuff_1    scd_reg.o
    0x2000009c        -       0x00000050   Zero   RW          497    .bss.recBuff_1      scd_reg.o
    0x200000ec        -       0x00000068   Zero   RW          496    .bss.scd_1          scd_reg.o
    0x20000154        -       0x00000002   Zero   RW          465    .bss.test1          main.o
    0x20000156        -       0x00000002   Zero   RW          469    .bss.test1r         main.o
    0x20000158        -       0x00000002   Zero   RW          466    .bss.test2          main.o
    0x2000015a        -       0x00000002   Zero   RW          470    .bss.test2r         main.o
    0x2000015c        -       0x00000002   Zero   RW          467    .bss.test3          main.o
    0x2000015e        -       0x00000002   Zero   RW          471    .bss.test3r         main.o
    0x20000160        -       0x00000002   Zero   RW          468    .bss.test4          main.o
    0x20000162        -       0x00000002   Zero   RW          472    .bss.test4r         main.o
    0x20000164   0x00002378   0x00000004   PAD
    0x20000168        -       0x00001000   Zero   RW          368    STACK               startup_armcm33.o


==============================================================================

Image component sizes


      Code (inc. data)   RO Data    RW Data    ZI Data      Debug   Object Name

        26          0          0          0          0        773   delay.o
      1226         16          0          4          0      18954   lcd.o
       512         20          0          0         20       6912   main.o
        16          0          0          0          0        325   nvic_it.o
      2442         56       1067          0          4      12228   scd.o
       156          0         72         16        224       1711   scd_reg.o
        90          0          0          0          0       3583   star_gpio.o
        24          0          0          0          0        905   star_rcc.o
        20          0          0          0         84       1889   star_retarget.o
        90          0          0          0          0       2753   star_uart.o
       208         12       2204          0       4096       4108   startup_armcm33.o
        50          0          0          4          0       1894   system_armcm33.o

    ----------------------------------------------------------------------
      4872        104       3376         24       4432      56035   Object Totals
         0          0         32          0          0          0   (incl. Generated)
        12          0          1          0          4          0   (incl. Padding)

    ----------------------------------------------------------------------

      Code (inc. data)   RO Data    RW Data    ZI Data      Debug   Library Member Name

         8          0          0          0          0         68   __main.o
       104          0          0          0          0         84   __printf.o
         0          0          0          0          0          0   __rtentry.o
        12          0          0          0          0          0   __rtentry2.o
         8          4          0          0          0          0   __rtentry5.o
        52          8          0          0          0          0   __scatter.o
        26          0          0          0          0          0   __scatter_copy.o
        28          0          0          0          0          0   __scatter_zi.o
        48          6          0          0          0         96   _printf_char_common.o
        36          4          0          0          0         80   _printf_char_file.o
        88          4         40          0          0         88   _printf_hex_int.o
       178          0          0          0          0         88   _printf_intcommon.o
         0          0          0          0          0          0   _printf_percent.o
         4          0          0          0          0          0   _printf_percent_end.o
         6          0          0          0          0          0   _printf_x.o
        18          0          0          0          0         80   exit.o
         8          0          0          0          0         68   ferror.o
         6          0          0          0          0        152   heapauxi.o
         0          0          0          0          0          0   indicate_semi.o
         2          0          0          0          0          0   libinit.o
         6          0          0          0          0          0   libinit2.o
         2          0          0          0          0          0   libshutdown.o
         2          0          0          0          0          0   libshutdown2.o
        24          4          0          0          0         84   noretval__2printf.o
        44          4          0          0          0         84   puts.o
         2          0          0          0          0          0   rtexit.o
        10          0          0          0          0          0   rtexit2.o
        12          4          0          0          0         68   sys_exit.o
         2          0          0          0          0         68   use_no_semi.o
        26          0          0          0          0        116   fpinit.o

    ----------------------------------------------------------------------
       766         38         42          0          0       1224   Library Totals
         4          0          2          0          0          0   (incl. Padding)

    ----------------------------------------------------------------------

      Code (inc. data)   RO Data    RW Data    ZI Data      Debug   Library Name

       736         38         40          0          0       1108   c_w.l
        26          0          0          0          0        116   fz_wm.l

    ----------------------------------------------------------------------
       766         38         42          0          0       1224   Library Totals

    ----------------------------------------------------------------------

==============================================================================


      Code (inc. data)   RO Data    RW Data    ZI Data      Debug   

      5638        142       3418         24       4432      56591   Grand Totals
      5638        142       3418         24       4432      56591   ELF Image Totals
      5638        142       3418         24          0          0   ROM Totals

==============================================================================

    Total RO  Size (Code + RO Data)                 9056 (   8.84kB)
    Total RW  Size (RW Data + ZI Data)              4456 (   4.35kB)
    Total ROM Size (Code + RO Data + RW Data)       9080 (   8.87kB)

==============================================================================

