
######################oOOOo###########oOOOo##########################
#  HqFpga(TM) Release V2.14.4 (Winter 2023) Build 021824
#  [网表报告]
#####################################################################
日期 : Fri Jul 19 00:16:29 2024

Library U_ARCH
+-----------+------+
| Cell 名称 | 数量 |
+-----------+------+
| PIO       |   41 |
| IOLOGIC   |    2 |
| PLL_25K   |    1 |
| CM33      |    1 |
| SLICEL    |   14 |
| TIEOFF    |   20 |
+-----------+------+
| Sum       |   79 |
+-----------+------+

Library work
+-----------+------+
| Cell 名称 | 数量 |
+-----------+------+
| fpga_cm33 |    1 |
+-----------+------+
| Sum       |    1 |
+-----------+------+

** Routing resource usage summary **
===========================================
Wire Type      Number    Total       Ratio     
-------------------------------------------
X1V            117       77266        0.2%
X2V            56        44152        0.1%
X6V            76        44152        0.2%
X1H            112       88304        0.1%
X2H            116       132456       0.1%
X6H            75        88304        0.1%
LH             18        11038        0.2%
LV             240       11038        2.2%
LB             319       11038        2.9%
===========================================
