
######################oOOOo###########oOOOo##########################
#  HqFpga(TM) Release V2.14.4 (Winter 2023) Build 021824
#  [网表报告]
#####################################################################
日期 : Fri Jul 19 00:16:20 2024

Library U_SYN
+--------------+------+
| Cell 名称    | 数量 |
+--------------+------+
| xsIOBB       |   33 |
| xsCM33       |    1 |
| xsPLLSA      |    1 |
| xsXORCY      |   25 |
| xsMUXCY      |   24 |
| xsIOBI       |    3 |
| xsIOBO       |    5 |
| xsDFFSA_K1   |    2 |
| xsDFFSA_K1P1 |    1 |
| xsDFFSA_K1C1 |   27 |
| xsLUTSA2     |   27 |
| xsLUTSA3     |    2 |
| xsLUTSA6     |    3 |
| xsLUTSA5     |    1 |
| xsLUTSA4     |    2 |
| xsINVSA      |   33 |
+--------------+------+
| Sum          |  190 |
+--------------+------+

Library work
+-----------+------+
| Cell 名称 | 数量 |
+-----------+------+
| fpga_cm33 |    1 |
+-----------+------+
| Sum       |    1 |
+-----------+------+

##########oOOOo###########oOOOo##############
#  HqFpga(TM) Release V2.14.4 (Winter 2023) Build 021824
#  [资源利用率报告]
#############################################
日期 : Fri Jul 19 00:16:20 2024
器件 : SA5Z-50-D0-7U324C

** 资源利用情况  ** 
+---------------+--------------+----------+---------------+
| 资源类型      | 资源使用数目 | 资源总数 | 资源占用率(%) |
+---------------+--------------+----------+---------------+
| 输入输出块    |           41 |      210 |          19 % |
| 查找表        |           35 |    33920 |           1 % |
| 触发器/锁存器 |           30 |    67840 |           1 % |
| PLL           |            1 |        6 |          16 % |
+---------------+--------------+----------+---------------+
