
######################oOOOo###########oOOOo##########################
#  HqFpga(TM) Release V2.14.4 (Winter 2023) Build 021824
#  [网表报告]
#####################################################################
日期 : Sat Jul 20 16:48:18 2024

Library U_ARCH
+-----------+------+
| Cell 名称 | 数量 |
+-----------+------+
| PIO       |   43 |
| IOLOGIC   |    7 |
| PLL_25K   |    1 |
| CM33      |    1 |
| SLICEL    |  245 |
| TIEOFF    |   47 |
+-----------+------+
| Sum       |  344 |
+-----------+------+

Library work
+-----------+------+
| Cell 名称 | 数量 |
+-----------+------+
| fpga_cm33 |    1 |
+-----------+------+
| Sum       |    1 |
+-----------+------+

** Routing resource usage summary **
===========================================
Wire Type      Number    Total       Ratio     
-------------------------------------------
X1V            1056      77266        1.4%
X2V            578       44152        1.3%
X6V            376       44152        0.9%
X1H            942       88304        1.1%
X2H            1122      132456       0.8%
X6H            379       88304        0.4%
LH             28        11038        0.3%
LV             320       11038        2.9%
LB             385       11038        3.5%
===========================================
