
######################oOOOo###########oOOOo##########################
#  HqFpga(TM) Release V2.14.4 (Winter 2023) Build 021824
#  [网表报告]
#####################################################################
日期 : Tue Jul 23 16:51:18 2024

Library U_SYN
+----------------+------+
| Cell 名称      | 数量 |
+----------------+------+
| xsIOBB         |   49 |
| xsCM33         |    1 |
| xsPLLSA        |    1 |
| xsXORCY        |  104 |
| xsMUXCY        |  129 |
| xsMUXF7        |   38 |
| xsLROM32X1     |    8 |
| xsMUXF8        |   16 |
| xsIOBI         |    4 |
| xsIOBO         |   10 |
| xsDFFSA_K1     |    2 |
| xsDFFSA_K1P1   |    3 |
| xsDFFSA_K1C1   |  141 |
| xsDFFSA_K1P1E1 |   48 |
| xsDFFSA_K1C1E1 |  460 |
| xsLUTSA2       |   57 |
| xsLUTSA4       |  100 |
| xsLUTSA6       |  197 |
| xsLUTSA5       |   67 |
| xsLUTSA3       |   97 |
| xsINVSA        |   38 |
+----------------+------+
| Sum            | 1570 |
+----------------+------+

Library work
+-----------+------+
| Cell 名称 | 数量 |
+-----------+------+
| fpga_cm33 |    1 |
+-----------+------+
| Sum       |    1 |
+-----------+------+

##########oOOOo###########oOOOo##############
#  HqFpga(TM) Release V2.14.4 (Winter 2023) Build 021824
#  [资源利用率报告]
#############################################
日期 : Tue Jul 23 16:51:18 2024
器件 : SA5Z-50-D0-7U324C

** 资源利用情况  ** 
+---------------+--------------+----------+---------------+
| 资源类型      | 资源使用数目 | 资源总数 | 资源占用率(%) |
+---------------+--------------+----------+---------------+
| 输入输出块    |           63 |      210 |          30 % |
| 查找表        |          526 |    33920 |           1 % |
| 触发器/锁存器 |          654 |    67840 |           1 % |
| PLL           |            1 |        6 |          16 % |
+---------------+--------------+----------+---------------+
