
######################oOOOo###########oOOOo##########################
#  HqFpga(TM) Release V2.14.4 (Winter 2023) Build 021824
#  [网表报告]
#####################################################################
日期 : Sat Jul 20 08:40:04 2024

Library U_SYN
+----------------+------+
| Cell 名称      | 数量 |
+----------------+------+
| xsIOBB         |   33 |
| xsCM33         |    1 |
| xsPLLSA        |    1 |
| xsXORCY        |   69 |
| xsMUXCY        |   82 |
| xsMUXF7        |   37 |
| xsLROM32X1     |    8 |
| xsMUXF8        |   16 |
| xsIOBI         |    4 |
| xsIOBO         |    6 |
| xsDFFSA_K1     |    2 |
| xsDFFSA_K1P1   |    3 |
| xsDFFSA_K1C1   |   94 |
| xsDFFSA_K1C1E1 |  410 |
| xsDFFSA_K1P1E1 |    8 |
| xsLUTSA2       |   52 |
| xsLUTSA4       |   44 |
| xsLUTSA3       |   86 |
| xsLUTSA6       |  170 |
| xsLUTSA5       |   46 |
| xsINVSA        |   37 |
+----------------+------+
| Sum            | 1209 |
+----------------+------+

Library work
+-----------+------+
| Cell 名称 | 数量 |
+-----------+------+
| fpga_cm33 |    1 |
+-----------+------+
| Sum       |    1 |
+-----------+------+

##########oOOOo###########oOOOo##############
#  HqFpga(TM) Release V2.14.4 (Winter 2023) Build 021824
#  [资源利用率报告]
#############################################
日期 : Sat Jul 20 08:40:04 2024
器件 : SA5Z-50-D0-7U324C

** 资源利用情况  ** 
+---------------+--------------+----------+---------------+
| 资源类型      | 资源使用数目 | 资源总数 | 资源占用率(%) |
+---------------+--------------+----------+---------------+
| 输入输出块    |           43 |      210 |          20 % |
| 查找表        |          406 |    33920 |           1 % |
| 触发器/锁存器 |          517 |    67840 |           1 % |
| PLL           |            1 |        6 |          16 % |
+---------------+--------------+----------+---------------+
