
######################oOOOo###########oOOOo##########################
#  HqFpga(TM) Release V2.14.4 (Winter 2023) Build 021824
#  [网表报告]
#####################################################################
日期 : Tue Jul 23 16:51:38 2024

Library U_ARCH
+-----------+------+
| Cell 名称 | 数量 |
+-----------+------+
| PIO       |   63 |
| IOLOGIC   |   24 |
| PLL_25K   |    1 |
| CM33      |    1 |
| SLICEL    |  308 |
| TIEOFF    |   68 |
+-----------+------+
| Sum       |  465 |
+-----------+------+

Library work
+-----------+------+
| Cell 名称 | 数量 |
+-----------+------+
| fpga_cm33 |    1 |
+-----------+------+
| Sum       |    1 |
+-----------+------+

** Routing resource usage summary **
===========================================
Wire Type      Number    Total       Ratio     
-------------------------------------------
X1V            1429      77266        1.8%
X2V            730       44152        1.7%
X6V            446       44152        1.0%
X1H            1302      88304        1.5%
X2H            1504      132456       1.1%
X6H            538       88304        0.6%
LH             92        11038        0.8%
LV             492       11038        4.5%
LB             579       11038        5.2%
===========================================
