
######################oOOOo###########oOOOo##########################
#  HqFpga(TM) Release V2.14.4 (Winter 2023) Build 021824
#  [网表报告]
#####################################################################
日期 : Fri Jul 19 00:16:25 2024

Library U_ARCH
+-----------+------+
| Cell 名称 | 数量 |
+-----------+------+
| PIO       |   41 |
| IOLOGIC   |    2 |
| PLL_25K   |    1 |
| CM33      |    1 |
| SLICEL    |   14 |
+-----------+------+
| Sum       |   59 |
+-----------+------+

Library work
+-----------+------+
| Cell 名称 | 数量 |
+-----------+------+
| fpga_cm33 |    1 |
+-----------+------+
| Sum       |    1 |
+-----------+------+

##########oOOOo###########oOOOo##############
#  HqFpga(TM) Release V2.14.4 (Winter 2023) Build 021824
#  [资源利用率报告]
#############################################
日期 : Fri Jul 19 00:16:25 2024
器件 : SA5Z-50-D0-7U324C

** 资源利用情况  ** 
+----------+--------------+----------+---------------+
| 资源类型 | 资源使用数目 | 资源总数 | 资源占用率(%) |
+----------+--------------+----------+---------------+
| PIO      |           41 |      210 |          19 % |
| SLICE    |           14 |     8480 |           1 % |
| IOLOGIC  |            2 |      210 |           1 % |
| PLL      |            1 |        6 |          16 % |
+----------+--------------+----------+---------------+
